2024-11-12 11:41:43,745 | INFO | Logging to: logs/strategy_execution_20241112_114143.log
2024-11-12 11:41:43,745 | INFO | Starting VWAP spike strategy execution...
2024-11-12 11:41:43,745 | INFO | 
==================================================
2024-11-12 11:41:43,745 | INFO | Starting Strategy with Stocks:
2024-11-12 11:41:43,745 | INFO | BMY    | Target Entry: $60.17
2024-11-12 11:41:43,745 | INFO | QUBT   | Target Entry: $1.45
2024-11-12 11:41:43,745 | INFO | MCRB   | Target Entry: $0.74
2024-11-12 11:41:43,745 | INFO | SMMT   | Target Entry: $21.82
2024-11-12 11:41:43,745 | INFO | TNYA   | Target Entry: $2.81
2024-11-12 11:41:43,745 | INFO | TDOC   | Target Entry: $9.85
2024-11-12 11:41:43,745 | INFO | NVAX   | Target Entry: $9.65
2024-11-12 11:41:43,745 | INFO | CIFR   | Target Entry: $7.53
2024-11-12 11:41:43,745 | INFO | APLD   | Target Entry: $8.00
2024-11-12 11:41:43,745 | INFO | GEO    | Target Entry: $27.07
2024-11-12 11:41:43,745 | INFO | CTV    | Target Entry: $1.95
2024-11-12 11:41:43,745 | INFO | AI     | Target Entry: $28.73
2024-11-12 11:41:43,745 | INFO | AQST   | Target Entry: $5.34
2024-11-12 11:41:43,746 | INFO | RDNT   | Target Entry: $90.04
2024-11-12 11:41:43,746 | INFO | SLS    | Target Entry: $1.27
2024-11-12 11:41:43,746 | INFO | XPEV   | Target Entry: $15.34
2024-11-12 11:41:43,746 | INFO | ==================================================

2024-11-12 11:41:43,746 | INFO | Starting pre-market tracking phase...
2024-11-12 11:41:43,746 | INFO | 
==================================================
2024-11-12 11:41:43,746 | INFO | Starting pre-market tracking...
2024-11-12 11:41:43,746 | INFO | Initial symbols: 16
2024-11-12 11:41:43,746 | INFO | Current time: 14:41:43 ET
2024-11-12 11:41:43,746 | INFO | Market opens at: 09:30:00 ET
2024-11-12 11:41:43,746 | INFO | ==================================================

2024-11-12 11:41:44,293 | INFO | 
==================================================
2024-11-12 11:41:44,293 | INFO | Starting main trading stream...
2024-11-12 11:41:44,293 | INFO | Tracking 16 symbols
2024-11-12 11:41:44,293 | INFO | Market open: 09:30:00 ET
2024-11-12 11:41:44,293 | INFO | Strategy end: 15:30:00 ET
2024-11-12 11:41:44,293 | INFO | ==================================================

2024-11-12 11:41:44,913 | INFO | 
==================================================
2024-11-12 11:41:44,913 | INFO | 14:41:44 ET | XPEV: $13.56 | NO SIGNAL - Price did not hit target entry of $15.34
2024-11-12 11:41:44,913 | INFO | ==================================================

2024-11-12 11:41:45,095 | INFO | 
==================================================
2024-11-12 11:41:45,095 | INFO | 14:41:44 ET | TDOC: $9.95 | 🔴 SHORT SIGNAL | Target: $9.85
2024-11-12 11:41:45,095 | INFO | Order Details: 109 shares @ $9.95 = $1084.55
2024-11-12 11:41:45,095 | INFO | ✅ JUST TESTING: Order successfully placed and confirmed
2024-11-12 11:41:45,096 | INFO | ==================================================

2024-11-12 11:41:45,202 | INFO | 
==================================================
2024-11-12 11:41:45,202 | INFO | 14:41:44 ET | CTV: $1.75 | NO SIGNAL - Price did not hit target entry of $1.95
2024-11-12 11:41:45,202 | INFO | ==================================================

2024-11-12 11:41:45,202 | INFO | 
==================================================
2024-11-12 11:41:45,202 | INFO | 14:41:44 ET | TNYA: $2.20 | NO SIGNAL - Price did not hit target entry of $2.81
2024-11-12 11:41:45,202 | INFO | ==================================================

2024-11-12 11:41:45,202 | INFO | 
==================================================
2024-11-12 11:41:45,202 | INFO | 14:41:44 ET | SMMT: $21.70 | NO SIGNAL - Price did not hit target entry of $21.82
2024-11-12 11:41:45,202 | INFO | ==================================================

2024-11-12 11:41:45,202 | INFO | 
==================================================
2024-11-12 11:41:45,203 | INFO | 14:41:44 ET | AI: $27.73 | NO SIGNAL - Price did not hit target entry of $28.73
2024-11-12 11:41:45,203 | INFO | ==================================================

2024-11-12 11:41:45,203 | INFO | 
==================================================
2024-11-12 11:41:45,203 | INFO | 14:41:44 ET | CIFR: $7.51 | NO SIGNAL - Price did not hit target entry of $7.53
2024-11-12 11:41:45,203 | INFO | ==================================================

2024-11-12 11:41:45,203 | INFO | 
==================================================
2024-11-12 11:41:45,203 | INFO | 14:41:44 ET | QUBT: $1.35 | NO SIGNAL - Price did not hit target entry of $1.45
2024-11-12 11:41:45,203 | INFO | ==================================================

2024-11-12 11:41:45,203 | INFO | 
==================================================
2024-11-12 11:41:45,203 | INFO | 14:41:44 ET | GEO: $25.01 | NO SIGNAL - Price did not hit target entry of $27.07
2024-11-12 11:41:45,203 | INFO | ==================================================

2024-11-12 11:41:45,203 | INFO | 
==================================================
2024-11-12 11:41:45,203 | INFO | 14:41:44 ET | APLD: $7.55 | NO SIGNAL - Price did not hit target entry of $8.00
2024-11-12 11:41:45,204 | INFO | ==================================================

2024-11-12 11:41:45,421 | INFO | 
==================================================
2024-11-12 11:41:45,421 | INFO | 14:41:44 ET | SLS: $1.33 | 🔴 SHORT SIGNAL | Target: $1.27
2024-11-12 11:41:45,421 | INFO | Order Details: 848 shares @ $1.33 = $1127.84
2024-11-12 11:41:45,421 | INFO | ✅ JUST TESTING: Order successfully placed and confirmed
2024-11-12 11:41:45,422 | INFO | ==================================================

2024-11-12 11:41:45,526 | INFO | 
==================================================
2024-11-12 11:41:45,527 | INFO | 14:41:44 ET | RDNT: $83.41 | NO SIGNAL - Price did not hit target entry of $90.04
2024-11-12 11:41:45,527 | INFO | ==================================================

2024-11-12 11:41:56,660 | INFO | 
==================================================
2024-11-12 11:41:56,662 | INFO | 14:41:56 ET | XPEV: $13.56 | NO SIGNAL - Price did not hit target entry of $15.34
2024-11-12 11:41:56,662 | INFO | ==================================================

2024-11-12 11:41:56,663 | INFO | 
==================================================
2024-11-12 11:41:56,663 | INFO | 14:41:56 ET | MCRB: $0.64 | NO SIGNAL - Price did not hit target entry of $0.74
2024-11-12 11:41:56,663 | INFO | ==================================================

2024-11-12 11:41:56,664 | INFO | 
==================================================
2024-11-12 11:41:56,664 | INFO | 14:41:56 ET | CTV: $1.75 | NO SIGNAL - Price did not hit target entry of $1.95
2024-11-12 11:41:56,664 | INFO | ==================================================

2024-11-12 11:41:56,664 | INFO | 
==================================================
2024-11-12 11:41:56,664 | INFO | 14:41:56 ET | TNYA: $2.20 | NO SIGNAL - Price did not hit target entry of $2.81
2024-11-12 11:41:56,664 | INFO | ==================================================

2024-11-12 11:41:56,664 | INFO | 
==================================================
2024-11-12 11:41:56,664 | INFO | 14:41:56 ET | SMMT: $21.70 | NO SIGNAL - Price did not hit target entry of $21.82
2024-11-12 11:41:56,664 | INFO | ==================================================

2024-11-12 11:41:56,665 | INFO | 
==================================================
2024-11-12 11:41:56,665 | INFO | 14:41:56 ET | AI: $27.72 | NO SIGNAL - Price did not hit target entry of $28.73
2024-11-12 11:41:56,665 | INFO | ==================================================

2024-11-12 11:41:56,665 | INFO | 
==================================================
2024-11-12 11:41:56,665 | INFO | 14:41:56 ET | CIFR: $7.51 | NO SIGNAL - Price did not hit target entry of $7.53
2024-11-12 11:41:56,665 | INFO | ==================================================

2024-11-12 11:41:56,665 | INFO | 
==================================================
2024-11-12 11:41:56,665 | INFO | 14:41:56 ET | AQST: $4.97 | NO SIGNAL - Price did not hit target entry of $5.34
2024-11-12 11:41:56,665 | INFO | ==================================================

2024-11-12 11:41:56,665 | INFO | 
==================================================
2024-11-12 11:41:56,665 | INFO | 14:41:56 ET | BMY: $59.45 | NO SIGNAL - Price did not hit target entry of $60.17
2024-11-12 11:41:56,665 | INFO | ==================================================

2024-11-12 11:41:56,666 | INFO | 
==================================================
2024-11-12 11:41:56,666 | INFO | 14:41:56 ET | GEO: $25.01 | NO SIGNAL - Price did not hit target entry of $27.07
2024-11-12 11:41:56,666 | INFO | ==================================================

2024-11-12 11:41:56,666 | INFO | 
==================================================
2024-11-12 11:41:56,666 | INFO | 14:41:56 ET | QUBT: $1.35 | NO SIGNAL - Price did not hit target entry of $1.45
2024-11-12 11:41:56,666 | INFO | ==================================================

2024-11-12 11:41:56,666 | INFO | 
==================================================
2024-11-12 11:41:56,666 | INFO | 14:41:56 ET | APLD: $7.55 | NO SIGNAL - Price did not hit target entry of $8.00
2024-11-12 11:41:56,666 | INFO | ==================================================

2024-11-12 11:41:56,666 | INFO | 
==================================================
2024-11-12 11:41:56,666 | INFO | 14:41:56 ET | NVAX: $8.52 | NO SIGNAL - Price did not hit target entry of $9.65
2024-11-12 11:41:56,666 | INFO | ==================================================

2024-11-12 11:41:56,667 | INFO | 
==================================================
2024-11-12 11:41:56,667 | INFO | 14:41:56 ET | RDNT: $83.42 | NO SIGNAL - Price did not hit target entry of $90.04
2024-11-12 11:41:56,667 | INFO | ==================================================

2024-11-12 11:42:03,522 | INFO | 
==================================================
2024-11-12 11:42:03,524 | INFO | 14:42:03 ET | SMMT: $21.69 | NO SIGNAL - Price did not hit target entry of $21.82
2024-11-12 11:42:03,524 | INFO | ==================================================

2024-11-12 11:42:04,669 | INFO | 
==================================================
2024-11-12 11:42:04,669 | INFO | 14:42:04 ET | CIFR: $7.50 | NO SIGNAL - Price did not hit target entry of $7.53
2024-11-12 11:42:04,669 | INFO | ==================================================

2024-11-12 11:42:09,166 | INFO | 
==================================================
2024-11-12 11:42:09,168 | INFO | 14:42:09 ET | SMMT: $21.71 | NO SIGNAL - Price did not hit target entry of $21.82
2024-11-12 11:42:09,168 | INFO | ==================================================

2024-11-12 11:42:10,101 | INFO | 
==================================================
2024-11-12 11:42:10,101 | INFO | 14:42:10 ET | SMMT: $21.68 | NO SIGNAL - Price did not hit target entry of $21.82
2024-11-12 11:42:10,101 | INFO | ==================================================

2024-11-12 11:42:13,530 | INFO | 
==================================================
2024-11-12 11:42:13,530 | INFO | 14:42:13 ET | BMY: $59.46 | NO SIGNAL - Price did not hit target entry of $60.17
2024-11-12 11:42:13,530 | INFO | ==================================================

2024-11-12 11:42:14,679 | INFO | 
==================================================
2024-11-12 11:42:14,679 | INFO | 14:42:14 ET | BMY: $59.48 | NO SIGNAL - Price did not hit target entry of $60.17
2024-11-12 11:42:14,679 | INFO | ==================================================

2024-11-12 11:42:15,617 | INFO | 
==================================================
2024-11-12 11:42:15,618 | INFO | 14:42:15 ET | RDNT: $83.46 | NO SIGNAL - Price did not hit target entry of $90.04
2024-11-12 11:42:15,618 | INFO | ==================================================

2024-11-12 11:42:16,765 | INFO | 
==================================================
2024-11-12 11:42:16,765 | INFO | 14:42:16 ET | BMY: $59.46 | NO SIGNAL - Price did not hit target entry of $60.17
2024-11-12 11:42:16,765 | INFO | ==================================================

2024-11-12 11:42:20,279 | INFO | 
==================================================
2024-11-12 11:42:20,280 | INFO | 14:42:20 ET | AI: $27.73 | NO SIGNAL - Price did not hit target entry of $28.73
2024-11-12 11:42:20,281 | INFO | ==================================================

2024-11-12 11:42:21,318 | INFO | 
==================================================
2024-11-12 11:42:21,318 | INFO | 14:42:21 ET | CIFR: $7.51 | NO SIGNAL - Price did not hit target entry of $7.53
2024-11-12 11:42:21,318 | INFO | ==================================================

2024-11-12 11:42:22,256 | INFO | 
==================================================
2024-11-12 11:42:22,257 | INFO | 14:42:22 ET | AI: $27.74 | NO SIGNAL - Price did not hit target entry of $28.73
2024-11-12 11:42:22,257 | INFO | ==================================================

2024-11-12 11:42:27,026 | INFO | 
==================================================
2024-11-12 11:42:27,027 | INFO | 14:42:27 ET | CIFR: $7.50 | NO SIGNAL - Price did not hit target entry of $7.53
2024-11-12 11:42:27,028 | INFO | ==================================================

2024-11-12 11:42:30,665 | INFO | 
==================================================
2024-11-12 11:42:30,665 | INFO | 14:42:30 ET | NVAX: $8.51 | NO SIGNAL - Price did not hit target entry of $9.65
2024-11-12 11:42:30,665 | INFO | ==================================================

2024-11-12 11:42:37,382 | INFO | 
==================================================
2024-11-12 11:42:37,383 | INFO | 14:42:37 ET | RDNT: $83.47 | NO SIGNAL - Price did not hit target entry of $90.04
2024-11-12 11:42:37,384 | INFO | ==================================================

2024-11-12 11:42:39,761 | INFO | 
==================================================
2024-11-12 11:42:39,761 | INFO | 14:42:39 ET | SMMT: $21.69 | NO SIGNAL - Price did not hit target entry of $21.82
2024-11-12 11:42:39,762 | INFO | ==================================================

2024-11-12 11:42:40,799 | INFO | 
==================================================
2024-11-12 11:42:40,799 | INFO | 14:42:40 ET | SMMT: $21.68 | NO SIGNAL - Price did not hit target entry of $21.82
2024-11-12 11:42:40,799 | INFO | ==================================================

2024-11-12 11:42:41,829 | INFO | 
==================================================
2024-11-12 11:42:41,829 | INFO | 14:42:41 ET | NVAX: $8.50 | NO SIGNAL - Price did not hit target entry of $9.65
2024-11-12 11:42:41,829 | INFO | ==================================================

2024-11-12 11:42:42,854 | INFO | 
==================================================
2024-11-12 11:42:42,854 | INFO | 14:42:42 ET | GEO: $25.02 | NO SIGNAL - Price did not hit target entry of $27.07
2024-11-12 11:42:42,855 | INFO | ==================================================

2024-11-12 11:42:43,896 | INFO | 
==================================================
2024-11-12 11:42:43,896 | INFO | Position Update - 14:42:43 ET
2024-11-12 11:42:43,896 | INFO | Active Positions: {'TDOC': 9.95, 'SLS': 1.33}
2024-11-12 11:42:43,896 | INFO | Closed Positions: set()
2024-11-12 11:42:43,896 | INFO | ==================================================

2024-11-12 11:42:43,897 | INFO | 
==================================================
2024-11-12 11:42:43,897 | INFO | 14:42:43 ET | SMMT: $21.69 | NO SIGNAL - Price did not hit target entry of $21.82
2024-11-12 11:42:43,897 | INFO | ==================================================

2024-11-12 11:42:43,897 | INFO | 
==================================================
2024-11-12 11:42:43,897 | INFO | 14:42:43 ET | GEO: $25.03 | NO SIGNAL - Price did not hit target entry of $27.07
2024-11-12 11:42:43,897 | INFO | ==================================================

2024-11-12 11:42:44,834 | INFO | 
==================================================
2024-11-12 11:42:44,834 | INFO | 14:42:44 ET | TNYA: $2.19 | NO SIGNAL - Price did not hit target entry of $2.81
2024-11-12 11:42:44,834 | INFO | ==================================================

2024-11-12 11:42:44,834 | INFO | 
==================================================
2024-11-12 11:42:44,834 | INFO | 14:42:44 ET | SMMT: $21.68 | NO SIGNAL - Price did not hit target entry of $21.82
2024-11-12 11:42:44,834 | INFO | ==================================================

2024-11-12 11:42:45,875 | INFO | 
==================================================
2024-11-12 11:42:45,875 | INFO | 14:42:45 ET | SMMT: $21.69 | NO SIGNAL - Price did not hit target entry of $21.82
2024-11-12 11:42:45,875 | INFO | ==================================================

2024-11-12 11:42:45,875 | INFO | 
==================================================
2024-11-12 11:42:45,875 | INFO | 14:42:45 ET | RDNT: $83.48 | NO SIGNAL - Price did not hit target entry of $90.04
2024-11-12 11:42:45,875 | INFO | ==================================================

2024-11-12 11:42:46,913 | INFO | 
==================================================
2024-11-12 11:42:46,914 | INFO | 14:42:46 ET | XPEV: $13.58 | NO SIGNAL - Price did not hit target entry of $15.34
2024-11-12 11:42:46,914 | INFO | ==================================================

2024-11-12 11:42:46,914 | INFO | 
==================================================
2024-11-12 11:42:46,914 | INFO | 14:42:46 ET | RDNT: $83.49 | NO SIGNAL - Price did not hit target entry of $90.04
2024-11-12 11:42:46,914 | INFO | ==================================================

2024-11-12 11:42:47,951 | INFO | 
==================================================
2024-11-12 11:42:47,952 | INFO | 14:42:47 ET | RDNT: $83.50 | NO SIGNAL - Price did not hit target entry of $90.04
2024-11-12 11:42:47,952 | INFO | ==================================================

2024-11-12 11:42:48,893 | INFO | 
==================================================
2024-11-12 11:42:48,893 | INFO | 14:42:48 ET | XPEV: $13.59 | NO SIGNAL - Price did not hit target entry of $15.34
2024-11-12 11:42:48,893 | INFO | ==================================================

2024-11-12 11:42:48,894 | INFO | 
==================================================
2024-11-12 11:42:48,894 | INFO | 14:42:48 ET | SMMT: $21.70 | NO SIGNAL - Price did not hit target entry of $21.82
2024-11-12 11:42:48,894 | INFO | ==================================================

2024-11-12 11:42:49,936 | INFO | 
==================================================
2024-11-12 11:42:49,936 | INFO | 14:42:49 ET | GEO: $25.02 | NO SIGNAL - Price did not hit target entry of $27.07
2024-11-12 11:42:49,936 | INFO | ==================================================

2024-11-12 11:42:49,937 | INFO | 
==================================================
2024-11-12 11:42:49,937 | INFO | 14:42:49 ET | RDNT: $83.51 | NO SIGNAL - Price did not hit target entry of $90.04
2024-11-12 11:42:49,937 | INFO | ==================================================

2024-11-12 11:42:50,973 | INFO | 
==================================================
2024-11-12 11:42:50,974 | INFO | 14:42:50 ET | SMMT: $21.69 | NO SIGNAL - Price did not hit target entry of $21.82
2024-11-12 11:42:50,974 | INFO | ==================================================

2024-11-12 11:42:50,975 | INFO | 
==================================================
2024-11-12 11:42:50,975 | INFO | 14:42:50 ET | GEO: $25.03 | NO SIGNAL - Price did not hit target entry of $27.07
2024-11-12 11:42:50,975 | INFO | ==================================================

2024-11-12 11:42:51,919 | INFO | 
==================================================
2024-11-12 11:42:51,919 | INFO | 14:42:51 ET | GEO: $25.02 | NO SIGNAL - Price did not hit target entry of $27.07
2024-11-12 11:42:51,919 | INFO | ==================================================

2024-11-12 11:42:52,951 | INFO | 
==================================================
2024-11-12 11:42:52,951 | INFO | 14:42:52 ET | SMMT: $21.70 | NO SIGNAL - Price did not hit target entry of $21.82
2024-11-12 11:42:52,951 | INFO | ==================================================

2024-11-12 11:42:52,952 | INFO | 
==================================================
2024-11-12 11:42:52,952 | INFO | 14:42:52 ET | RDNT: $83.52 | NO SIGNAL - Price did not hit target entry of $90.04
2024-11-12 11:42:52,952 | INFO | ==================================================

2024-11-12 11:42:54,093 | INFO | 
==================================================
2024-11-12 11:42:54,094 | INFO | 14:42:54 ET | XPEV: $13.60 | NO SIGNAL - Price did not hit target entry of $15.34
2024-11-12 11:42:54,094 | INFO | ==================================================

2024-11-12 11:42:54,095 | INFO | 
==================================================
2024-11-12 11:42:54,095 | INFO | 14:42:54 ET | SMMT: $21.69 | NO SIGNAL - Price did not hit target entry of $21.82
2024-11-12 11:42:54,095 | INFO | ==================================================

2024-11-12 11:42:54,096 | INFO | 
==================================================
2024-11-12 11:42:54,096 | INFO | 14:42:54 ET | GEO: $25.03 | NO SIGNAL - Price did not hit target entry of $27.07
2024-11-12 11:42:54,096 | INFO | ==================================================

2024-11-12 11:42:55,036 | INFO | 
==================================================
2024-11-12 11:42:55,036 | INFO | 14:42:55 ET | XPEV: $13.61 | NO SIGNAL - Price did not hit target entry of $15.34
2024-11-12 11:42:55,036 | INFO | ==================================================

2024-11-12 11:42:55,037 | INFO | 
==================================================
2024-11-12 11:42:55,037 | INFO | 14:42:55 ET | GEO: $25.02 | NO SIGNAL - Price did not hit target entry of $27.07
2024-11-12 11:42:55,037 | INFO | ==================================================

2024-11-12 11:42:55,038 | INFO | 
==================================================
2024-11-12 11:42:55,038 | INFO | 14:42:55 ET | RDNT: $83.53 | NO SIGNAL - Price did not hit target entry of $90.04
2024-11-12 11:42:55,039 | INFO | ==================================================

2024-11-12 11:42:56,071 | INFO | 
==================================================
2024-11-12 11:42:56,071 | INFO | 14:42:56 ET | BMY: $59.45 | NO SIGNAL - Price did not hit target entry of $60.17
2024-11-12 11:42:56,071 | INFO | ==================================================

2024-11-12 11:42:57,008 | INFO | 
==================================================
2024-11-12 11:42:57,008 | INFO | 14:42:57 ET | MCRB: $0.64 | NO SIGNAL - Price did not hit target entry of $0.74
2024-11-12 11:42:57,008 | INFO | ==================================================

2024-11-12 11:42:59,528 | INFO | 
==================================================
2024-11-12 11:42:59,529 | INFO | 14:42:59 ET | GEO: $25.01 | NO SIGNAL - Price did not hit target entry of $27.07
2024-11-12 11:42:59,529 | INFO | ==================================================

2024-11-12 11:43:01,185 | INFO | 
==================================================
2024-11-12 11:43:01,185 | INFO | 14:43:01 ET | MCRB: $0.64 | NO SIGNAL - Price did not hit target entry of $0.74
2024-11-12 11:43:01,185 | INFO | ==================================================

2024-11-12 11:43:03,889 | INFO | 
==================================================
2024-11-12 11:43:03,890 | INFO | 14:43:03 ET | RDNT: $83.54 | NO SIGNAL - Price did not hit target entry of $90.04
2024-11-12 11:43:03,890 | INFO | ==================================================

2024-11-12 11:43:04,922 | INFO | 
==================================================
2024-11-12 11:43:04,923 | INFO | 14:43:04 ET | SMMT: $21.70 | NO SIGNAL - Price did not hit target entry of $21.82
2024-11-12 11:43:04,923 | INFO | ==================================================

2024-11-12 11:43:05,864 | INFO | 
==================================================
2024-11-12 11:43:05,865 | INFO | 14:43:05 ET | XPEV: $13.62 | NO SIGNAL - Price did not hit target entry of $15.34
2024-11-12 11:43:05,865 | INFO | ==================================================

2024-11-12 11:43:05,866 | INFO | 
==================================================
2024-11-12 11:43:05,866 | INFO | 14:43:05 ET | AI: $27.75 | NO SIGNAL - Price did not hit target entry of $28.73
2024-11-12 11:43:05,866 | INFO | ==================================================

2024-11-12 11:43:05,866 | INFO | 
==================================================
2024-11-12 11:43:05,866 | INFO | 14:43:05 ET | GEO: $25.02 | NO SIGNAL - Price did not hit target entry of $27.07
2024-11-12 11:43:05,867 | INFO | ==================================================

2024-11-12 11:43:08,058 | INFO | 
==================================================
2024-11-12 11:43:08,058 | INFO | 14:43:08 ET | AI: $27.76 | NO SIGNAL - Price did not hit target entry of $28.73
2024-11-12 11:43:08,058 | INFO | ==================================================

2024-11-12 11:43:09,113 | INFO | 
==================================================
2024-11-12 11:43:09,118 | INFO | 14:43:09 ET | GEO: $25.01 | NO SIGNAL - Price did not hit target entry of $27.07
2024-11-12 11:43:09,118 | INFO | ==================================================

2024-11-12 11:43:09,120 | INFO | 
==================================================
2024-11-12 11:43:09,120 | INFO | 14:43:09 ET | RDNT: $83.75 | NO SIGNAL - Price did not hit target entry of $90.04
2024-11-12 11:43:09,120 | INFO | ==================================================

2024-11-12 11:43:17,098 | INFO | 
==================================================
2024-11-12 11:43:17,099 | INFO | 14:43:17 ET | GEO: $25.02 | NO SIGNAL - Price did not hit target entry of $27.07
2024-11-12 11:43:17,099 | INFO | ==================================================

2024-11-12 11:43:18,862 | INFO | 
==================================================
2024-11-12 11:43:18,862 | INFO | 14:43:18 ET | AI: $27.77 | NO SIGNAL - Price did not hit target entry of $28.73
2024-11-12 11:43:18,862 | INFO | ==================================================

2024-11-12 11:43:19,796 | INFO | 
==================================================
2024-11-12 11:43:19,796 | INFO | 14:43:19 ET | AI: $27.76 | NO SIGNAL - Price did not hit target entry of $28.73
2024-11-12 11:43:19,796 | INFO | ==================================================

2024-11-12 11:43:19,797 | INFO | 
==================================================
2024-11-12 11:43:19,797 | INFO | 14:43:19 ET | RDNT: $83.76 | NO SIGNAL - Price did not hit target entry of $90.04
2024-11-12 11:43:19,797 | INFO | ==================================================

2024-11-12 11:43:23,331 | INFO | 
==================================================
2024-11-12 11:43:23,331 | INFO | 14:43:23 ET | AI: $27.77 | NO SIGNAL - Price did not hit target entry of $28.73
2024-11-12 11:43:23,331 | INFO | ==================================================

2024-11-12 11:43:24,370 | INFO | 
==================================================
2024-11-12 11:43:24,371 | INFO | 14:43:24 ET | MCRB: $0.64 | NO SIGNAL - Price did not hit target entry of $0.74
2024-11-12 11:43:24,371 | INFO | ==================================================

2024-11-12 11:43:25,308 | INFO | 
==================================================
2024-11-12 11:43:25,309 | INFO | 14:43:25 ET | AI: $27.76 | NO SIGNAL - Price did not hit target entry of $28.73
2024-11-12 11:43:25,309 | INFO | ==================================================

2024-11-12 11:43:26,348 | INFO | 
==================================================
2024-11-12 11:43:26,349 | INFO | 14:43:26 ET | XPEV: $13.63 | NO SIGNAL - Price did not hit target entry of $15.34
2024-11-12 11:43:26,349 | INFO | ==================================================

2024-11-12 11:43:26,349 | INFO | 
==================================================
2024-11-12 11:43:26,349 | INFO | 14:43:26 ET | BMY: $59.46 | NO SIGNAL - Price did not hit target entry of $60.17
2024-11-12 11:43:26,350 | INFO | ==================================================

2024-11-12 11:43:27,394 | INFO | 
==================================================
2024-11-12 11:43:27,394 | INFO | 14:43:27 ET | BMY: $59.45 | NO SIGNAL - Price did not hit target entry of $60.17
2024-11-12 11:43:27,394 | INFO | ==================================================

2024-11-12 11:43:28,332 | INFO | 
==================================================
2024-11-12 11:43:28,332 | INFO | 14:43:28 ET | XPEV: $13.64 | NO SIGNAL - Price did not hit target entry of $15.34
2024-11-12 11:43:28,333 | INFO | ==================================================

2024-11-12 11:43:32,580 | INFO | 
==================================================
2024-11-12 11:43:32,581 | INFO | 14:43:32 ET | XPEV: $13.66 | NO SIGNAL - Price did not hit target entry of $15.34
2024-11-12 11:43:32,581 | INFO | ==================================================

2024-11-12 11:43:33,616 | INFO | 
==================================================
2024-11-12 11:43:33,616 | INFO | 14:43:33 ET | XPEV: $13.64 | NO SIGNAL - Price did not hit target entry of $15.34
2024-11-12 11:43:33,616 | INFO | ==================================================

2024-11-12 11:43:34,554 | INFO | 
==================================================
2024-11-12 11:43:34,554 | INFO | 14:43:34 ET | XPEV: $13.63 | NO SIGNAL - Price did not hit target entry of $15.34
2024-11-12 11:43:34,554 | INFO | ==================================================

2024-11-12 11:43:34,555 | INFO | 
==================================================
2024-11-12 11:43:34,555 | INFO | 14:43:34 ET | GEO: $25.03 | NO SIGNAL - Price did not hit target entry of $27.07
2024-11-12 11:43:34,555 | INFO | ==================================================

2024-11-12 11:43:38,063 | INFO | 
==================================================
2024-11-12 11:43:38,063 | INFO | 14:43:38 ET | AI: $27.78 | NO SIGNAL - Price did not hit target entry of $28.73
2024-11-12 11:43:38,063 | INFO | ==================================================

2024-11-12 11:43:39,311 | INFO | 
==================================================
2024-11-12 11:43:39,312 | INFO | 14:43:39 ET | XPEV: $13.64 | NO SIGNAL - Price did not hit target entry of $15.34
2024-11-12 11:43:39,312 | INFO | ==================================================

2024-11-12 11:43:45,562 | INFO | 
==================================================
2024-11-12 11:43:45,562 | INFO | Position Update - 14:43:45 ET
2024-11-12 11:43:45,562 | INFO | Active Positions: {'TDOC': 9.95, 'SLS': 1.33}
2024-11-12 11:43:45,562 | INFO | Closed Positions: set()
2024-11-12 11:43:45,562 | INFO | ==================================================

2024-11-12 11:43:45,563 | INFO | 
==================================================
2024-11-12 11:43:45,563 | INFO | 14:43:45 ET | AI: $27.76 | NO SIGNAL - Price did not hit target entry of $28.73
2024-11-12 11:43:45,563 | INFO | ==================================================

2024-11-12 11:43:48,556 | INFO | 
==================================================
2024-11-12 11:43:48,556 | INFO | 14:43:48 ET | APLD: $7.56 | NO SIGNAL - Price did not hit target entry of $8.00
2024-11-12 11:43:48,556 | INFO | ==================================================

2024-11-12 11:43:52,091 | INFO | 
==================================================
2024-11-12 11:43:52,092 | INFO | 14:43:52 ET | AI: $27.77 | NO SIGNAL - Price did not hit target entry of $28.73
2024-11-12 11:43:52,092 | INFO | ==================================================

2024-11-12 11:43:53,136 | INFO | 
==================================================
2024-11-12 11:43:53,136 | INFO | 14:43:53 ET | AI: $27.76 | NO SIGNAL - Price did not hit target entry of $28.73
2024-11-12 11:43:53,136 | INFO | ==================================================

2024-11-12 11:43:53,137 | INFO | 
==================================================
2024-11-12 11:43:53,137 | INFO | 14:43:53 ET | GEO: $25.04 | NO SIGNAL - Price did not hit target entry of $27.07
2024-11-12 11:43:53,137 | INFO | ==================================================

2024-11-12 11:43:54,174 | INFO | 
==================================================
2024-11-12 11:43:54,174 | INFO | 14:43:54 ET | GEO: $25.05 | NO SIGNAL - Price did not hit target entry of $27.07
2024-11-12 11:43:54,174 | INFO | ==================================================

2024-11-12 11:43:55,212 | INFO | 
==================================================
2024-11-12 11:43:55,213 | INFO | 14:43:55 ET | AI: $27.77 | NO SIGNAL - Price did not hit target entry of $28.73
2024-11-12 11:43:55,213 | INFO | ==================================================

2024-11-12 11:43:56,147 | INFO | 
==================================================
2024-11-12 11:43:56,147 | INFO | 14:43:56 ET | BMY: $59.44 | NO SIGNAL - Price did not hit target entry of $60.17
2024-11-12 11:43:56,147 | INFO | ==================================================

2024-11-12 11:43:56,148 | INFO | 
==================================================
2024-11-12 11:43:56,148 | INFO | 14:43:56 ET | GEO: $25.04 | NO SIGNAL - Price did not hit target entry of $27.07
2024-11-12 11:43:56,148 | INFO | ==================================================

2024-11-12 11:43:57,282 | INFO | 
==================================================
2024-11-12 11:43:57,283 | INFO | 14:43:57 ET | GEO: $25.05 | NO SIGNAL - Price did not hit target entry of $27.07
2024-11-12 11:43:57,283 | INFO | ==================================================

2024-11-12 11:43:58,215 | INFO | 
==================================================
2024-11-12 11:43:58,215 | INFO | 14:43:58 ET | AI: $27.76 | NO SIGNAL - Price did not hit target entry of $28.73
2024-11-12 11:43:58,215 | INFO | ==================================================

2024-11-12 11:44:01,633 | INFO | 
==================================================
2024-11-12 11:44:01,633 | INFO | 14:44:01 ET | BMY: $59.43 | NO SIGNAL - Price did not hit target entry of $60.17
2024-11-12 11:44:01,633 | INFO | ==================================================

2024-11-12 11:44:04,107 | INFO | 
==================================================
2024-11-12 11:44:04,107 | INFO | 14:44:04 ET | BMY: $59.44 | NO SIGNAL - Price did not hit target entry of $60.17
2024-11-12 11:44:04,107 | INFO | ==================================================

2024-11-12 11:44:05,040 | INFO | 
==================================================
2024-11-12 11:44:05,040 | INFO | 14:44:05 ET | GEO: $25.06 | NO SIGNAL - Price did not hit target entry of $27.07
2024-11-12 11:44:05,040 | INFO | ==================================================

2024-11-12 11:44:05,041 | INFO | 
==================================================
2024-11-12 11:44:05,041 | INFO | 14:44:05 ET | APLD: $7.55 | NO SIGNAL - Price did not hit target entry of $8.00
2024-11-12 11:44:05,041 | INFO | ==================================================

2024-11-12 11:44:06,601 | INFO | 
==================================================
2024-11-12 11:44:06,602 | INFO | 14:44:06 ET | APLD: $7.54 | NO SIGNAL - Price did not hit target entry of $8.00
2024-11-12 11:44:06,602 | INFO | ==================================================

2024-11-12 11:44:07,647 | INFO | 
==================================================
2024-11-12 11:44:07,647 | INFO | 14:44:07 ET | CIFR: $7.49 | NO SIGNAL - Price did not hit target entry of $7.53
2024-11-12 11:44:07,647 | INFO | ==================================================

2024-11-12 11:44:08,646 | INFO | 
==================================================
2024-11-12 11:44:08,646 | INFO | 14:44:08 ET | AI: $27.74 | NO SIGNAL - Price did not hit target entry of $28.73
2024-11-12 11:44:08,647 | INFO | ==================================================

2024-11-12 11:44:09,697 | INFO | 
==================================================
2024-11-12 11:44:09,697 | INFO | 14:44:09 ET | MCRB: $0.64 | NO SIGNAL - Price did not hit target entry of $0.74
2024-11-12 11:44:09,697 | INFO | ==================================================

2024-11-12 11:44:09,698 | INFO | 
==================================================
2024-11-12 11:44:09,698 | INFO | 14:44:09 ET | RDNT: $83.79 | NO SIGNAL - Price did not hit target entry of $90.04
2024-11-12 11:44:09,699 | INFO | ==================================================

2024-11-12 11:44:10,633 | INFO | 
==================================================
2024-11-12 11:44:10,633 | INFO | 14:44:10 ET | RDNT: $83.80 | NO SIGNAL - Price did not hit target entry of $90.04
2024-11-12 11:44:10,633 | INFO | ==================================================

2024-11-12 11:44:11,672 | INFO | 
==================================================
2024-11-12 11:44:11,672 | INFO | 14:44:11 ET | BMY: $59.43 | NO SIGNAL - Price did not hit target entry of $60.17
2024-11-12 11:44:11,672 | INFO | ==================================================

2024-11-12 11:44:17,174 | INFO | 
==================================================
2024-11-12 11:44:17,174 | INFO | 14:44:17 ET | MCRB: $0.64 | NO SIGNAL - Price did not hit target entry of $0.74
2024-11-12 11:44:17,174 | INFO | ==================================================

2024-11-12 11:44:19,039 | INFO | 
==================================================
2024-11-12 11:44:19,039 | INFO | 14:44:19 ET | GEO: $25.05 | NO SIGNAL - Price did not hit target entry of $27.07
2024-11-12 11:44:19,040 | INFO | ==================================================

2024-11-12 11:44:20,075 | INFO | 
==================================================
2024-11-12 11:44:20,076 | INFO | 14:44:20 ET | SMMT: $21.68 | NO SIGNAL - Price did not hit target entry of $21.82
2024-11-12 11:44:20,076 | INFO | ==================================================

2024-11-12 11:44:21,010 | INFO | 
==================================================
2024-11-12 11:44:21,010 | INFO | 14:44:21 ET | AI: $27.75 | NO SIGNAL - Price did not hit target entry of $28.73
2024-11-12 11:44:21,010 | INFO | ==================================================

2024-11-12 11:44:21,011 | INFO | 
==================================================
2024-11-12 11:44:21,011 | INFO | 14:44:21 ET | RDNT: $83.81 | NO SIGNAL - Price did not hit target entry of $90.04
2024-11-12 11:44:21,011 | INFO | ==================================================

2024-11-12 11:44:22,354 | INFO | 
==================================================
2024-11-12 11:44:22,354 | INFO | 14:44:22 ET | AI: $27.76 | NO SIGNAL - Price did not hit target entry of $28.73
2024-11-12 11:44:22,354 | INFO | ==================================================

2024-11-12 11:44:23,398 | INFO | 
==================================================
2024-11-12 11:44:23,398 | INFO | 14:44:23 ET | SMMT: $21.67 | NO SIGNAL - Price did not hit target entry of $21.82
2024-11-12 11:44:23,398 | INFO | ==================================================

2024-11-12 11:44:23,398 | INFO | 
==================================================
2024-11-12 11:44:23,398 | INFO | 14:44:23 ET | BMY: $59.42 | NO SIGNAL - Price did not hit target entry of $60.17
2024-11-12 11:44:23,398 | INFO | ==================================================

2024-11-12 11:44:24,336 | INFO | 
==================================================
2024-11-12 11:44:24,337 | INFO | 14:44:24 ET | BMY: $59.41 | NO SIGNAL - Price did not hit target entry of $60.17
2024-11-12 11:44:24,337 | INFO | ==================================================

2024-11-12 11:44:25,381 | INFO | 
==================================================
2024-11-12 11:44:25,382 | INFO | 14:44:25 ET | BMY: $59.40 | NO SIGNAL - Price did not hit target entry of $60.17
2024-11-12 11:44:25,382 | INFO | ==================================================

2024-11-12 11:44:25,383 | INFO | 
==================================================
2024-11-12 11:44:25,383 | INFO | 14:44:25 ET | RDNT: $83.82 | NO SIGNAL - Price did not hit target entry of $90.04
2024-11-12 11:44:25,383 | INFO | ==================================================

2024-11-12 11:44:27,867 | INFO | 
==================================================
2024-11-12 11:44:27,868 | INFO | 14:44:27 ET | SMMT: $21.68 | NO SIGNAL - Price did not hit target entry of $21.82
2024-11-12 11:44:27,868 | INFO | ==================================================

2024-11-12 11:44:28,912 | INFO | 
==================================================
2024-11-12 11:44:28,913 | INFO | 14:44:28 ET | XPEV: $13.60 | NO SIGNAL - Price did not hit target entry of $15.34
2024-11-12 11:44:28,913 | INFO | ==================================================

2024-11-12 11:44:29,851 | INFO | 
==================================================
2024-11-12 11:44:29,851 | INFO | 14:44:29 ET | XPEV: $13.61 | NO SIGNAL - Price did not hit target entry of $15.34
2024-11-12 11:44:29,851 | INFO | ==================================================

2024-11-12 11:44:30,896 | INFO | 
==================================================
2024-11-12 11:44:30,896 | INFO | 14:44:30 ET | SMMT: $21.67 | NO SIGNAL - Price did not hit target entry of $21.82
2024-11-12 11:44:30,896 | INFO | ==================================================

2024-11-12 11:44:31,936 | INFO | 
==================================================
2024-11-12 11:44:31,936 | INFO | 14:44:31 ET | TNYA: $2.18 | NO SIGNAL - Price did not hit target entry of $2.81
2024-11-12 11:44:31,936 | INFO | ==================================================

2024-11-12 11:44:32,867 | INFO | 
==================================================
2024-11-12 11:44:32,867 | INFO | 14:44:32 ET | BMY: $59.41 | NO SIGNAL - Price did not hit target entry of $60.17
2024-11-12 11:44:32,868 | INFO | ==================================================

2024-11-12 11:44:33,906 | INFO | 
==================================================
2024-11-12 11:44:33,906 | INFO | 14:44:33 ET | CIFR: $7.48 | NO SIGNAL - Price did not hit target entry of $7.53
2024-11-12 11:44:33,906 | INFO | ==================================================

2024-11-12 11:44:34,942 | INFO | 
==================================================
2024-11-12 11:44:34,943 | INFO | 14:44:34 ET | BMY: $59.43 | NO SIGNAL - Price did not hit target entry of $60.17
2024-11-12 11:44:34,943 | INFO | ==================================================

2024-11-12 11:44:38,364 | INFO | 
==================================================
2024-11-12 11:44:38,364 | INFO | 14:44:38 ET | SMMT: $21.68 | NO SIGNAL - Price did not hit target entry of $21.82
2024-11-12 11:44:38,364 | INFO | ==================================================

2024-11-12 11:44:42,094 | INFO | 
==================================================
2024-11-12 11:44:42,094 | INFO | 14:44:42 ET | SMMT: $21.67 | NO SIGNAL - Price did not hit target entry of $21.82
2024-11-12 11:44:42,094 | INFO | ==================================================

2024-11-12 11:44:49,052 | INFO | 
==================================================
2024-11-12 11:44:49,052 | INFO | Position Update - 14:44:49 ET
2024-11-12 11:44:49,052 | INFO | Active Positions: {'TDOC': 9.95, 'SLS': 1.33}
2024-11-12 11:44:49,052 | INFO | Closed Positions: set()
2024-11-12 11:44:49,052 | INFO | ==================================================

2024-11-12 11:44:49,053 | INFO | 
==================================================
2024-11-12 11:44:49,053 | INFO | 14:44:49 ET | XPEV: $13.62 | NO SIGNAL - Price did not hit target entry of $15.34
2024-11-12 11:44:49,053 | INFO | ==================================================

2024-11-12 11:44:50,092 | INFO | 
==================================================
2024-11-12 11:44:50,092 | INFO | 14:44:50 ET | BMY: $59.42 | NO SIGNAL - Price did not hit target entry of $60.17
2024-11-12 11:44:50,092 | INFO | ==================================================

2024-11-12 11:44:51,129 | INFO | 
==================================================
2024-11-12 11:44:51,130 | INFO | 14:44:51 ET | GEO: $25.04 | NO SIGNAL - Price did not hit target entry of $27.07
2024-11-12 11:44:51,130 | INFO | ==================================================

2024-11-12 11:44:52,586 | INFO | 
==================================================
2024-11-12 11:44:52,586 | INFO | 14:44:52 ET | BMY: $59.43 | NO SIGNAL - Price did not hit target entry of $60.17
2024-11-12 11:44:52,586 | INFO | ==================================================

2024-11-12 11:44:53,619 | INFO | 
==================================================
2024-11-12 11:44:53,619 | INFO | 14:44:53 ET | SMMT: $21.68 | NO SIGNAL - Price did not hit target entry of $21.82
2024-11-12 11:44:53,619 | INFO | ==================================================

2024-11-12 11:44:53,620 | INFO | 
==================================================
2024-11-12 11:44:53,620 | INFO | 14:44:53 ET | BMY: $59.42 | NO SIGNAL - Price did not hit target entry of $60.17
2024-11-12 11:44:53,620 | INFO | ==================================================

2024-11-12 11:44:57,874 | INFO | 
==================================================
2024-11-12 11:44:57,875 | INFO | 14:44:57 ET | MCRB: $0.64 | NO SIGNAL - Price did not hit target entry of $0.74
2024-11-12 11:44:57,876 | INFO | ==================================================

2024-11-12 11:44:59,638 | INFO | 
==================================================
2024-11-12 11:44:59,639 | INFO | 14:44:59 ET | SMMT: $21.67 | NO SIGNAL - Price did not hit target entry of $21.82
2024-11-12 11:44:59,639 | INFO | ==================================================

2024-11-12 11:45:00,579 | INFO | 
==================================================
2024-11-12 11:45:00,580 | INFO | 14:45:00 ET | BMY: $59.43 | NO SIGNAL - Price did not hit target entry of $60.17
2024-11-12 11:45:00,580 | INFO | ==================================================

2024-11-12 11:45:02,339 | INFO | 
==================================================
2024-11-12 11:45:02,339 | INFO | 14:45:02 ET | AI: $27.74 | NO SIGNAL - Price did not hit target entry of $28.73
2024-11-12 11:45:02,339 | INFO | ==================================================

2024-11-12 11:45:03,372 | INFO | 
==================================================
2024-11-12 11:45:03,372 | INFO | 14:45:03 ET | BMY: $59.44 | NO SIGNAL - Price did not hit target entry of $60.17
2024-11-12 11:45:03,372 | INFO | ==================================================

2024-11-12 11:45:04,411 | INFO | 
==================================================
2024-11-12 11:45:04,412 | INFO | 14:45:04 ET | SMMT: $21.68 | NO SIGNAL - Price did not hit target entry of $21.82
2024-11-12 11:45:04,412 | INFO | ==================================================

2024-11-12 11:45:05,853 | INFO | 
==================================================
2024-11-12 11:45:05,853 | INFO | 14:45:05 ET | CIFR: $7.47 | NO SIGNAL - Price did not hit target entry of $7.53
2024-11-12 11:45:05,853 | INFO | ==================================================

2024-11-12 11:45:06,784 | INFO | 
==================================================
2024-11-12 11:45:06,784 | INFO | 14:45:06 ET | SMMT: $21.67 | NO SIGNAL - Price did not hit target entry of $21.82
2024-11-12 11:45:06,784 | INFO | ==================================================

2024-11-12 11:45:06,785 | INFO | 
==================================================
2024-11-12 11:45:06,786 | INFO | 14:45:06 ET | CIFR: $7.46 | NO SIGNAL - Price did not hit target entry of $7.53
2024-11-12 11:45:06,786 | INFO | ==================================================

2024-11-12 11:45:07,931 | INFO | 
==================================================
2024-11-12 11:45:07,931 | INFO | 14:45:07 ET | SMMT: $21.68 | NO SIGNAL - Price did not hit target entry of $21.82
2024-11-12 11:45:07,931 | INFO | ==================================================

2024-11-12 11:45:10,634 | INFO | 
==================================================
2024-11-12 11:45:10,636 | INFO | 14:45:10 ET | BMY: $59.43 | NO SIGNAL - Price did not hit target entry of $60.17
2024-11-12 11:45:10,636 | INFO | ==================================================

2024-11-12 11:45:15,380 | INFO | 
==================================================
2024-11-12 11:45:15,381 | INFO | 14:45:15 ET | GEO: $25.03 | NO SIGNAL - Price did not hit target entry of $27.07
2024-11-12 11:45:15,381 | INFO | ==================================================

2024-11-12 11:45:19,626 | INFO | 
==================================================
2024-11-12 11:45:19,628 | INFO | 14:45:19 ET | BMY: $59.42 | NO SIGNAL - Price did not hit target entry of $60.17
2024-11-12 11:45:19,628 | INFO | ==================================================

2024-11-12 11:45:20,776 | INFO | 
==================================================
2024-11-12 11:45:20,776 | INFO | 14:45:20 ET | BMY: $59.41 | NO SIGNAL - Price did not hit target entry of $60.17
2024-11-12 11:45:20,777 | INFO | ==================================================

2024-11-12 11:45:22,129 | INFO | 
==================================================
2024-11-12 11:45:22,130 | INFO | 14:45:22 ET | CIFR: $7.45 | NO SIGNAL - Price did not hit target entry of $7.53
2024-11-12 11:45:22,130 | INFO | ==================================================

2024-11-12 11:45:23,065 | INFO | 
==================================================
2024-11-12 11:45:23,065 | INFO | 14:45:23 ET | BMY: $59.40 | NO SIGNAL - Price did not hit target entry of $60.17
2024-11-12 11:45:23,065 | INFO | ==================================================

2024-11-12 11:45:23,066 | INFO | 
==================================================
2024-11-12 11:45:23,067 | INFO | 14:45:23 ET | APLD: $7.53 | NO SIGNAL - Price did not hit target entry of $8.00
2024-11-12 11:45:23,067 | INFO | ==================================================

2024-11-12 11:45:24,108 | INFO | 
==================================================
2024-11-12 11:45:24,108 | INFO | 14:45:24 ET | RDNT: $83.70 | NO SIGNAL - Price did not hit target entry of $90.04
2024-11-12 11:45:24,109 | INFO | ==================================================

2024-11-12 11:45:25,151 | INFO | 
==================================================
2024-11-12 11:45:25,151 | INFO | 14:45:25 ET | GEO: $25.02 | NO SIGNAL - Price did not hit target entry of $27.07
2024-11-12 11:45:25,151 | INFO | ==================================================

2024-11-12 11:45:25,151 | INFO | 
==================================================
2024-11-12 11:45:25,151 | INFO | 14:45:25 ET | RDNT: $83.74 | NO SIGNAL - Price did not hit target entry of $90.04
2024-11-12 11:45:25,151 | INFO | ==================================================

2024-11-12 11:45:26,181 | INFO | 
==================================================
2024-11-12 11:45:26,182 | INFO | 14:45:26 ET | RDNT: $83.78 | NO SIGNAL - Price did not hit target entry of $90.04
2024-11-12 11:45:26,182 | INFO | ==================================================

2024-11-12 11:45:32,605 | INFO | 
==================================================
2024-11-12 11:45:32,606 | INFO | 14:45:32 ET | CIFR: $7.44 | NO SIGNAL - Price did not hit target entry of $7.53
2024-11-12 11:45:32,606 | INFO | ==================================================

2024-11-12 11:45:33,649 | INFO | 
==================================================
2024-11-12 11:45:33,649 | INFO | 14:45:33 ET | XPEV: $13.61 | NO SIGNAL - Price did not hit target entry of $15.34
2024-11-12 11:45:33,649 | INFO | ==================================================

2024-11-12 11:45:34,587 | INFO | 
==================================================
2024-11-12 11:45:34,587 | INFO | 14:45:34 ET | AI: $27.73 | NO SIGNAL - Price did not hit target entry of $28.73
2024-11-12 11:45:34,587 | INFO | ==================================================

2024-11-12 11:45:34,588 | INFO | 
==================================================
2024-11-12 11:45:34,589 | INFO | 14:45:34 ET | GEO: $25.01 | NO SIGNAL - Price did not hit target entry of $27.07
2024-11-12 11:45:34,589 | INFO | ==================================================

2024-11-12 11:45:34,590 | INFO | 
==================================================
2024-11-12 11:45:34,590 | INFO | 14:45:34 ET | RDNT: $83.67 | NO SIGNAL - Price did not hit target entry of $90.04
2024-11-12 11:45:34,591 | INFO | ==================================================

2024-11-12 11:45:35,626 | INFO | 
==================================================
2024-11-12 11:45:35,626 | INFO | 14:45:35 ET | RDNT: $83.69 | NO SIGNAL - Price did not hit target entry of $90.04
2024-11-12 11:45:35,626 | INFO | ==================================================

2024-11-12 11:45:43,063 | INFO | 
==================================================
2024-11-12 11:45:43,063 | INFO | 14:45:43 ET | BMY: $59.39 | NO SIGNAL - Price did not hit target entry of $60.17
2024-11-12 11:45:43,063 | INFO | ==================================================

2024-11-12 11:45:47,599 | INFO | 
==================================================
2024-11-12 11:45:47,600 | INFO | 14:45:47 ET | APLD: $7.52 | NO SIGNAL - Price did not hit target entry of $8.00
2024-11-12 11:45:47,600 | INFO | ==================================================

2024-11-12 11:45:49,058 | INFO | 
==================================================
2024-11-12 11:45:49,059 | INFO | Position Update - 14:45:49 ET
2024-11-12 11:45:49,063 | INFO | Active Positions: {'TDOC': 9.95, 'SLS': 1.33}
2024-11-12 11:45:49,064 | INFO | Closed Positions: set()
2024-11-12 11:45:49,064 | INFO | ==================================================

2024-11-12 11:45:49,069 | INFO | 
==================================================
2024-11-12 11:45:49,069 | INFO | 14:45:49 ET | CIFR: $7.43 | NO SIGNAL - Price did not hit target entry of $7.53
2024-11-12 11:45:49,069 | INFO | ==================================================

2024-11-12 11:45:54,147 | INFO | 
==================================================
2024-11-12 11:45:54,147 | INFO | 14:45:54 ET | AI: $27.72 | NO SIGNAL - Price did not hit target entry of $28.73
2024-11-12 11:45:54,147 | INFO | ==================================================

2024-11-12 11:45:56,642 | INFO | 
==================================================
2024-11-12 11:45:56,643 | INFO | 14:45:56 ET | GEO: $25.02 | NO SIGNAL - Price did not hit target entry of $27.07
2024-11-12 11:45:56,643 | INFO | ==================================================

2024-11-12 11:45:57,582 | INFO | 
==================================================
2024-11-12 11:45:57,582 | INFO | 14:45:57 ET | GEO: $25.01 | NO SIGNAL - Price did not hit target entry of $27.07
2024-11-12 11:45:57,582 | INFO | ==================================================

2024-11-12 11:46:00,292 | INFO | 
==================================================
2024-11-12 11:46:00,292 | INFO | 14:46:00 ET | GEO: $25.00 | NO SIGNAL - Price did not hit target entry of $27.07
2024-11-12 11:46:00,292 | INFO | ==================================================

2024-11-12 11:46:01,328 | INFO | 
==================================================
2024-11-12 11:46:01,328 | INFO | 14:46:01 ET | CIFR: $7.44 | NO SIGNAL - Price did not hit target entry of $7.53
2024-11-12 11:46:01,328 | INFO | ==================================================

2024-11-12 11:46:01,328 | INFO | 
==================================================
2024-11-12 11:46:01,328 | INFO | 14:46:01 ET | GEO: $25.01 | NO SIGNAL - Price did not hit target entry of $27.07
2024-11-12 11:46:01,328 | INFO | ==================================================

2024-11-12 11:46:01,329 | INFO | 
==================================================
2024-11-12 11:46:01,329 | INFO | 14:46:01 ET | APLD: $7.53 | NO SIGNAL - Price did not hit target entry of $8.00
2024-11-12 11:46:01,329 | INFO | ==================================================

2024-11-12 11:46:02,369 | INFO | 
==================================================
2024-11-12 11:46:02,370 | INFO | 14:46:02 ET | GEO: $25.00 | NO SIGNAL - Price did not hit target entry of $27.07
2024-11-12 11:46:02,370 | INFO | ==================================================

2024-11-12 11:46:03,407 | INFO | 
==================================================
2024-11-12 11:46:03,407 | INFO | 14:46:03 ET | AI: $27.74 | NO SIGNAL - Price did not hit target entry of $28.73
2024-11-12 11:46:03,407 | INFO | ==================================================

2024-11-12 11:46:04,437 | INFO | 
==================================================
2024-11-12 11:46:04,437 | INFO | 14:46:04 ET | BMY: $59.40 | NO SIGNAL - Price did not hit target entry of $60.17
2024-11-12 11:46:04,437 | INFO | ==================================================

2024-11-12 11:46:04,438 | INFO | 
==================================================
2024-11-12 11:46:04,438 | INFO | 14:46:04 ET | APLD: $7.54 | NO SIGNAL - Price did not hit target entry of $8.00
2024-11-12 11:46:04,438 | INFO | ==================================================

2024-11-12 11:46:05,369 | INFO | 
==================================================
2024-11-12 11:46:05,369 | INFO | 14:46:05 ET | BMY: $59.39 | NO SIGNAL - Price did not hit target entry of $60.17
2024-11-12 11:46:05,369 | INFO | ==================================================

2024-11-12 11:46:08,812 | INFO | 
==================================================
2024-11-12 11:46:08,813 | INFO | 14:46:08 ET | BMY: $59.40 | NO SIGNAL - Price did not hit target entry of $60.17
2024-11-12 11:46:08,813 | INFO | ==================================================

2024-11-12 11:46:09,852 | INFO | 
==================================================
2024-11-12 11:46:09,853 | INFO | 14:46:09 ET | BMY: $59.39 | NO SIGNAL - Price did not hit target entry of $60.17
2024-11-12 11:46:09,853 | INFO | ==================================================

2024-11-12 11:46:11,615 | INFO | 
==================================================
2024-11-12 11:46:11,615 | INFO | 14:46:11 ET | BMY: $59.40 | NO SIGNAL - Price did not hit target entry of $60.17
2024-11-12 11:46:11,615 | INFO | ==================================================

2024-11-12 11:46:13,378 | INFO | 
==================================================
2024-11-12 11:46:13,378 | INFO | 14:46:13 ET | AI: $27.76 | NO SIGNAL - Price did not hit target entry of $28.73
2024-11-12 11:46:13,378 | INFO | ==================================================

2024-11-12 11:46:14,415 | INFO | 
==================================================
2024-11-12 11:46:14,416 | INFO | 14:46:14 ET | GEO: $25.01 | NO SIGNAL - Price did not hit target entry of $27.07
2024-11-12 11:46:14,416 | INFO | ==================================================

2024-11-12 11:46:17,112 | INFO | 
==================================================
2024-11-12 11:46:17,113 | INFO | 14:46:17 ET | GEO: $25.00 | NO SIGNAL - Price did not hit target entry of $27.07
2024-11-12 11:46:17,113 | INFO | ==================================================

2024-11-12 11:46:20,861 | INFO | 
==================================================
2024-11-12 11:46:20,862 | INFO | 14:46:20 ET | BMY: $59.41 | NO SIGNAL - Price did not hit target entry of $60.17
2024-11-12 11:46:20,862 | INFO | ==================================================

2024-11-12 11:46:37,634 | INFO | 
==================================================
2024-11-12 11:46:37,636 | INFO | 14:46:37 ET | GEO: $25.01 | NO SIGNAL - Price did not hit target entry of $27.07
2024-11-12 11:46:37,636 | INFO | ==================================================

2024-11-12 11:46:38,672 | INFO | 
==================================================
2024-11-12 11:46:38,672 | INFO | 14:46:38 ET | CIFR: $7.45 | NO SIGNAL - Price did not hit target entry of $7.53
2024-11-12 11:46:38,672 | INFO | ==================================================

2024-11-12 11:46:39,923 | INFO | 
==================================================
2024-11-12 11:46:39,923 | INFO | 14:46:39 ET | SMMT: $21.67 | NO SIGNAL - Price did not hit target entry of $21.82
2024-11-12 11:46:39,923 | INFO | ==================================================

2024-11-12 11:46:40,962 | INFO | 
==================================================
2024-11-12 11:46:40,963 | INFO | 14:46:40 ET | GEO: $25.00 | NO SIGNAL - Price did not hit target entry of $27.07
2024-11-12 11:46:40,963 | INFO | ==================================================

2024-11-12 11:46:41,892 | INFO | 
==================================================
2024-11-12 11:46:41,892 | INFO | 14:46:41 ET | GEO: $25.01 | NO SIGNAL - Price did not hit target entry of $27.07
2024-11-12 11:46:41,893 | INFO | ==================================================

2024-11-12 11:46:45,539 | INFO | 
==================================================
2024-11-12 11:46:45,539 | INFO | 14:46:45 ET | GEO: $25.00 | NO SIGNAL - Price did not hit target entry of $27.07
2024-11-12 11:46:45,540 | INFO | ==================================================

2024-11-12 11:46:47,095 | INFO | 
==================================================
2024-11-12 11:46:47,096 | INFO | 14:46:47 ET | AI: $27.75 | NO SIGNAL - Price did not hit target entry of $28.73
2024-11-12 11:46:47,096 | INFO | ==================================================

2024-11-12 11:46:48,133 | INFO | 
==================================================
2024-11-12 11:46:48,133 | INFO | 14:46:48 ET | CIFR: $7.46 | NO SIGNAL - Price did not hit target entry of $7.53
2024-11-12 11:46:48,133 | INFO | ==================================================

2024-11-12 11:46:51,361 | INFO | 
==================================================
2024-11-12 11:46:51,361 | INFO | Position Update - 14:46:51 ET
2024-11-12 11:46:51,361 | INFO | Active Positions: {'TDOC': 9.95, 'SLS': 1.33}
2024-11-12 11:46:51,361 | INFO | Closed Positions: set()
2024-11-12 11:46:51,361 | INFO | ==================================================

2024-11-12 11:46:51,363 | INFO | 
==================================================
2024-11-12 11:46:51,363 | INFO | 14:46:51 ET | GEO: $25.02 | NO SIGNAL - Price did not hit target entry of $27.07
2024-11-12 11:46:51,363 | INFO | ==================================================

2024-11-12 11:46:52,401 | INFO | 
==================================================
2024-11-12 11:46:52,401 | INFO | 14:46:52 ET | GEO: $25.01 | NO SIGNAL - Price did not hit target entry of $27.07
2024-11-12 11:46:52,401 | INFO | ==================================================

2024-11-12 11:46:55,616 | INFO | 
==================================================
2024-11-12 11:46:55,617 | INFO | 14:46:55 ET | SMMT: $21.62 | NO SIGNAL - Price did not hit target entry of $21.82
2024-11-12 11:46:55,617 | INFO | ==================================================

2024-11-12 11:46:56,660 | INFO | 
==================================================
2024-11-12 11:46:56,660 | INFO | 14:46:56 ET | SMMT: $21.63 | NO SIGNAL - Price did not hit target entry of $21.82
2024-11-12 11:46:56,660 | INFO | ==================================================

2024-11-12 11:46:56,660 | INFO | 
==================================================
2024-11-12 11:46:56,660 | INFO | 14:46:56 ET | GEO: $25.00 | NO SIGNAL - Price did not hit target entry of $27.07
2024-11-12 11:46:56,660 | INFO | ==================================================

2024-11-12 11:46:56,661 | INFO | 
==================================================
2024-11-12 11:46:56,661 | INFO | 14:46:56 ET | APLD: $7.55 | NO SIGNAL - Price did not hit target entry of $8.00
2024-11-12 11:46:56,661 | INFO | ==================================================

2024-11-12 11:46:57,806 | INFO | 
==================================================
2024-11-12 11:46:57,806 | INFO | 14:46:57 ET | SMMT: $21.65 | NO SIGNAL - Price did not hit target entry of $21.82
2024-11-12 11:46:57,806 | INFO | ==================================================

2024-11-12 11:46:57,807 | INFO | 
==================================================
2024-11-12 11:46:57,807 | INFO | 14:46:57 ET | AI: $27.76 | NO SIGNAL - Price did not hit target entry of $28.73
2024-11-12 11:46:57,807 | INFO | ==================================================

2024-11-12 11:46:58,733 | INFO | 
==================================================
2024-11-12 11:46:58,734 | INFO | 14:46:58 ET | CIFR: $7.47 | NO SIGNAL - Price did not hit target entry of $7.53
2024-11-12 11:46:58,734 | INFO | ==================================================

2024-11-12 11:46:59,776 | INFO | 
==================================================
2024-11-12 11:46:59,777 | INFO | 14:46:59 ET | SMMT: $21.66 | NO SIGNAL - Price did not hit target entry of $21.82
2024-11-12 11:46:59,777 | INFO | ==================================================

2024-11-12 11:47:00,826 | INFO | 
==================================================
2024-11-12 11:47:00,826 | INFO | 14:47:00 ET | GEO: $25.01 | NO SIGNAL - Price did not hit target entry of $27.07
2024-11-12 11:47:00,826 | INFO | ==================================================

2024-11-12 11:47:01,765 | INFO | 
==================================================
2024-11-12 11:47:01,765 | INFO | 14:47:01 ET | GEO: $25.00 | NO SIGNAL - Price did not hit target entry of $27.07
2024-11-12 11:47:01,765 | INFO | ==================================================

2024-11-12 11:47:03,635 | INFO | 
==================================================
2024-11-12 11:47:03,636 | INFO | 14:47:03 ET | GEO: $25.01 | NO SIGNAL - Price did not hit target entry of $27.07
2024-11-12 11:47:03,636 | INFO | ==================================================

2024-11-12 11:47:04,674 | INFO | 
==================================================
2024-11-12 11:47:04,674 | INFO | 14:47:04 ET | GEO: $25.02 | NO SIGNAL - Price did not hit target entry of $27.07
2024-11-12 11:47:04,674 | INFO | ==================================================

2024-11-12 11:47:05,619 | INFO | 
==================================================
2024-11-12 11:47:05,620 | INFO | 14:47:05 ET | AI: $27.77 | NO SIGNAL - Price did not hit target entry of $28.73
2024-11-12 11:47:05,620 | INFO | ==================================================

2024-11-12 11:47:07,914 | INFO | 
==================================================
2024-11-12 11:47:07,914 | INFO | 14:47:07 ET | SMMT: $21.65 | NO SIGNAL - Price did not hit target entry of $21.82
2024-11-12 11:47:07,914 | INFO | ==================================================

2024-11-12 11:47:11,858 | INFO | 
==================================================
2024-11-12 11:47:11,859 | INFO | 14:47:11 ET | AI: $27.78 | NO SIGNAL - Price did not hit target entry of $28.73
2024-11-12 11:47:11,859 | INFO | ==================================================

2024-11-12 11:47:17,682 | INFO | 
==================================================
2024-11-12 11:47:17,685 | INFO | 14:47:17 ET | BMY: $59.39 | NO SIGNAL - Price did not hit target entry of $60.17
2024-11-12 11:47:17,685 | INFO | ==================================================

2024-11-12 11:47:20,901 | INFO | 
==================================================
2024-11-12 11:47:20,902 | INFO | 14:47:20 ET | BMY: $59.41 | NO SIGNAL - Price did not hit target entry of $60.17
2024-11-12 11:47:20,902 | INFO | ==================================================

2024-11-12 11:47:23,395 | INFO | 
==================================================
2024-11-12 11:47:23,396 | INFO | 14:47:23 ET | BMY: $59.42 | NO SIGNAL - Price did not hit target entry of $60.17
2024-11-12 11:47:23,396 | INFO | ==================================================

2024-11-12 11:47:24,643 | INFO | 
==================================================
2024-11-12 11:47:24,644 | INFO | 14:47:24 ET | BMY: $59.43 | NO SIGNAL - Price did not hit target entry of $60.17
2024-11-12 11:47:24,644 | INFO | ==================================================

2024-11-12 11:47:25,683 | INFO | 
==================================================
2024-11-12 11:47:25,683 | INFO | 14:47:25 ET | TNYA: $2.19 | NO SIGNAL - Price did not hit target entry of $2.81
2024-11-12 11:47:25,683 | INFO | ==================================================

2024-11-12 11:47:25,683 | INFO | 
==================================================
2024-11-12 11:47:25,683 | INFO | 14:47:25 ET | AI: $27.77 | NO SIGNAL - Price did not hit target entry of $28.73
2024-11-12 11:47:25,683 | INFO | ==================================================

2024-11-12 11:47:29,109 | INFO | 
==================================================
2024-11-12 11:47:29,110 | INFO | 14:47:29 ET | GEO: $25.03 | NO SIGNAL - Price did not hit target entry of $27.07
2024-11-12 11:47:29,110 | INFO | ==================================================

2024-11-12 11:47:32,331 | INFO | 
==================================================
2024-11-12 11:47:32,331 | INFO | 14:47:32 ET | GEO: $25.02 | NO SIGNAL - Price did not hit target entry of $27.07
2024-11-12 11:47:32,331 | INFO | ==================================================

2024-11-12 11:47:33,584 | INFO | 
==================================================
2024-11-12 11:47:33,584 | INFO | 14:47:33 ET | GEO: $25.03 | NO SIGNAL - Price did not hit target entry of $27.07
2024-11-12 11:47:33,584 | INFO | ==================================================

2024-11-12 11:47:35,859 | INFO | 
==================================================
2024-11-12 11:47:35,859 | INFO | 14:47:35 ET | SMMT: $21.66 | NO SIGNAL - Price did not hit target entry of $21.82
2024-11-12 11:47:35,859 | INFO | ==================================================

2024-11-12 11:47:45,371 | INFO | 
==================================================
2024-11-12 11:47:45,371 | INFO | 14:47:45 ET | BMY: $59.41 | NO SIGNAL - Price did not hit target entry of $60.17
2024-11-12 11:47:45,371 | INFO | ==================================================

2024-11-12 11:47:46,416 | INFO | 
==================================================
2024-11-12 11:47:46,417 | INFO | 14:47:46 ET | CIFR: $7.48 | NO SIGNAL - Price did not hit target entry of $7.53
2024-11-12 11:47:46,417 | INFO | ==================================================

2024-11-12 11:47:46,422 | INFO | 
==================================================
2024-11-12 11:47:46,423 | INFO | 14:47:46 ET | BMY: $59.43 | NO SIGNAL - Price did not hit target entry of $60.17
2024-11-12 11:47:46,423 | INFO | ==================================================

2024-11-12 11:47:46,424 | INFO | 
==================================================
2024-11-12 11:47:46,424 | INFO | 14:47:46 ET | APLD: $7.56 | NO SIGNAL - Price did not hit target entry of $8.00
2024-11-12 11:47:46,424 | INFO | ==================================================

2024-11-12 11:47:47,468 | INFO | 
==================================================
2024-11-12 11:47:47,468 | INFO | 14:47:47 ET | MCRB: $0.64 | NO SIGNAL - Price did not hit target entry of $0.74
2024-11-12 11:47:47,468 | INFO | ==================================================

2024-11-12 11:47:50,173 | INFO | 
==================================================
2024-11-12 11:47:50,174 | INFO | 14:47:50 ET | MCRB: $0.64 | NO SIGNAL - Price did not hit target entry of $0.74
2024-11-12 11:47:50,174 | INFO | ==================================================

2024-11-12 11:47:51,214 | INFO | 
==================================================
2024-11-12 11:47:51,214 | INFO | 14:47:51 ET | MCRB: $0.64 | NO SIGNAL - Price did not hit target entry of $0.74
2024-11-12 11:47:51,214 | INFO | ==================================================

2024-11-12 11:47:52,252 | INFO | 
==================================================
2024-11-12 11:47:52,252 | INFO | Position Update - 14:47:52 ET
2024-11-12 11:47:52,252 | INFO | Active Positions: {'TDOC': 9.95, 'SLS': 1.33}
2024-11-12 11:47:52,252 | INFO | Closed Positions: set()
2024-11-12 11:47:52,252 | INFO | ==================================================

2024-11-12 11:47:52,253 | INFO | 
==================================================
2024-11-12 11:47:52,253 | INFO | 14:47:52 ET | AI: $27.76 | NO SIGNAL - Price did not hit target entry of $28.73
2024-11-12 11:47:52,253 | INFO | ==================================================

2024-11-12 11:47:53,398 | INFO | 
==================================================
2024-11-12 11:47:53,398 | INFO | 14:47:53 ET | BMY: $59.44 | NO SIGNAL - Price did not hit target entry of $60.17
2024-11-12 11:47:53,398 | INFO | ==================================================

2024-11-12 11:47:54,439 | INFO | 
==================================================
2024-11-12 11:47:54,440 | INFO | 14:47:54 ET | MCRB: $0.64 | NO SIGNAL - Price did not hit target entry of $0.74
2024-11-12 11:47:54,440 | INFO | ==================================================

2024-11-12 11:47:55,486 | INFO | 
==================================================
2024-11-12 11:47:55,486 | INFO | 14:47:55 ET | APLD: $7.55 | NO SIGNAL - Price did not hit target entry of $8.00
2024-11-12 11:47:55,486 | INFO | ==================================================

2024-11-12 11:47:56,426 | INFO | 
==================================================
2024-11-12 11:47:56,426 | INFO | 14:47:56 ET | BMY: $59.43 | NO SIGNAL - Price did not hit target entry of $60.17
2024-11-12 11:47:56,426 | INFO | ==================================================

2024-11-12 11:47:58,404 | INFO | 
==================================================
2024-11-12 11:47:58,405 | INFO | 14:47:58 ET | XPEV: $13.60 | NO SIGNAL - Price did not hit target entry of $15.34
2024-11-12 11:47:58,405 | INFO | ==================================================

2024-11-12 11:47:59,349 | INFO | 
==================================================
2024-11-12 11:47:59,350 | INFO | 14:47:59 ET | XPEV: $13.61 | NO SIGNAL - Price did not hit target entry of $15.34
2024-11-12 11:47:59,350 | INFO | ==================================================

2024-11-12 11:48:02,149 | INFO | 
==================================================
2024-11-12 11:48:02,149 | INFO | 14:48:02 ET | BMY: $59.42 | NO SIGNAL - Price did not hit target entry of $60.17
2024-11-12 11:48:02,149 | INFO | ==================================================

2024-11-12 11:48:03,189 | INFO | 
==================================================
2024-11-12 11:48:03,189 | INFO | 14:48:03 ET | NVAX: $8.52 | NO SIGNAL - Price did not hit target entry of $9.65
2024-11-12 11:48:03,189 | INFO | ==================================================

2024-11-12 11:48:04,120 | INFO | 
==================================================
2024-11-12 11:48:04,120 | INFO | 14:48:04 ET | BMY: $59.41 | NO SIGNAL - Price did not hit target entry of $60.17
2024-11-12 11:48:04,120 | INFO | ==================================================

2024-11-12 11:48:08,353 | INFO | 
==================================================
2024-11-12 11:48:08,353 | INFO | 14:48:08 ET | CIFR: $7.47 | NO SIGNAL - Price did not hit target entry of $7.53
2024-11-12 11:48:08,353 | INFO | ==================================================

2024-11-12 11:48:13,232 | INFO | 
==================================================
2024-11-12 11:48:13,232 | INFO | 14:48:13 ET | NVAX: $8.51 | NO SIGNAL - Price did not hit target entry of $9.65
2024-11-12 11:48:13,232 | INFO | ==================================================

2024-11-12 11:48:14,266 | INFO | 
==================================================
2024-11-12 11:48:14,267 | INFO | 14:48:14 ET | BMY: $59.42 | NO SIGNAL - Price did not hit target entry of $60.17
2024-11-12 11:48:14,267 | INFO | ==================================================

2024-11-12 11:48:16,131 | INFO | 
==================================================
2024-11-12 11:48:16,132 | INFO | 14:48:16 ET | BMY: $59.41 | NO SIGNAL - Price did not hit target entry of $60.17
2024-11-12 11:48:16,132 | INFO | ==================================================

2024-11-12 11:48:20,124 | INFO | Trading events saved to mock_stream/trading_events_20241112_114820.xlsx
2024-11-12 11:48:20,124 | INFO | Price details saved to mock_stream/details_20241112_114820.xlsx
