2024-11-11 21:40:55,133 | INFO | Logging to: logs/strategy_execution_20241111_214055.log
2024-11-11 21:40:55,133 | INFO | Starting VWAP spike strategy execution...
2024-11-11 21:40:55,133 | INFO | 
==================================================
2024-11-11 21:40:55,133 | INFO | Starting Strategy with Stocks:
2024-11-11 21:40:55,133 | INFO | BMY    | Target Entry: $60.17
2024-11-11 21:40:55,133 | INFO | QUBT   | Target Entry: $1.45
2024-11-11 21:40:55,133 | INFO | MCRB   | Target Entry: $0.74
2024-11-11 21:40:55,133 | INFO | SMMT   | Target Entry: $21.82
2024-11-11 21:40:55,133 | INFO | TNYA   | Target Entry: $2.81
2024-11-11 21:40:55,133 | INFO | TDOC   | Target Entry: $9.85
2024-11-11 21:40:55,133 | INFO | NVAX   | Target Entry: $9.65
2024-11-11 21:40:55,133 | INFO | CIFR   | Target Entry: $7.53
2024-11-11 21:40:55,133 | INFO | APLD   | Target Entry: $8.00
2024-11-11 21:40:55,133 | INFO | GEO    | Target Entry: $27.07
2024-11-11 21:40:55,133 | INFO | CTV    | Target Entry: $1.95
2024-11-11 21:40:55,133 | INFO | AI     | Target Entry: $28.73
2024-11-11 21:40:55,133 | INFO | AQST   | Target Entry: $5.34
2024-11-11 21:40:55,133 | INFO | RDNT   | Target Entry: $90.04
2024-11-11 21:40:55,134 | INFO | SLS    | Target Entry: $1.27
2024-11-11 21:40:55,134 | INFO | XPEV   | Target Entry: $15.34
2024-11-11 21:40:55,134 | INFO | ==================================================

2024-11-11 21:40:55,135 | INFO | Starting pre-market tracking phase...
2024-11-11 21:40:55,135 | INFO | 
==================================================
2024-11-11 21:40:55,135 | INFO | Starting pre-market tracking...
2024-11-11 21:40:55,135 | INFO | Initial symbols: 16
2024-11-11 21:40:55,135 | INFO | Current time: 00:00:00 ET
2024-11-11 21:40:55,135 | INFO | Market opens at: 09:30:00 ET
2024-11-11 21:40:55,135 | INFO | ==================================================

2024-11-11 21:40:55,136 | INFO | 
==================================================
2024-11-11 21:40:55,136 | INFO | Pre-market status - 00:30:00 ET
2024-11-11 21:40:55,136 | INFO | Hours until market open: 9.0
2024-11-11 21:40:55,136 | INFO | Symbols being tracked: 16
2024-11-11 21:40:55,136 | INFO | Symbols removed: 0
2024-11-11 21:40:55,136 | INFO | ==================================================

2024-11-11 21:40:55,242 | INFO | 2024-11-12 01:00:00 | BMY New high: $62.87 | Yesterday High: $62.35
2024-11-11 21:40:55,242 | INFO | 2024-11-12 01:00:00 | BMY REMOVED - Breached yesterday's high
2024-11-11 21:40:55,243 | INFO | 2024-11-12 01:00:00 | QUBT New high: $1.41 | Yesterday High: $1.56
2024-11-11 21:40:55,243 | INFO | 2024-11-12 01:00:00 | TNYA New high: $2.77 | Yesterday High: $3.03
2024-11-11 21:40:55,243 | INFO | 2024-11-12 01:00:00 | TDOC New high: $9.82 | Yesterday High: $10.13
2024-11-11 21:40:55,243 | INFO | 2024-11-12 01:00:00 | NVAX New high: $9.79 | Yesterday High: $10.74
2024-11-11 21:40:55,243 | INFO | 2024-11-12 01:00:00 | CIFR New high: $7.59 | Yesterday High: $7.95
2024-11-11 21:40:55,244 | INFO | 2024-11-12 01:00:00 | CTV New high: $1.94 | Yesterday High: $2.00
2024-11-11 21:40:55,244 | INFO | 2024-11-12 01:00:00 | AI New high: $29.10 | Yesterday High: $29.29
2024-11-11 21:40:55,244 | INFO | 2024-11-12 01:00:00 | SLS New high: $1.28 | Yesterday High: $1.31
2024-11-11 21:40:55,244 | INFO | 2024-11-12 01:00:00 | XPEV New high: $15.15 | Yesterday High: $15.68
2024-11-11 21:40:55,348 | INFO | 2024-11-12 01:30:00 | QUBT New high: $1.42 | Yesterday High: $1.56
2024-11-11 21:40:55,349 | INFO | 2024-11-12 01:30:00 | NVAX New high: $9.91 | Yesterday High: $10.74
2024-11-11 21:40:55,349 | INFO | 2024-11-12 01:30:00 | CTV New high: $1.96 | Yesterday High: $2.00
2024-11-11 21:40:55,350 | INFO | 2024-11-12 01:30:00 | SLS New high: $1.30 | Yesterday High: $1.31
2024-11-11 21:40:55,350 | INFO | 
==================================================
2024-11-11 21:40:55,350 | INFO | Pre-market status - 01:30:00 ET
2024-11-11 21:40:55,350 | INFO | Hours until market open: 8.0
2024-11-11 21:40:55,350 | INFO | Symbols being tracked: 15
2024-11-11 21:40:55,350 | INFO | Symbols removed: 1
2024-11-11 21:40:55,350 | INFO | ==================================================

2024-11-11 21:40:55,457 | INFO | 2024-11-12 02:00:00 | QUBT New high: $1.44 | Yesterday High: $1.56
2024-11-11 21:40:55,458 | INFO | 2024-11-12 02:00:00 | TNYA New high: $2.78 | Yesterday High: $3.03
2024-11-11 21:40:55,459 | INFO | 2024-11-12 02:00:00 | TDOC New high: $9.84 | Yesterday High: $10.13
2024-11-11 21:40:55,461 | INFO | 2024-11-12 02:00:00 | SLS New high: $1.33 | Yesterday High: $1.31
2024-11-11 21:40:55,462 | INFO | 2024-11-12 02:00:00 | SLS REMOVED - Breached yesterday's high
2024-11-11 21:40:55,463 | INFO | 2024-11-12 02:00:00 | XPEV New high: $15.23 | Yesterday High: $15.68
2024-11-11 21:40:55,569 | INFO | 2024-11-12 02:30:00 | QUBT New high: $1.45 | Yesterday High: $1.56
2024-11-11 21:40:55,570 | INFO | 2024-11-12 02:30:00 | TDOC New high: $10.10 | Yesterday High: $10.13
2024-11-11 21:40:55,570 | INFO | 2024-11-12 02:30:00 | APLD New high: $8.03 | Yesterday High: $8.22
2024-11-11 21:40:55,571 | INFO | 2024-11-12 02:30:00 | AI New high: $29.26 | Yesterday High: $29.29
2024-11-11 21:40:55,571 | INFO | 2024-11-12 02:30:00 | XPEV New high: $15.37 | Yesterday High: $15.68
2024-11-11 21:40:55,571 | INFO | 
==================================================
2024-11-11 21:40:55,571 | INFO | Pre-market status - 02:30:00 ET
2024-11-11 21:40:55,571 | INFO | Hours until market open: 7.0
2024-11-11 21:40:55,571 | INFO | Symbols being tracked: 14
2024-11-11 21:40:55,571 | INFO | Symbols removed: 2
2024-11-11 21:40:55,571 | INFO | ==================================================

2024-11-11 21:40:55,678 | INFO | 2024-11-12 03:00:00 | MCRB New high: $0.75 | Yesterday High: $0.76
2024-11-11 21:40:55,679 | INFO | 2024-11-12 03:00:00 | NVAX New high: $9.94 | Yesterday High: $10.74
2024-11-11 21:40:55,680 | INFO | 2024-11-12 03:00:00 | AI New high: $29.75 | Yesterday High: $29.29
2024-11-11 21:40:55,681 | INFO | 2024-11-12 03:00:00 | AI REMOVED - Breached yesterday's high
2024-11-11 21:40:55,785 | INFO | 
==================================================
2024-11-11 21:40:55,785 | INFO | Pre-market status - 03:30:00 ET
2024-11-11 21:40:55,785 | INFO | Hours until market open: 6.0
2024-11-11 21:40:55,785 | INFO | Symbols being tracked: 13
2024-11-11 21:40:55,785 | INFO | Symbols removed: 3
2024-11-11 21:40:55,785 | INFO | ==================================================

2024-11-11 21:40:55,892 | INFO | 2024-11-12 04:00:00 | APLD New high: $8.04 | Yesterday High: $8.22
2024-11-11 21:40:56,000 | INFO | 2024-11-12 04:30:00 | QUBT New high: $1.46 | Yesterday High: $1.56
2024-11-11 21:40:56,004 | INFO | 
==================================================
2024-11-11 21:40:56,004 | INFO | Pre-market status - 04:30:00 ET
2024-11-11 21:40:56,004 | INFO | Hours until market open: 5.0
2024-11-11 21:40:56,004 | INFO | Symbols being tracked: 13
2024-11-11 21:40:56,004 | INFO | Symbols removed: 3
2024-11-11 21:40:56,004 | INFO | ==================================================

2024-11-11 21:40:56,112 | INFO | 2024-11-12 05:00:00 | QUBT New high: $1.48 | Yesterday High: $1.56
2024-11-11 21:40:56,113 | INFO | 2024-11-12 05:00:00 | TNYA New high: $2.86 | Yesterday High: $3.03
2024-11-11 21:40:56,223 | INFO | 2024-11-12 05:30:00 | QUBT New high: $1.49 | Yesterday High: $1.56
2024-11-11 21:40:56,225 | INFO | 2024-11-12 05:30:00 | TNYA New high: $2.93 | Yesterday High: $3.03
2024-11-11 21:40:56,225 | INFO | 2024-11-12 05:30:00 | NVAX New high: $10.03 | Yesterday High: $10.74
2024-11-11 21:40:56,228 | INFO | 
==================================================
2024-11-11 21:40:56,228 | INFO | Pre-market status - 05:30:00 ET
2024-11-11 21:40:56,228 | INFO | Hours until market open: 4.0
2024-11-11 21:40:56,228 | INFO | Symbols being tracked: 13
2024-11-11 21:40:56,228 | INFO | Symbols removed: 3
2024-11-11 21:40:56,228 | INFO | ==================================================

2024-11-11 21:40:56,334 | INFO | 2024-11-12 06:00:00 | QUBT New high: $1.50 | Yesterday High: $1.56
2024-11-11 21:40:56,335 | INFO | 2024-11-12 06:00:00 | TNYA New high: $2.94 | Yesterday High: $3.03
2024-11-11 21:40:56,336 | INFO | 2024-11-12 06:00:00 | NVAX New high: $10.13 | Yesterday High: $10.74
2024-11-11 21:40:56,443 | INFO | 2024-11-12 06:30:00 | TNYA New high: $2.98 | Yesterday High: $3.03
2024-11-11 21:40:56,445 | INFO | 
==================================================
2024-11-11 21:40:56,445 | INFO | Pre-market status - 06:30:00 ET
2024-11-11 21:40:56,445 | INFO | Hours until market open: 3.0
2024-11-11 21:40:56,445 | INFO | Symbols being tracked: 13
2024-11-11 21:40:56,445 | INFO | Symbols removed: 3
2024-11-11 21:40:56,445 | INFO | ==================================================

2024-11-11 21:40:56,549 | INFO | 2024-11-12 07:00:00 | TNYA New high: $3.01 | Yesterday High: $3.03
2024-11-11 21:40:56,550 | INFO | 2024-11-12 07:00:00 | NVAX New high: $10.24 | Yesterday High: $10.74
2024-11-11 21:40:56,656 | INFO | 2024-11-12 07:30:00 | TNYA New high: $3.04 | Yesterday High: $3.03
2024-11-11 21:40:56,657 | INFO | 2024-11-12 07:30:00 | TNYA REMOVED - Breached yesterday's high
2024-11-11 21:40:56,657 | INFO | 2024-11-12 07:30:00 | APLD New high: $8.05 | Yesterday High: $8.22
2024-11-11 21:40:56,658 | INFO | 
==================================================
2024-11-11 21:40:56,658 | INFO | Pre-market status - 07:30:00 ET
2024-11-11 21:40:56,658 | INFO | Hours until market open: 2.0
2024-11-11 21:40:56,658 | INFO | Symbols being tracked: 12
2024-11-11 21:40:56,658 | INFO | Symbols removed: 4
2024-11-11 21:40:56,658 | INFO | ==================================================

2024-11-11 21:40:56,874 | INFO | 
==================================================
2024-11-11 21:40:56,874 | INFO | Pre-market status - 08:30:00 ET
2024-11-11 21:40:56,874 | INFO | Hours until market open: 1.0
2024-11-11 21:40:56,874 | INFO | Symbols being tracked: 12
2024-11-11 21:40:56,874 | INFO | Symbols removed: 4
2024-11-11 21:40:56,874 | INFO | ==================================================

2024-11-11 21:40:56,985 | INFO | 2024-11-12 09:00:00 | RDNT New high: $93.05 | Yesterday High: $95.00
2024-11-11 21:40:57,093 | INFO | 2024-11-12 09:30:00 | APLD New high: $8.19 | Yesterday High: $8.22
2024-11-11 21:40:57,093 | INFO | 2024-11-12 09:30:00 | RDNT New high: $94.65 | Yesterday High: $95.00
2024-11-11 21:40:57,094 | INFO | 
==================================================
2024-11-11 21:40:57,094 | INFO | Pre-market status - 09:30:00 ET
2024-11-11 21:40:57,094 | INFO | Hours until market open: 0.0
2024-11-11 21:40:57,094 | INFO | Symbols being tracked: 12
2024-11-11 21:40:57,094 | INFO | Symbols removed: 4
2024-11-11 21:40:57,094 | INFO | ==================================================

2024-11-11 21:40:57,197 | INFO | 
==================================================
2024-11-11 21:40:57,197 | INFO | Pre-market tracking completed
2024-11-11 21:40:57,197 | INFO | Removed 4 symbols that exceeded yesterday's high:
2024-11-11 21:40:57,197 | INFO | - AI: Pre-market high $29.75 > Yesterday high $29.29
2024-11-11 21:40:57,197 | INFO | - BMY: Pre-market high $62.87 > Yesterday high $62.35
2024-11-11 21:40:57,197 | INFO | - SLS: Pre-market high $1.33 > Yesterday high $1.31
2024-11-11 21:40:57,198 | INFO | - TNYA: Pre-market high $3.04 > Yesterday high $3.03
2024-11-11 21:40:57,198 | INFO | Symbols remaining: 16 → 12
2024-11-11 21:40:57,198 | INFO | ==================================================

2024-11-11 21:40:57,198 | INFO | 
==================================================
2024-11-11 21:40:57,198 | INFO | Starting main trading stream...
2024-11-11 21:40:57,198 | INFO | Tracking 12 symbols
2024-11-11 21:40:57,198 | INFO | Market open: 09:30:00 ET
2024-11-11 21:40:57,198 | INFO | Strategy end: 15:30:00 ET
2024-11-11 21:40:57,198 | INFO | ==================================================

2024-11-11 21:40:57,198 | INFO | 
==================================================
2024-11-11 21:40:57,198 | INFO | Position Update - 10:00:00 ET
2024-11-11 21:40:57,198 | INFO | Active Positions: {}
2024-11-11 21:40:57,198 | INFO | Closed Positions: set()
2024-11-11 21:40:57,198 | INFO | ==================================================

2024-11-11 21:40:57,996 | INFO | 
==================================================
2024-11-11 21:40:57,997 | INFO | 10:00:00 ET | QUBT: $1.45 | 🔴 SHORT SIGNAL | Target: $1.45
2024-11-11 21:40:57,997 | INFO | Order Details: 741 shares @ $1.45 = $1074.45
2024-11-11 21:40:57,997 | INFO | ✅ Mock data mode: Order would have been placed
2024-11-11 21:40:58,000 | INFO | ==================================================

2024-11-11 21:40:58,105 | INFO | 
==================================================
2024-11-11 21:40:58,105 | INFO | 10:00:00 ET | MCRB: $0.71 | NO SIGNAL - Price did not hit target entry of $0.74
2024-11-11 21:40:58,105 | INFO | ==================================================

2024-11-11 21:40:58,106 | INFO | 
==================================================
2024-11-11 21:40:58,106 | INFO | 10:00:00 ET | SMMT: $20.65 | NO SIGNAL - Price did not hit target entry of $21.82
2024-11-11 21:40:58,106 | INFO | ==================================================

2024-11-11 21:40:58,108 | INFO | 
==================================================
2024-11-11 21:40:58,108 | INFO | 10:00:00 ET | TDOC: $9.37 | NO SIGNAL - Price did not hit target entry of $9.85
2024-11-11 21:40:58,108 | INFO | ==================================================

2024-11-11 21:40:58,498 | INFO | 
==================================================
2024-11-11 21:40:58,499 | INFO | 10:00:00 ET | NVAX: $9.83 | 🔴 SHORT SIGNAL | Target: $9.65
2024-11-11 21:40:58,499 | INFO | Order Details: 111 shares @ $9.83 = $1091.13
2024-11-11 21:40:58,499 | INFO | ✅ Mock data mode: Order would have been placed
2024-11-11 21:40:58,501 | INFO | ==================================================

2024-11-11 21:40:58,607 | INFO | 
==================================================
2024-11-11 21:40:58,607 | INFO | 10:00:00 ET | CIFR: $6.23 | NO SIGNAL - Price did not hit target entry of $7.53
2024-11-11 21:40:58,607 | INFO | ==================================================

2024-11-11 21:40:59,060 | INFO | 
==================================================
2024-11-11 21:40:59,063 | INFO | 10:00:00 ET | APLD: $8.02 | 🔴 SHORT SIGNAL | Target: $8.00
2024-11-11 21:40:59,063 | INFO | Order Details: 134 shares @ $8.02 = $1074.68
2024-11-11 21:40:59,064 | INFO | ✅ Mock data mode: Order would have been placed
2024-11-11 21:40:59,079 | INFO | ==================================================

2024-11-11 21:40:59,184 | INFO | 
==================================================
2024-11-11 21:40:59,184 | INFO | 10:00:00 ET | GEO: $23.70 | NO SIGNAL - Price did not hit target entry of $27.07
2024-11-11 21:40:59,184 | INFO | ==================================================

2024-11-11 21:40:59,185 | INFO | 
==================================================
2024-11-11 21:40:59,185 | INFO | 10:00:00 ET | CTV: $1.80 | NO SIGNAL - Price did not hit target entry of $1.95
2024-11-11 21:40:59,185 | INFO | ==================================================

2024-11-11 21:40:59,185 | INFO | 
==================================================
2024-11-11 21:40:59,185 | INFO | 10:00:00 ET | AQST: $5.16 | NO SIGNAL - Price did not hit target entry of $5.34
2024-11-11 21:40:59,185 | INFO | ==================================================

2024-11-11 21:40:59,424 | INFO | 
==================================================
2024-11-11 21:40:59,424 | INFO | 10:00:00 ET | RDNT: $95.46 | 🔴 SHORT SIGNAL | Target: $90.04
2024-11-11 21:40:59,424 | INFO | Order Details: 11 shares @ $95.46 = $1050.06
2024-11-11 21:40:59,424 | INFO | ✅ Mock data mode: Order would have been placed
2024-11-11 21:40:59,425 | INFO | ==================================================

2024-11-11 21:40:59,529 | INFO | 
==================================================
2024-11-11 21:40:59,529 | INFO | 10:00:00 ET | XPEV: $14.31 | NO SIGNAL - Price did not hit target entry of $15.34
2024-11-11 21:40:59,529 | INFO | ==================================================

2024-11-11 21:40:59,635 | INFO | 
==================================================
2024-11-11 21:40:59,635 | INFO | Position Update - 10:30:00 ET
2024-11-11 21:40:59,635 | INFO | Active Positions: {'QUBT': 1.45, 'NVAX': 9.83, 'APLD': 8.02, 'RDNT': 95.46}
2024-11-11 21:40:59,635 | INFO | Closed Positions: set()
2024-11-11 21:40:59,635 | INFO | ==================================================

2024-11-11 21:40:59,637 | INFO | 
==================================================
2024-11-11 21:40:59,637 | INFO | 10:30:00 ET | MCRB: $0.70 | NO SIGNAL - Price did not hit target entry of $0.74
2024-11-11 21:40:59,637 | INFO | ==================================================

2024-11-11 21:40:59,638 | INFO | 
==================================================
2024-11-11 21:40:59,638 | INFO | 10:30:00 ET | SMMT: $21.08 | NO SIGNAL - Price did not hit target entry of $21.82
2024-11-11 21:40:59,638 | INFO | ==================================================

2024-11-11 21:40:59,639 | INFO | 
==================================================
2024-11-11 21:40:59,639 | INFO | 10:30:00 ET | TDOC: $9.43 | NO SIGNAL - Price did not hit target entry of $9.85
2024-11-11 21:40:59,639 | INFO | ==================================================

2024-11-11 21:40:59,640 | INFO | 
==================================================
2024-11-11 21:40:59,640 | INFO | 10:30:00 ET | CIFR: $6.32 | NO SIGNAL - Price did not hit target entry of $7.53
2024-11-11 21:40:59,640 | INFO | ==================================================

2024-11-11 21:40:59,641 | INFO | 
==================================================
2024-11-11 21:40:59,642 | INFO | 10:30:00 ET | GEO: $23.43 | NO SIGNAL - Price did not hit target entry of $27.07
2024-11-11 21:40:59,642 | INFO | ==================================================

2024-11-11 21:40:59,642 | INFO | 
==================================================
2024-11-11 21:40:59,642 | INFO | 10:30:00 ET | CTV: $1.83 | NO SIGNAL - Price did not hit target entry of $1.95
2024-11-11 21:40:59,642 | INFO | ==================================================

2024-11-11 21:40:59,643 | INFO | 
==================================================
2024-11-11 21:40:59,643 | INFO | 10:30:00 ET | AQST: $5.30 | NO SIGNAL - Price did not hit target entry of $5.34
2024-11-11 21:40:59,643 | INFO | ==================================================

2024-11-11 21:40:59,645 | INFO | 
==================================================
2024-11-11 21:40:59,645 | INFO | 10:30:00 ET | XPEV: $13.97 | NO SIGNAL - Price did not hit target entry of $15.34
2024-11-11 21:40:59,645 | INFO | ==================================================

2024-11-11 21:40:59,762 | INFO | 
==================================================
2024-11-11 21:40:59,763 | INFO | Position Update - 11:00:00 ET
2024-11-11 21:40:59,763 | INFO | Active Positions: {'QUBT': 1.45, 'NVAX': 9.83, 'APLD': 8.02, 'RDNT': 95.46}
2024-11-11 21:40:59,763 | INFO | Closed Positions: set()
2024-11-11 21:40:59,763 | INFO | ==================================================

2024-11-11 21:40:59,766 | INFO | 
==================================================
2024-11-11 21:40:59,766 | INFO | 11:00:00 ET | QUBT: $1.60 | 📉 Stop loss hit at $1.59 | Entry: $1.45
2024-11-11 21:40:59,768 | INFO | ==================================================

2024-11-11 21:40:59,771 | INFO | 
==================================================
2024-11-11 21:40:59,771 | INFO | 11:00:00 ET | MCRB: $0.71 | NO SIGNAL - Price did not hit target entry of $0.74
2024-11-11 21:40:59,771 | INFO | ==================================================

2024-11-11 21:40:59,779 | INFO | 
==================================================
2024-11-11 21:40:59,779 | INFO | 11:00:00 ET | SMMT: $20.94 | NO SIGNAL - Price did not hit target entry of $21.82
2024-11-11 21:40:59,779 | INFO | ==================================================

2024-11-11 21:40:59,781 | INFO | 
==================================================
2024-11-11 21:40:59,781 | INFO | 11:00:00 ET | TDOC: $9.23 | NO SIGNAL - Price did not hit target entry of $9.85
2024-11-11 21:40:59,781 | INFO | ==================================================

2024-11-11 21:40:59,782 | INFO | 
==================================================
2024-11-11 21:40:59,783 | INFO | 11:00:00 ET | CIFR: $6.61 | NO SIGNAL - Price did not hit target entry of $7.53
2024-11-11 21:40:59,783 | INFO | ==================================================

2024-11-11 21:40:59,784 | INFO | 
==================================================
2024-11-11 21:40:59,784 | INFO | 11:00:00 ET | GEO: $23.55 | NO SIGNAL - Price did not hit target entry of $27.07
2024-11-11 21:40:59,784 | INFO | ==================================================

2024-11-11 21:40:59,785 | INFO | 
==================================================
2024-11-11 21:40:59,785 | INFO | 11:00:00 ET | CTV: $1.81 | NO SIGNAL - Price did not hit target entry of $1.95
2024-11-11 21:40:59,785 | INFO | ==================================================

2024-11-11 21:40:59,786 | INFO | 
==================================================
2024-11-11 21:40:59,786 | INFO | 11:00:00 ET | AQST: $5.23 | NO SIGNAL - Price did not hit target entry of $5.34
2024-11-11 21:40:59,786 | INFO | ==================================================

2024-11-11 21:40:59,787 | INFO | 
==================================================
2024-11-11 21:40:59,787 | INFO | 11:00:00 ET | XPEV: $13.59 | NO SIGNAL - Price did not hit target entry of $15.34
2024-11-11 21:40:59,787 | INFO | ==================================================

2024-11-11 21:40:59,890 | INFO | 
==================================================
2024-11-11 21:40:59,890 | INFO | Position Update - 11:30:00 ET
2024-11-11 21:40:59,890 | INFO | Active Positions: {'QUBT': 1.45, 'NVAX': 9.83, 'APLD': 8.02, 'RDNT': 95.46}
2024-11-11 21:40:59,890 | INFO | Closed Positions: {'QUBT'}
2024-11-11 21:40:59,890 | INFO | ==================================================

2024-11-11 21:40:59,892 | INFO | 
==================================================
2024-11-11 21:40:59,892 | INFO | 11:30:00 ET | MCRB: $0.70 | NO SIGNAL - Price did not hit target entry of $0.74
2024-11-11 21:40:59,892 | INFO | ==================================================

2024-11-11 21:40:59,893 | INFO | 
==================================================
2024-11-11 21:40:59,893 | INFO | 11:30:00 ET | SMMT: $20.62 | NO SIGNAL - Price did not hit target entry of $21.82
2024-11-11 21:40:59,893 | INFO | ==================================================

2024-11-11 21:40:59,894 | INFO | 
==================================================
2024-11-11 21:40:59,894 | INFO | 11:30:00 ET | TDOC: $9.02 | NO SIGNAL - Price did not hit target entry of $9.85
2024-11-11 21:40:59,894 | INFO | ==================================================

2024-11-11 21:40:59,895 | INFO | 
==================================================
2024-11-11 21:40:59,895 | INFO | 11:30:00 ET | CIFR: $6.50 | NO SIGNAL - Price did not hit target entry of $7.53
2024-11-11 21:40:59,895 | INFO | ==================================================

2024-11-11 21:40:59,895 | INFO | 
==================================================
2024-11-11 21:40:59,895 | INFO | 11:30:00 ET | GEO: $23.30 | NO SIGNAL - Price did not hit target entry of $27.07
2024-11-11 21:40:59,895 | INFO | ==================================================

2024-11-11 21:40:59,896 | INFO | 
==================================================
2024-11-11 21:40:59,896 | INFO | 11:30:00 ET | CTV: $1.77 | NO SIGNAL - Price did not hit target entry of $1.95
2024-11-11 21:40:59,896 | INFO | ==================================================

2024-11-11 21:40:59,896 | INFO | 
==================================================
2024-11-11 21:40:59,896 | INFO | 11:30:00 ET | AQST: $5.31 | NO SIGNAL - Price did not hit target entry of $5.34
2024-11-11 21:40:59,896 | INFO | ==================================================

2024-11-11 21:40:59,898 | INFO | 
==================================================
2024-11-11 21:40:59,898 | INFO | 11:30:00 ET | XPEV: $13.40 | NO SIGNAL - Price did not hit target entry of $15.34
2024-11-11 21:40:59,898 | INFO | ==================================================

2024-11-11 21:41:00,006 | INFO | 
==================================================
2024-11-11 21:41:00,006 | INFO | Position Update - 12:00:00 ET
2024-11-11 21:41:00,008 | INFO | Active Positions: {'QUBT': 1.45, 'NVAX': 9.83, 'APLD': 8.02, 'RDNT': 95.46}
2024-11-11 21:41:00,008 | INFO | Closed Positions: {'QUBT'}
2024-11-11 21:41:00,008 | INFO | ==================================================

2024-11-11 21:41:00,011 | INFO | 
==================================================
2024-11-11 21:41:00,011 | INFO | 12:00:00 ET | MCRB: $0.69 | NO SIGNAL - Price did not hit target entry of $0.74
2024-11-11 21:41:00,011 | INFO | ==================================================

2024-11-11 21:41:00,013 | INFO | 
==================================================
2024-11-11 21:41:00,013 | INFO | 12:00:00 ET | SMMT: $20.90 | NO SIGNAL - Price did not hit target entry of $21.82
2024-11-11 21:41:00,014 | INFO | ==================================================

2024-11-11 21:41:00,015 | INFO | 
==================================================
2024-11-11 21:41:00,015 | INFO | 12:00:00 ET | TDOC: $9.17 | NO SIGNAL - Price did not hit target entry of $9.85
2024-11-11 21:41:00,015 | INFO | ==================================================

2024-11-11 21:41:00,017 | INFO | 
==================================================
2024-11-11 21:41:00,017 | INFO | 12:00:00 ET | CIFR: $6.66 | NO SIGNAL - Price did not hit target entry of $7.53
2024-11-11 21:41:00,017 | INFO | ==================================================

2024-11-11 21:41:00,019 | INFO | 
==================================================
2024-11-11 21:41:00,019 | INFO | 12:00:00 ET | GEO: $23.42 | NO SIGNAL - Price did not hit target entry of $27.07
2024-11-11 21:41:00,019 | INFO | ==================================================

2024-11-11 21:41:00,020 | INFO | 
==================================================
2024-11-11 21:41:00,020 | INFO | 12:00:00 ET | CTV: $1.73 | NO SIGNAL - Price did not hit target entry of $1.95
2024-11-11 21:41:00,020 | INFO | ==================================================

2024-11-11 21:41:00,021 | INFO | 
==================================================
2024-11-11 21:41:00,021 | INFO | 12:00:00 ET | AQST: $5.12 | NO SIGNAL - Price did not hit target entry of $5.34
2024-11-11 21:41:00,021 | INFO | ==================================================

2024-11-11 21:41:00,022 | INFO | 
==================================================
2024-11-11 21:41:00,022 | INFO | 12:00:00 ET | XPEV: $13.32 | NO SIGNAL - Price did not hit target entry of $15.34
2024-11-11 21:41:00,022 | INFO | ==================================================

2024-11-11 21:41:00,128 | INFO | 
==================================================
2024-11-11 21:41:00,128 | INFO | Position Update - 12:30:00 ET
2024-11-11 21:41:00,129 | INFO | Active Positions: {'QUBT': 1.45, 'NVAX': 9.83, 'APLD': 8.02, 'RDNT': 95.46}
2024-11-11 21:41:00,129 | INFO | Closed Positions: {'QUBT'}
2024-11-11 21:41:00,129 | INFO | ==================================================

2024-11-11 21:41:00,133 | INFO | 
==================================================
2024-11-11 21:41:00,133 | INFO | 12:30:00 ET | MCRB: $0.68 | NO SIGNAL - Price did not hit target entry of $0.74
2024-11-11 21:41:00,133 | INFO | ==================================================

2024-11-11 21:41:00,135 | INFO | 
==================================================
2024-11-11 21:41:00,135 | INFO | 12:30:00 ET | SMMT: $21.41 | NO SIGNAL - Price did not hit target entry of $21.82
2024-11-11 21:41:00,135 | INFO | ==================================================

2024-11-11 21:41:00,136 | INFO | 
==================================================
2024-11-11 21:41:00,136 | INFO | 12:30:00 ET | TDOC: $8.80 | NO SIGNAL - Price did not hit target entry of $9.85
2024-11-11 21:41:00,136 | INFO | ==================================================

2024-11-11 21:41:00,138 | INFO | 
==================================================
2024-11-11 21:41:00,138 | INFO | 12:30:00 ET | CIFR: $6.50 | NO SIGNAL - Price did not hit target entry of $7.53
2024-11-11 21:41:00,138 | INFO | ==================================================

2024-11-11 21:41:00,141 | INFO | 
==================================================
2024-11-11 21:41:00,142 | INFO | 12:30:00 ET | GEO: $22.97 | NO SIGNAL - Price did not hit target entry of $27.07
2024-11-11 21:41:00,142 | INFO | ==================================================

2024-11-11 21:41:00,143 | INFO | 
==================================================
2024-11-11 21:41:00,143 | INFO | 12:30:00 ET | CTV: $1.71 | NO SIGNAL - Price did not hit target entry of $1.95
2024-11-11 21:41:00,143 | INFO | ==================================================

2024-11-11 21:41:00,146 | INFO | 
==================================================
2024-11-11 21:41:00,146 | INFO | 12:30:00 ET | AQST: $5.16 | NO SIGNAL - Price did not hit target entry of $5.34
2024-11-11 21:41:00,146 | INFO | ==================================================

2024-11-11 21:41:00,147 | INFO | 
==================================================
2024-11-11 21:41:00,147 | INFO | 12:30:00 ET | RDNT: $89.31 | 📈 Profit target at $90.69 | Entry: $95.46
2024-11-11 21:41:00,147 | INFO | ==================================================

2024-11-11 21:41:00,150 | INFO | 
==================================================
2024-11-11 21:41:00,150 | INFO | 12:30:00 ET | XPEV: $13.56 | NO SIGNAL - Price did not hit target entry of $15.34
2024-11-11 21:41:00,150 | INFO | ==================================================

2024-11-11 21:41:00,256 | INFO | 
==================================================
2024-11-11 21:41:00,257 | INFO | Position Update - 13:00:00 ET
2024-11-11 21:41:00,257 | INFO | Active Positions: {'QUBT': 1.45, 'NVAX': 9.83, 'APLD': 8.02, 'RDNT': 95.46}
2024-11-11 21:41:00,257 | INFO | Closed Positions: {'RDNT', 'QUBT'}
2024-11-11 21:41:00,257 | INFO | ==================================================

2024-11-11 21:41:00,261 | INFO | 
==================================================
2024-11-11 21:41:00,262 | INFO | 13:00:00 ET | MCRB: $0.67 | NO SIGNAL - Price did not hit target entry of $0.74
2024-11-11 21:41:00,262 | INFO | ==================================================

2024-11-11 21:41:00,263 | INFO | 
==================================================
2024-11-11 21:41:00,263 | INFO | 13:00:00 ET | SMMT: $20.79 | NO SIGNAL - Price did not hit target entry of $21.82
2024-11-11 21:41:00,263 | INFO | ==================================================

2024-11-11 21:41:00,265 | INFO | 
==================================================
2024-11-11 21:41:00,266 | INFO | 13:00:00 ET | TDOC: $8.87 | NO SIGNAL - Price did not hit target entry of $9.85
2024-11-11 21:41:00,266 | INFO | ==================================================

2024-11-11 21:41:00,267 | INFO | 
==================================================
2024-11-11 21:41:00,267 | INFO | 13:00:00 ET | CIFR: $6.46 | NO SIGNAL - Price did not hit target entry of $7.53
2024-11-11 21:41:00,268 | INFO | ==================================================

2024-11-11 21:41:00,271 | INFO | 
==================================================
2024-11-11 21:41:00,271 | INFO | 13:00:00 ET | GEO: $23.22 | NO SIGNAL - Price did not hit target entry of $27.07
2024-11-11 21:41:00,271 | INFO | ==================================================

2024-11-11 21:41:00,272 | INFO | 
==================================================
2024-11-11 21:41:00,272 | INFO | 13:00:00 ET | CTV: $1.67 | NO SIGNAL - Price did not hit target entry of $1.95
2024-11-11 21:41:00,272 | INFO | ==================================================

2024-11-11 21:41:00,274 | INFO | 
==================================================
2024-11-11 21:41:00,274 | INFO | 13:00:00 ET | AQST: $5.27 | NO SIGNAL - Price did not hit target entry of $5.34
2024-11-11 21:41:00,274 | INFO | ==================================================

2024-11-11 21:41:00,275 | INFO | 
==================================================
2024-11-11 21:41:00,275 | INFO | 13:00:00 ET | XPEV: $14.10 | NO SIGNAL - Price did not hit target entry of $15.34
2024-11-11 21:41:00,275 | INFO | ==================================================

2024-11-11 21:41:00,381 | INFO | 
==================================================
2024-11-11 21:41:00,381 | INFO | Position Update - 13:30:00 ET
2024-11-11 21:41:00,381 | INFO | Active Positions: {'QUBT': 1.45, 'NVAX': 9.83, 'APLD': 8.02, 'RDNT': 95.46}
2024-11-11 21:41:00,381 | INFO | Closed Positions: {'RDNT', 'QUBT'}
2024-11-11 21:41:00,381 | INFO | ==================================================

2024-11-11 21:41:00,384 | INFO | 
==================================================
2024-11-11 21:41:00,384 | INFO | 13:30:00 ET | MCRB: $0.68 | NO SIGNAL - Price did not hit target entry of $0.74
2024-11-11 21:41:00,384 | INFO | ==================================================

2024-11-11 21:41:00,385 | INFO | 
==================================================
2024-11-11 21:41:00,385 | INFO | 13:30:00 ET | SMMT: $20.51 | NO SIGNAL - Price did not hit target entry of $21.82
2024-11-11 21:41:00,385 | INFO | ==================================================

2024-11-11 21:41:00,386 | INFO | 
==================================================
2024-11-11 21:41:00,386 | INFO | 13:30:00 ET | TDOC: $8.58 | NO SIGNAL - Price did not hit target entry of $9.85
2024-11-11 21:41:00,386 | INFO | ==================================================

2024-11-11 21:41:00,388 | INFO | 
==================================================
2024-11-11 21:41:00,388 | INFO | 13:30:00 ET | CIFR: $6.58 | NO SIGNAL - Price did not hit target entry of $7.53
2024-11-11 21:41:00,388 | INFO | ==================================================

2024-11-11 21:41:00,389 | INFO | 
==================================================
2024-11-11 21:41:00,389 | INFO | 13:30:00 ET | GEO: $23.71 | NO SIGNAL - Price did not hit target entry of $27.07
2024-11-11 21:41:00,389 | INFO | ==================================================

2024-11-11 21:41:00,390 | INFO | 
==================================================
2024-11-11 21:41:00,390 | INFO | 13:30:00 ET | CTV: $1.71 | NO SIGNAL - Price did not hit target entry of $1.95
2024-11-11 21:41:00,390 | INFO | ==================================================

2024-11-11 21:41:00,391 | INFO | 
==================================================
2024-11-11 21:41:00,391 | INFO | 13:30:00 ET | AQST: $5.32 | NO SIGNAL - Price did not hit target entry of $5.34
2024-11-11 21:41:00,391 | INFO | ==================================================

2024-11-11 21:41:00,394 | INFO | 
==================================================
2024-11-11 21:41:00,394 | INFO | 13:30:00 ET | XPEV: $13.52 | NO SIGNAL - Price did not hit target entry of $15.34
2024-11-11 21:41:00,394 | INFO | ==================================================

2024-11-11 21:41:00,500 | INFO | 
==================================================
2024-11-11 21:41:00,500 | INFO | Position Update - 14:00:00 ET
2024-11-11 21:41:00,500 | INFO | Active Positions: {'QUBT': 1.45, 'NVAX': 9.83, 'APLD': 8.02, 'RDNT': 95.46}
2024-11-11 21:41:00,501 | INFO | Closed Positions: {'RDNT', 'QUBT'}
2024-11-11 21:41:00,501 | INFO | ==================================================

2024-11-11 21:41:00,505 | INFO | 
==================================================
2024-11-11 21:41:00,505 | INFO | 14:00:00 ET | MCRB: $0.68 | NO SIGNAL - Price did not hit target entry of $0.74
2024-11-11 21:41:00,505 | INFO | ==================================================

2024-11-11 21:41:00,507 | INFO | 
==================================================
2024-11-11 21:41:00,507 | INFO | 14:00:00 ET | SMMT: $20.92 | NO SIGNAL - Price did not hit target entry of $21.82
2024-11-11 21:41:00,507 | INFO | ==================================================

2024-11-11 21:41:00,509 | INFO | 
==================================================
2024-11-11 21:41:00,509 | INFO | 14:00:00 ET | TDOC: $8.83 | NO SIGNAL - Price did not hit target entry of $9.85
2024-11-11 21:41:00,509 | INFO | ==================================================

2024-11-11 21:41:00,511 | INFO | 
==================================================
2024-11-11 21:41:00,512 | INFO | 14:00:00 ET | CIFR: $6.54 | NO SIGNAL - Price did not hit target entry of $7.53
2024-11-11 21:41:00,512 | INFO | ==================================================

2024-11-11 21:41:00,514 | INFO | 
==================================================
2024-11-11 21:41:00,514 | INFO | 14:00:00 ET | GEO: $24.21 | NO SIGNAL - Price did not hit target entry of $27.07
2024-11-11 21:41:00,514 | INFO | ==================================================

2024-11-11 21:41:00,516 | INFO | 
==================================================
2024-11-11 21:41:00,516 | INFO | 14:00:00 ET | CTV: $1.74 | NO SIGNAL - Price did not hit target entry of $1.95
2024-11-11 21:41:00,516 | INFO | ==================================================

2024-11-11 21:41:00,517 | INFO | 
==================================================
2024-11-11 21:41:00,517 | INFO | 14:00:00 ET | AQST: $5.19 | NO SIGNAL - Price did not hit target entry of $5.34
2024-11-11 21:41:00,517 | INFO | ==================================================

2024-11-11 21:41:00,519 | INFO | 
==================================================
2024-11-11 21:41:00,519 | INFO | 14:00:00 ET | XPEV: $13.72 | NO SIGNAL - Price did not hit target entry of $15.34
2024-11-11 21:41:00,519 | INFO | ==================================================

2024-11-11 21:41:00,625 | INFO | 
==================================================
2024-11-11 21:41:00,625 | INFO | Position Update - 14:30:00 ET
2024-11-11 21:41:00,625 | INFO | Active Positions: {'QUBT': 1.45, 'NVAX': 9.83, 'APLD': 8.02, 'RDNT': 95.46}
2024-11-11 21:41:00,625 | INFO | Closed Positions: {'RDNT', 'QUBT'}
2024-11-11 21:41:00,625 | INFO | ==================================================

2024-11-11 21:41:00,627 | INFO | 
==================================================
2024-11-11 21:41:00,627 | INFO | 14:30:00 ET | MCRB: $0.67 | NO SIGNAL - Price did not hit target entry of $0.74
2024-11-11 21:41:00,627 | INFO | ==================================================

2024-11-11 21:41:00,628 | INFO | 
==================================================
2024-11-11 21:41:00,628 | INFO | 14:30:00 ET | SMMT: $20.79 | NO SIGNAL - Price did not hit target entry of $21.82
2024-11-11 21:41:00,628 | INFO | ==================================================

2024-11-11 21:41:00,628 | INFO | 
==================================================
2024-11-11 21:41:00,628 | INFO | 14:30:00 ET | TDOC: $8.62 | NO SIGNAL - Price did not hit target entry of $9.85
2024-11-11 21:41:00,628 | INFO | ==================================================

2024-11-11 21:41:00,629 | INFO | 
==================================================
2024-11-11 21:41:00,629 | INFO | 14:30:00 ET | CIFR: $6.60 | NO SIGNAL - Price did not hit target entry of $7.53
2024-11-11 21:41:00,629 | INFO | ==================================================

2024-11-11 21:41:00,630 | INFO | 
==================================================
2024-11-11 21:41:00,630 | INFO | 14:30:00 ET | GEO: $24.60 | NO SIGNAL - Price did not hit target entry of $27.07
2024-11-11 21:41:00,630 | INFO | ==================================================

2024-11-11 21:41:00,631 | INFO | 
==================================================
2024-11-11 21:41:00,631 | INFO | 14:30:00 ET | CTV: $1.72 | NO SIGNAL - Price did not hit target entry of $1.95
2024-11-11 21:41:00,631 | INFO | ==================================================

2024-11-11 21:41:00,631 | INFO | 
==================================================
2024-11-11 21:41:00,631 | INFO | 14:30:00 ET | AQST: $5.28 | NO SIGNAL - Price did not hit target entry of $5.34
2024-11-11 21:41:00,631 | INFO | ==================================================

2024-11-11 21:41:00,633 | INFO | 
==================================================
2024-11-11 21:41:00,633 | INFO | 14:30:00 ET | XPEV: $13.86 | NO SIGNAL - Price did not hit target entry of $15.34
2024-11-11 21:41:00,633 | INFO | ==================================================

2024-11-11 21:41:00,739 | INFO | 
==================================================
2024-11-11 21:41:00,739 | INFO | Position Update - 15:00:00 ET
2024-11-11 21:41:00,739 | INFO | Active Positions: {'QUBT': 1.45, 'NVAX': 9.83, 'APLD': 8.02, 'RDNT': 95.46}
2024-11-11 21:41:00,739 | INFO | Closed Positions: {'RDNT', 'QUBT'}
2024-11-11 21:41:00,739 | INFO | ==================================================

2024-11-11 21:41:00,743 | INFO | 
==================================================
2024-11-11 21:41:00,743 | INFO | 15:00:00 ET | MCRB: $0.66 | NO SIGNAL - Price did not hit target entry of $0.74
2024-11-11 21:41:00,743 | INFO | ==================================================

2024-11-11 21:41:00,744 | INFO | 
==================================================
2024-11-11 21:41:00,744 | INFO | 15:00:00 ET | SMMT: $20.95 | NO SIGNAL - Price did not hit target entry of $21.82
2024-11-11 21:41:00,744 | INFO | ==================================================

2024-11-11 21:41:00,745 | INFO | 
==================================================
2024-11-11 21:41:00,745 | INFO | 15:00:00 ET | TDOC: $8.74 | NO SIGNAL - Price did not hit target entry of $9.85
2024-11-11 21:41:00,745 | INFO | ==================================================

2024-11-11 21:41:00,747 | INFO | 
==================================================
2024-11-11 21:41:00,748 | INFO | 15:00:00 ET | CIFR: $6.75 | NO SIGNAL - Price did not hit target entry of $7.53
2024-11-11 21:41:00,748 | INFO | ==================================================

2024-11-11 21:41:00,749 | INFO | 
==================================================
2024-11-11 21:41:00,749 | INFO | 15:00:00 ET | GEO: $25.13 | NO SIGNAL - Price did not hit target entry of $27.07
2024-11-11 21:41:00,749 | INFO | ==================================================

2024-11-11 21:41:00,750 | INFO | 
==================================================
2024-11-11 21:41:00,750 | INFO | 15:00:00 ET | CTV: $1.69 | NO SIGNAL - Price did not hit target entry of $1.95
2024-11-11 21:41:00,750 | INFO | ==================================================

2024-11-11 21:41:00,981 | INFO | 
==================================================
2024-11-11 21:41:00,981 | INFO | 15:00:00 ET | AQST: $5.37 | 🔴 SHORT SIGNAL | Target: $5.34
2024-11-11 21:41:00,982 | INFO | Order Details: 200 shares @ $5.37 = $1074.00
2024-11-11 21:41:00,982 | INFO | ✅ Mock data mode: Order would have been placed
2024-11-11 21:41:00,984 | INFO | ==================================================

2024-11-11 21:41:01,095 | INFO | 
==================================================
2024-11-11 21:41:01,095 | INFO | 15:00:00 ET | XPEV: $14.48 | NO SIGNAL - Price did not hit target entry of $15.34
2024-11-11 21:41:01,095 | INFO | ==================================================

2024-11-11 21:41:01,197 | INFO | 
==================================================
2024-11-11 21:41:01,198 | INFO | Position Update - 15:30:00 ET
2024-11-11 21:41:01,198 | INFO | Active Positions: {'QUBT': 1.45, 'NVAX': 9.83, 'APLD': 8.02, 'RDNT': 95.46, 'AQST': 5.37}
2024-11-11 21:41:01,198 | INFO | Closed Positions: {'RDNT', 'QUBT'}
2024-11-11 21:41:01,198 | INFO | ==================================================

2024-11-11 21:41:01,203 | INFO | 
==================================================
2024-11-11 21:41:01,203 | INFO | 15:30:00 ET | MCRB: $0.66 | NO SIGNAL - Price did not hit target entry of $0.74
2024-11-11 21:41:01,203 | INFO | ==================================================

2024-11-11 21:41:01,205 | INFO | 
==================================================
2024-11-11 21:41:01,205 | INFO | 15:30:00 ET | SMMT: $20.01 | NO SIGNAL - Price did not hit target entry of $21.82
2024-11-11 21:41:01,205 | INFO | ==================================================

2024-11-11 21:41:01,207 | INFO | 
==================================================
2024-11-11 21:41:01,207 | INFO | 15:30:00 ET | TDOC: $8.64 | NO SIGNAL - Price did not hit target entry of $9.85
2024-11-11 21:41:01,207 | INFO | ==================================================

2024-11-11 21:41:01,208 | INFO | 
==================================================
2024-11-11 21:41:01,209 | INFO | 15:30:00 ET | CIFR: $6.83 | NO SIGNAL - Price did not hit target entry of $7.53
2024-11-11 21:41:01,209 | INFO | ==================================================

2024-11-11 21:41:01,211 | INFO | 
==================================================
2024-11-11 21:41:01,211 | INFO | 15:30:00 ET | GEO: $25.27 | NO SIGNAL - Price did not hit target entry of $27.07
2024-11-11 21:41:01,211 | INFO | ==================================================

2024-11-11 21:41:01,212 | INFO | 
==================================================
2024-11-11 21:41:01,212 | INFO | 15:30:00 ET | CTV: $1.66 | NO SIGNAL - Price did not hit target entry of $1.95
2024-11-11 21:41:01,212 | INFO | ==================================================

2024-11-11 21:41:01,216 | INFO | 
==================================================
2024-11-11 21:41:01,216 | INFO | 15:30:00 ET | XPEV: $14.23 | NO SIGNAL - Price did not hit target entry of $15.34
2024-11-11 21:41:01,216 | INFO | ==================================================

2024-11-11 21:41:01,216 | INFO | 
==================================================
2024-11-11 21:41:01,216 | INFO | 15:30:00 ET | END OF DAY CLOSING
2024-11-11 21:41:01,216 | INFO | Closing 3 positions
2024-11-11 21:41:01,216 | INFO | APLD: $8.59 | Entry: $8.02 | ⏰ END OF DAY CLOSE
2024-11-11 21:41:01,217 | INFO | AQST: $5.27 | Entry: $5.37 | ⏰ END OF DAY CLOSE
2024-11-11 21:41:01,217 | INFO | NVAX: $9.99 | Entry: $9.83 | ⏰ END OF DAY CLOSE
2024-11-11 21:41:01,217 | INFO | ==================================================

2024-11-11 21:41:01,363 | INFO | Trading events saved to mock_stream/trading_events_20241111_214101.xlsx
2024-11-11 21:41:01,363 | INFO | Price details saved to mock_stream/details_20241111_214101.xlsx
