2024-11-12 13:29:03,834 | INFO | Logging to: logs/strategy_execution_20241112_132903.log
2024-11-12 13:29:03,834 | INFO | Starting VWAP spike strategy execution...
2024-11-12 13:29:03,834 | INFO | 
==================================================
2024-11-12 13:29:03,834 | INFO | Starting Strategy with Stocks:
2024-11-12 13:29:03,834 | INFO | LYFT   | Target Entry: $19.32
2024-11-12 13:29:03,834 | INFO | ==================================================

2024-11-12 13:29:03,834 | INFO | Starting pre-market tracking phase...
2024-11-12 13:29:03,834 | INFO | 
==================================================
2024-11-12 13:29:03,834 | INFO | Starting pre-market tracking...
2024-11-12 13:29:03,834 | INFO | Initial symbols: 1
2024-11-12 13:29:03,834 | INFO | Current time: 16:29:03 ET
2024-11-12 13:29:03,834 | INFO | Market opens at: 09:30:00 ET
2024-11-12 13:29:03,834 | INFO | ==================================================

2024-11-12 13:29:04,603 | INFO | 
==================================================
2024-11-12 13:29:04,603 | INFO | Starting main trading stream...
2024-11-12 13:29:04,603 | INFO | Tracking 1 symbols
2024-11-12 13:29:04,603 | INFO | Market open: 09:30:00 ET
2024-11-12 13:29:04,603 | INFO | Strategy end: 16:30:00 ET
2024-11-12 13:29:04,603 | INFO | ==================================================

2024-11-12 13:29:05,110 | INFO | 
==================================================
2024-11-12 13:29:05,110 | INFO | 16:29:05 ET | LYFT: $18.33 | NO SIGNAL - Price did not hit target entry of $19.32
2024-11-12 13:29:05,110 | INFO | ==================================================

