2024-11-12 13:23:33,030 | INFO | Logging to: logs/strategy_execution_20241112_132333.log
2024-11-12 13:23:33,030 | INFO | Starting VWAP spike strategy execution...
2024-11-12 13:23:33,030 | INFO | 
==================================================
2024-11-12 13:23:33,031 | INFO | Starting Strategy with Stocks:
2024-11-12 13:23:33,031 | INFO | LYFT   | Target Entry: $19.32
2024-11-12 13:23:33,031 | INFO | ==================================================

2024-11-12 13:23:33,031 | INFO | Starting pre-market tracking phase...
2024-11-12 13:23:33,031 | INFO | 
==================================================
2024-11-12 13:23:33,031 | INFO | Starting pre-market tracking...
2024-11-12 13:23:33,031 | INFO | Initial symbols: 1
2024-11-12 13:23:33,031 | INFO | Current time: 16:23:33 ET
2024-11-12 13:23:33,031 | INFO | Market opens at: 09:30:00 ET
2024-11-12 13:23:33,031 | INFO | ==================================================

2024-11-12 13:23:33,591 | INFO | 
==================================================
2024-11-12 13:23:33,591 | INFO | Starting main trading stream...
2024-11-12 13:23:33,592 | INFO | Tracking 1 symbols
2024-11-12 13:23:33,592 | INFO | Market open: 09:30:00 ET
2024-11-12 13:23:33,592 | INFO | Strategy end: 16:30:00 ET
2024-11-12 13:23:33,592 | INFO | ==================================================

2024-11-12 13:23:34,097 | INFO | 
==================================================
2024-11-12 13:23:34,097 | INFO | 16:23:34 ET | LYFT: $18.33 | NO SIGNAL - Price did not hit target entry of $19.32
2024-11-12 13:23:34,097 | INFO | ==================================================

