2024-11-12 13:14:28,864 | INFO | Logging to: logs/strategy_execution_20241112_131428.log
2024-11-12 13:14:28,864 | INFO | Starting VWAP spike strategy execution...
2024-11-12 13:14:28,865 | INFO | 
==================================================
2024-11-12 13:14:28,865 | INFO | Starting Strategy with Stocks:
2024-11-12 13:14:28,865 | INFO | LYFT   | Target Entry: $19.32
2024-11-12 13:14:28,865 | INFO | ==================================================

2024-11-12 13:14:28,865 | INFO | Starting pre-market tracking phase...
2024-11-12 13:14:28,865 | INFO | 
==================================================
2024-11-12 13:14:28,865 | INFO | Starting pre-market tracking...
2024-11-12 13:14:28,865 | INFO | Initial symbols: 1
2024-11-12 13:14:28,865 | INFO | Current time: 16:14:28 ET
2024-11-12 13:14:28,865 | INFO | Market opens at: 09:30:00 ET
2024-11-12 13:14:28,865 | INFO | ==================================================

2024-11-12 13:14:29,391 | INFO | 
==================================================
2024-11-12 13:14:29,392 | INFO | Starting main trading stream...
2024-11-12 13:14:29,392 | INFO | Tracking 1 symbols
2024-11-12 13:14:29,392 | INFO | Market open: 09:30:00 ET
2024-11-12 13:14:29,392 | INFO | Strategy end: 15:30:00 ET
2024-11-12 13:14:29,392 | INFO | ==================================================

