2024-11-12 13:31:43,927 | INFO | Logging to: logs/strategy_execution_20241112_133143.log
2024-11-12 13:31:43,927 | INFO | Starting VWAP spike strategy execution...
2024-11-12 13:31:43,927 | INFO | 
==================================================
2024-11-12 13:31:43,927 | INFO | Starting Strategy with Stocks:
2024-11-12 13:31:43,927 | INFO | LYFT   | Target Entry: $19.32
2024-11-12 13:31:43,927 | INFO | ==================================================

2024-11-12 13:31:43,927 | INFO | Starting pre-market tracking phase...
2024-11-12 13:31:43,927 | INFO | 
==================================================
2024-11-12 13:31:43,927 | INFO | Starting pre-market tracking...
2024-11-12 13:31:43,927 | INFO | Initial symbols: 1
2024-11-12 13:31:43,927 | INFO | Current time: 16:31:43 ET
2024-11-12 13:31:43,927 | INFO | Market opens at: 09:30:00 ET
2024-11-12 13:31:43,927 | INFO | ==================================================

2024-11-12 13:31:44,445 | INFO | Stopping pre-market streamer...
2024-11-12 13:31:44,445 | INFO | Pre-market streamer stopped successfully
2024-11-12 13:31:44,446 | INFO | 
==================================================
2024-11-12 13:31:44,446 | INFO | Starting main trading stream...
2024-11-12 13:31:44,446 | INFO | Tracking 1 symbols
2024-11-12 13:31:44,446 | INFO | Market open: 09:30:00 ET
2024-11-12 13:31:44,446 | INFO | Strategy end: 18:30:00 ET
2024-11-12 13:31:44,446 | INFO | ==================================================

2024-11-12 13:31:44,953 | INFO | 
==================================================
2024-11-12 13:31:44,954 | INFO | 16:31:44 ET | LYFT: $18.33 | NO SIGNAL - Price did not hit target entry of $19.32
2024-11-12 13:31:44,954 | INFO | ==================================================

2024-11-12 13:31:47,761 | INFO | 
==================================================
2024-11-12 13:31:47,761 | INFO | 16:31:47 ET | LYFT: $18.33 | NO SIGNAL - Price did not hit target entry of $19.32
2024-11-12 13:31:47,761 | INFO | ==================================================

