2024-11-11 21:36:35,814 | INFO | Logging to: logs/strategy_execution_20241111_213635.log
2024-11-11 21:36:35,814 | INFO | Starting VWAP spike strategy execution...
2024-11-11 21:36:35,814 | INFO | 
==================================================
2024-11-11 21:36:35,814 | INFO | Starting Strategy with Stocks:
2024-11-11 21:36:35,815 | INFO | BMY    | Target Entry: $60.17
2024-11-11 21:36:35,815 | INFO | QUBT   | Target Entry: $1.45
2024-11-11 21:36:35,815 | INFO | MCRB   | Target Entry: $0.74
2024-11-11 21:36:35,815 | INFO | SMMT   | Target Entry: $21.82
2024-11-11 21:36:35,815 | INFO | TNYA   | Target Entry: $2.81
2024-11-11 21:36:35,815 | INFO | TDOC   | Target Entry: $9.85
2024-11-11 21:36:35,815 | INFO | NVAX   | Target Entry: $9.65
2024-11-11 21:36:35,815 | INFO | CIFR   | Target Entry: $7.53
2024-11-11 21:36:35,815 | INFO | APLD   | Target Entry: $8.00
2024-11-11 21:36:35,815 | INFO | GEO    | Target Entry: $27.07
2024-11-11 21:36:35,815 | INFO | CTV    | Target Entry: $1.95
2024-11-11 21:36:35,815 | INFO | AI     | Target Entry: $28.73
2024-11-11 21:36:35,815 | INFO | AQST   | Target Entry: $5.34
2024-11-11 21:36:35,815 | INFO | RDNT   | Target Entry: $90.04
2024-11-11 21:36:35,815 | INFO | SLS    | Target Entry: $1.27
2024-11-11 21:36:35,815 | INFO | XPEV   | Target Entry: $15.34
2024-11-11 21:36:35,815 | INFO | ==================================================

2024-11-11 21:36:35,816 | INFO | Starting pre-market tracking phase...
2024-11-11 21:36:35,816 | INFO | 
==================================================
2024-11-11 21:36:35,816 | INFO | Starting pre-market tracking...
2024-11-11 21:36:35,816 | INFO | Initial symbols: 16
2024-11-11 21:36:35,816 | INFO | Current time: 00:00:00 ET
2024-11-11 21:36:35,816 | INFO | Market opens at: 09:30:00 ET
2024-11-11 21:36:35,816 | INFO | ==================================================

2024-11-11 21:36:35,817 | INFO | 2024-11-12 00:30:00 | QUBT REMOVED - Breached yesterday's high
2024-11-11 21:36:35,817 | INFO | 2024-11-12 00:30:00 | MCRB REMOVED - Breached yesterday's high
2024-11-11 21:36:35,818 | INFO | 
==================================================
2024-11-11 21:36:35,818 | INFO | Pre-market status - 00:30:00 ET
2024-11-11 21:36:35,818 | INFO | Hours until market open: 9.0
2024-11-11 21:36:35,818 | INFO | Symbols being tracked: 14
2024-11-11 21:36:35,818 | INFO | Symbols removed: 2
2024-11-11 21:36:35,818 | INFO | ==================================================

2024-11-11 21:36:35,924 | INFO | 2024-11-12 01:00:00 | BMY New high: $65.40 | Yesterday High: $62.35
2024-11-11 21:36:35,924 | INFO | 2024-11-12 01:00:00 | BMY REMOVED - Breached yesterday's high
2024-11-11 21:36:35,925 | INFO | 2024-11-12 01:00:00 | NVAX New high: $9.32 | Yesterday High: $10.74
2024-11-11 21:36:35,925 | INFO | 2024-11-12 01:00:00 | CTV New high: $2.05 | Yesterday High: $2.00
2024-11-11 21:36:35,926 | INFO | 2024-11-12 01:00:00 | CTV REMOVED - Breached yesterday's high
2024-11-11 21:36:36,027 | INFO | 2024-11-12 01:30:00 | SMMT New high: $21.49 | Yesterday High: $22.53
2024-11-11 21:36:36,028 | INFO | 2024-11-12 01:30:00 | TNYA New high: $2.83 | Yesterday High: $3.03
2024-11-11 21:36:36,028 | INFO | 2024-11-12 01:30:00 | NVAX New high: $10.02 | Yesterday High: $10.74
2024-11-11 21:36:36,029 | INFO | 2024-11-12 01:30:00 | GEO New high: $28.09 | Yesterday High: $27.88
2024-11-11 21:36:36,030 | INFO | 2024-11-12 01:30:00 | GEO REMOVED - Breached yesterday's high
2024-11-11 21:36:36,030 | INFO | 2024-11-12 01:30:00 | AQST New high: $5.19 | Yesterday High: $5.59
2024-11-11 21:36:36,031 | INFO | 
==================================================
2024-11-11 21:36:36,031 | INFO | Pre-market status - 01:30:00 ET
2024-11-11 21:36:36,031 | INFO | Hours until market open: 8.0
2024-11-11 21:36:36,031 | INFO | Symbols being tracked: 11
2024-11-11 21:36:36,031 | INFO | Symbols removed: 5
2024-11-11 21:36:36,031 | INFO | ==================================================

2024-11-11 21:36:36,139 | INFO | 2024-11-12 02:00:00 | TNYA New high: $3.08 | Yesterday High: $3.03
2024-11-11 21:36:36,141 | INFO | 2024-11-12 02:00:00 | TNYA REMOVED - Breached yesterday's high
2024-11-11 21:36:36,141 | INFO | 2024-11-12 02:00:00 | APLD New high: $8.34 | Yesterday High: $8.22
2024-11-11 21:36:36,142 | INFO | 2024-11-12 02:00:00 | APLD REMOVED - Breached yesterday's high
2024-11-11 21:36:36,143 | INFO | 2024-11-12 02:00:00 | SLS New high: $1.26 | Yesterday High: $1.31
2024-11-11 21:36:36,250 | INFO | 
==================================================
2024-11-11 21:36:36,250 | INFO | Pre-market status - 02:30:00 ET
2024-11-11 21:36:36,250 | INFO | Hours until market open: 7.0
2024-11-11 21:36:36,250 | INFO | Symbols being tracked: 9
2024-11-11 21:36:36,250 | INFO | Symbols removed: 7
2024-11-11 21:36:36,250 | INFO | ==================================================

2024-11-11 21:36:36,358 | INFO | 2024-11-12 03:00:00 | RDNT New high: $99.62 | Yesterday High: $95.00
2024-11-11 21:36:36,360 | INFO | 2024-11-12 03:00:00 | RDNT REMOVED - Breached yesterday's high
2024-11-11 21:36:36,465 | INFO | 2024-11-12 03:30:00 | CIFR New high: $7.14 | Yesterday High: $7.95
2024-11-11 21:36:36,466 | INFO | 2024-11-12 03:30:00 | AQST New high: $5.37 | Yesterday High: $5.59
2024-11-11 21:36:36,467 | INFO | 
==================================================
2024-11-11 21:36:36,467 | INFO | Pre-market status - 03:30:00 ET
2024-11-11 21:36:36,467 | INFO | Hours until market open: 6.0
2024-11-11 21:36:36,467 | INFO | Symbols being tracked: 8
2024-11-11 21:36:36,467 | INFO | Symbols removed: 8
2024-11-11 21:36:36,467 | INFO | ==================================================

2024-11-11 21:36:36,573 | INFO | 2024-11-12 04:00:00 | CIFR New high: $7.28 | Yesterday High: $7.95
2024-11-11 21:36:36,574 | INFO | 2024-11-12 04:00:00 | AQST New high: $5.64 | Yesterday High: $5.59
2024-11-11 21:36:36,574 | INFO | 2024-11-12 04:00:00 | AQST REMOVED - Breached yesterday's high
2024-11-11 21:36:36,678 | INFO | 2024-11-12 04:30:00 | CIFR New high: $7.84 | Yesterday High: $7.95
2024-11-11 21:36:36,679 | INFO | 
==================================================
2024-11-11 21:36:36,679 | INFO | Pre-market status - 04:30:00 ET
2024-11-11 21:36:36,679 | INFO | Hours until market open: 5.0
2024-11-11 21:36:36,679 | INFO | Symbols being tracked: 7
2024-11-11 21:36:36,679 | INFO | Symbols removed: 9
2024-11-11 21:36:36,679 | INFO | ==================================================

2024-11-11 21:36:36,786 | INFO | 2024-11-12 05:00:00 | CIFR New high: $8.21 | Yesterday High: $7.95
2024-11-11 21:36:36,787 | INFO | 2024-11-12 05:00:00 | CIFR REMOVED - Breached yesterday's high
2024-11-11 21:36:36,895 | INFO | 
==================================================
2024-11-11 21:36:36,895 | INFO | Pre-market status - 05:30:00 ET
2024-11-11 21:36:36,895 | INFO | Hours until market open: 4.0
2024-11-11 21:36:36,895 | INFO | Symbols being tracked: 6
2024-11-11 21:36:36,895 | INFO | Symbols removed: 10
2024-11-11 21:36:36,895 | INFO | ==================================================

2024-11-11 21:36:37,108 | INFO | 
==================================================
2024-11-11 21:36:37,108 | INFO | Pre-market status - 06:30:00 ET
2024-11-11 21:36:37,108 | INFO | Hours until market open: 3.0
2024-11-11 21:36:37,108 | INFO | Symbols being tracked: 6
2024-11-11 21:36:37,108 | INFO | Symbols removed: 10
2024-11-11 21:36:37,108 | INFO | ==================================================

2024-11-11 21:36:37,319 | INFO | 
==================================================
2024-11-11 21:36:37,320 | INFO | Pre-market status - 07:30:00 ET
2024-11-11 21:36:37,320 | INFO | Hours until market open: 2.0
2024-11-11 21:36:37,320 | INFO | Symbols being tracked: 6
2024-11-11 21:36:37,320 | INFO | Symbols removed: 10
2024-11-11 21:36:37,320 | INFO | ==================================================

2024-11-11 21:36:37,428 | INFO | 2024-11-12 08:00:00 | TDOC New high: $9.76 | Yesterday High: $10.13
2024-11-11 21:36:37,534 | INFO | 2024-11-12 08:30:00 | SMMT New high: $22.37 | Yesterday High: $22.53
2024-11-11 21:36:37,537 | INFO | 
==================================================
2024-11-11 21:36:37,538 | INFO | Pre-market status - 08:30:00 ET
2024-11-11 21:36:37,538 | INFO | Hours until market open: 1.0
2024-11-11 21:36:37,538 | INFO | Symbols being tracked: 6
2024-11-11 21:36:37,538 | INFO | Symbols removed: 10
2024-11-11 21:36:37,538 | INFO | ==================================================

2024-11-11 21:36:37,645 | INFO | 2024-11-12 09:00:00 | SMMT New high: $23.43 | Yesterday High: $22.53
2024-11-11 21:36:37,646 | INFO | 2024-11-12 09:00:00 | SMMT REMOVED - Breached yesterday's high
2024-11-11 21:36:37,752 | INFO | 
==================================================
2024-11-11 21:36:37,752 | INFO | Pre-market status - 09:30:00 ET
2024-11-11 21:36:37,752 | INFO | Hours until market open: 0.0
2024-11-11 21:36:37,752 | INFO | Symbols being tracked: 5
2024-11-11 21:36:37,752 | INFO | Symbols removed: 11
2024-11-11 21:36:37,752 | INFO | ==================================================

2024-11-11 21:36:37,857 | INFO | 
==================================================
2024-11-11 21:36:37,857 | INFO | Pre-market tracking completed
2024-11-11 21:36:37,857 | INFO | Removed 11 symbols that exceeded yesterday's high:
2024-11-11 21:36:37,858 | INFO | - APLD: Pre-market high $8.34 > Yesterday high $8.22
2024-11-11 21:36:37,858 | INFO | - AQST: Pre-market high $5.64 > Yesterday high $5.59
2024-11-11 21:36:37,858 | INFO | - BMY: Pre-market high $65.40 > Yesterday high $62.35
2024-11-11 21:36:37,858 | INFO | - CIFR: Pre-market high $8.21 > Yesterday high $7.95
2024-11-11 21:36:37,859 | INFO | - CTV: Pre-market high $2.05 > Yesterday high $2.00
2024-11-11 21:36:37,859 | INFO | - GEO: Pre-market high $28.09 > Yesterday high $27.88
2024-11-11 21:36:37,859 | INFO | - MCRB: Pre-market high $0.77 > Yesterday high $0.76
2024-11-11 21:36:37,859 | INFO | - QUBT: Pre-market high $1.57 > Yesterday high $1.56
2024-11-11 21:36:37,859 | INFO | - RDNT: Pre-market high $99.62 > Yesterday high $95.00
2024-11-11 21:36:37,859 | INFO | - SMMT: Pre-market high $23.43 > Yesterday high $22.53
2024-11-11 21:36:37,860 | INFO | - TNYA: Pre-market high $3.08 > Yesterday high $3.03
2024-11-11 21:36:37,860 | INFO | Symbols remaining: 16 → 5
2024-11-11 21:36:37,860 | INFO | ==================================================

2024-11-11 21:36:37,860 | INFO | 
==================================================
2024-11-11 21:36:37,860 | INFO | Starting main trading stream...
2024-11-11 21:36:37,860 | INFO | Tracking 5 symbols
2024-11-11 21:36:37,860 | INFO | Market open: 09:30:00 ET
2024-11-11 21:36:37,860 | INFO | Strategy end: 15:30:00 ET
2024-11-11 21:36:37,860 | INFO | ==================================================

2024-11-11 21:36:37,861 | INFO | 
==================================================
2024-11-11 21:36:37,861 | INFO | Position Update - 10:00:00 ET
2024-11-11 21:36:37,861 | INFO | Active Positions: {}
2024-11-11 21:36:37,861 | INFO | Closed Positions: set()
2024-11-11 21:36:37,861 | INFO | ==================================================

2024-11-11 21:36:37,865 | INFO | 
==================================================
2024-11-11 21:36:37,865 | INFO | 10:00:00 ET | TDOC: $9.24 | NO SIGNAL - Price did not hit target entry of $9.85
2024-11-11 21:36:37,865 | INFO | ==================================================

2024-11-11 21:36:37,866 | INFO | 
==================================================
2024-11-11 21:36:37,866 | INFO | 10:00:00 ET | NVAX: $8.17 | NO SIGNAL - Price did not hit target entry of $9.65
2024-11-11 21:36:37,866 | INFO | ==================================================

2024-11-11 21:36:37,867 | INFO | 
==================================================
2024-11-11 21:36:37,868 | INFO | 10:00:00 ET | AI: $18.80 | NO SIGNAL - Price did not hit target entry of $28.73
2024-11-11 21:36:37,868 | INFO | ==================================================

2024-11-11 21:36:37,869 | INFO | 
==================================================
2024-11-11 21:36:37,869 | INFO | 10:00:00 ET | SLS: $1.09 | NO SIGNAL - Price did not hit target entry of $1.27
2024-11-11 21:36:37,869 | INFO | ==================================================

2024-11-11 21:36:37,869 | INFO | 
==================================================
2024-11-11 21:36:37,870 | INFO | 10:00:00 ET | XPEV: $10.83 | NO SIGNAL - Price did not hit target entry of $15.34
2024-11-11 21:36:37,870 | INFO | ==================================================

2024-11-11 21:36:37,975 | INFO | 
==================================================
2024-11-11 21:36:37,976 | INFO | Position Update - 10:30:00 ET
2024-11-11 21:36:37,976 | INFO | Active Positions: {}
2024-11-11 21:36:37,976 | INFO | Closed Positions: set()
2024-11-11 21:36:37,976 | INFO | ==================================================

2024-11-11 21:36:37,981 | INFO | 
==================================================
2024-11-11 21:36:37,981 | INFO | 10:30:00 ET | TDOC: $9.46 | NO SIGNAL - Price did not hit target entry of $9.85
2024-11-11 21:36:37,981 | INFO | ==================================================

2024-11-11 21:36:37,982 | INFO | 
==================================================
2024-11-11 21:36:37,982 | INFO | 10:30:00 ET | NVAX: $7.64 | NO SIGNAL - Price did not hit target entry of $9.65
2024-11-11 21:36:37,982 | INFO | ==================================================

2024-11-11 21:36:37,985 | INFO | 
==================================================
2024-11-11 21:36:37,986 | INFO | 10:30:00 ET | AI: $18.44 | NO SIGNAL - Price did not hit target entry of $28.73
2024-11-11 21:36:37,986 | INFO | ==================================================

2024-11-11 21:36:37,988 | INFO | 
==================================================
2024-11-11 21:36:37,988 | INFO | 10:30:00 ET | SLS: $1.10 | NO SIGNAL - Price did not hit target entry of $1.27
2024-11-11 21:36:37,988 | INFO | ==================================================

2024-11-11 21:36:37,989 | INFO | 
==================================================
2024-11-11 21:36:37,989 | INFO | 10:30:00 ET | XPEV: $10.71 | NO SIGNAL - Price did not hit target entry of $15.34
2024-11-11 21:36:37,989 | INFO | ==================================================

2024-11-11 21:36:38,095 | INFO | 
==================================================
2024-11-11 21:36:38,095 | INFO | Position Update - 11:00:00 ET
2024-11-11 21:36:38,095 | INFO | Active Positions: {}
2024-11-11 21:36:38,095 | INFO | Closed Positions: set()
2024-11-11 21:36:38,095 | INFO | ==================================================

2024-11-11 21:36:38,101 | INFO | 
==================================================
2024-11-11 21:36:38,101 | INFO | 11:00:00 ET | TDOC: $9.30 | NO SIGNAL - Price did not hit target entry of $9.85
2024-11-11 21:36:38,101 | INFO | ==================================================

2024-11-11 21:36:38,103 | INFO | 
==================================================
2024-11-11 21:36:38,103 | INFO | 11:00:00 ET | NVAX: $7.53 | NO SIGNAL - Price did not hit target entry of $9.65
2024-11-11 21:36:38,103 | INFO | ==================================================

2024-11-11 21:36:38,107 | INFO | 
==================================================
2024-11-11 21:36:38,107 | INFO | 11:00:00 ET | AI: $18.66 | NO SIGNAL - Price did not hit target entry of $28.73
2024-11-11 21:36:38,107 | INFO | ==================================================

2024-11-11 21:36:38,109 | INFO | 
==================================================
2024-11-11 21:36:38,109 | INFO | 11:00:00 ET | SLS: $1.06 | NO SIGNAL - Price did not hit target entry of $1.27
2024-11-11 21:36:38,109 | INFO | ==================================================

2024-11-11 21:36:38,112 | INFO | 
==================================================
2024-11-11 21:36:38,113 | INFO | 11:00:00 ET | XPEV: $10.95 | NO SIGNAL - Price did not hit target entry of $15.34
2024-11-11 21:36:38,113 | INFO | ==================================================

2024-11-11 21:36:38,219 | INFO | 
==================================================
2024-11-11 21:36:38,219 | INFO | Position Update - 11:30:00 ET
2024-11-11 21:36:38,219 | INFO | Active Positions: {}
2024-11-11 21:36:38,219 | INFO | Closed Positions: set()
2024-11-11 21:36:38,219 | INFO | ==================================================

2024-11-11 21:36:38,226 | INFO | 
==================================================
2024-11-11 21:36:38,226 | INFO | 11:30:00 ET | TDOC: $9.23 | NO SIGNAL - Price did not hit target entry of $9.85
2024-11-11 21:36:38,226 | INFO | ==================================================

2024-11-11 21:36:38,227 | INFO | 
==================================================
2024-11-11 21:36:38,227 | INFO | 11:30:00 ET | NVAX: $7.60 | NO SIGNAL - Price did not hit target entry of $9.65
2024-11-11 21:36:38,228 | INFO | ==================================================

2024-11-11 21:36:38,231 | INFO | 
==================================================
2024-11-11 21:36:38,231 | INFO | 11:30:00 ET | AI: $18.33 | NO SIGNAL - Price did not hit target entry of $28.73
2024-11-11 21:36:38,231 | INFO | ==================================================

2024-11-11 21:36:38,234 | INFO | 
==================================================
2024-11-11 21:36:38,234 | INFO | 11:30:00 ET | SLS: $1.08 | NO SIGNAL - Price did not hit target entry of $1.27
2024-11-11 21:36:38,234 | INFO | ==================================================

2024-11-11 21:36:38,236 | INFO | 
==================================================
2024-11-11 21:36:38,236 | INFO | 11:30:00 ET | XPEV: $11.22 | NO SIGNAL - Price did not hit target entry of $15.34
2024-11-11 21:36:38,236 | INFO | ==================================================

2024-11-11 21:36:38,342 | INFO | 
==================================================
2024-11-11 21:36:38,343 | INFO | Position Update - 12:00:00 ET
2024-11-11 21:36:38,343 | INFO | Active Positions: {}
2024-11-11 21:36:38,343 | INFO | Closed Positions: set()
2024-11-11 21:36:38,343 | INFO | ==================================================

2024-11-11 21:36:38,349 | INFO | 
==================================================
2024-11-11 21:36:38,350 | INFO | 12:00:00 ET | TDOC: $9.02 | NO SIGNAL - Price did not hit target entry of $9.85
2024-11-11 21:36:38,350 | INFO | ==================================================

2024-11-11 21:36:38,351 | INFO | 
==================================================
2024-11-11 21:36:38,351 | INFO | 12:00:00 ET | NVAX: $7.11 | NO SIGNAL - Price did not hit target entry of $9.65
2024-11-11 21:36:38,351 | INFO | ==================================================

2024-11-11 21:36:38,354 | INFO | 
==================================================
2024-11-11 21:36:38,354 | INFO | 12:00:00 ET | AI: $18.02 | NO SIGNAL - Price did not hit target entry of $28.73
2024-11-11 21:36:38,355 | INFO | ==================================================

2024-11-11 21:36:38,356 | INFO | 
==================================================
2024-11-11 21:36:38,357 | INFO | 12:00:00 ET | SLS: $1.08 | NO SIGNAL - Price did not hit target entry of $1.27
2024-11-11 21:36:38,357 | INFO | ==================================================

2024-11-11 21:36:38,357 | INFO | 
==================================================
2024-11-11 21:36:38,358 | INFO | 12:00:00 ET | XPEV: $10.98 | NO SIGNAL - Price did not hit target entry of $15.34
2024-11-11 21:36:38,358 | INFO | ==================================================

2024-11-11 21:36:38,459 | INFO | 
==================================================
2024-11-11 21:36:38,459 | INFO | Position Update - 12:30:00 ET
2024-11-11 21:36:38,460 | INFO | Active Positions: {}
2024-11-11 21:36:38,460 | INFO | Closed Positions: set()
2024-11-11 21:36:38,460 | INFO | ==================================================

2024-11-11 21:36:38,463 | INFO | 
==================================================
2024-11-11 21:36:38,463 | INFO | 12:30:00 ET | TDOC: $8.87 | NO SIGNAL - Price did not hit target entry of $9.85
2024-11-11 21:36:38,463 | INFO | ==================================================

2024-11-11 21:36:38,463 | INFO | 
==================================================
2024-11-11 21:36:38,463 | INFO | 12:30:00 ET | NVAX: $7.41 | NO SIGNAL - Price did not hit target entry of $9.65
2024-11-11 21:36:38,463 | INFO | ==================================================

2024-11-11 21:36:38,465 | INFO | 
==================================================
2024-11-11 21:36:38,465 | INFO | 12:30:00 ET | AI: $18.88 | NO SIGNAL - Price did not hit target entry of $28.73
2024-11-11 21:36:38,465 | INFO | ==================================================

2024-11-11 21:36:38,466 | INFO | 
==================================================
2024-11-11 21:36:38,466 | INFO | 12:30:00 ET | SLS: $1.07 | NO SIGNAL - Price did not hit target entry of $1.27
2024-11-11 21:36:38,466 | INFO | ==================================================

2024-11-11 21:36:38,467 | INFO | 
==================================================
2024-11-11 21:36:38,467 | INFO | 12:30:00 ET | XPEV: $11.36 | NO SIGNAL - Price did not hit target entry of $15.34
2024-11-11 21:36:38,467 | INFO | ==================================================

2024-11-11 21:36:38,573 | INFO | 
==================================================
2024-11-11 21:36:38,573 | INFO | Position Update - 13:00:00 ET
2024-11-11 21:36:38,573 | INFO | Active Positions: {}
2024-11-11 21:36:38,573 | INFO | Closed Positions: set()
2024-11-11 21:36:38,573 | INFO | ==================================================

2024-11-11 21:36:38,575 | INFO | 
==================================================
2024-11-11 21:36:38,575 | INFO | 13:00:00 ET | TDOC: $8.76 | NO SIGNAL - Price did not hit target entry of $9.85
2024-11-11 21:36:38,575 | INFO | ==================================================

2024-11-11 21:36:38,575 | INFO | 
==================================================
2024-11-11 21:36:38,575 | INFO | 13:00:00 ET | NVAX: $7.37 | NO SIGNAL - Price did not hit target entry of $9.65
2024-11-11 21:36:38,575 | INFO | ==================================================

2024-11-11 21:36:38,576 | INFO | 
==================================================
2024-11-11 21:36:38,576 | INFO | 13:00:00 ET | AI: $19.31 | NO SIGNAL - Price did not hit target entry of $28.73
2024-11-11 21:36:38,576 | INFO | ==================================================

2024-11-11 21:36:38,577 | INFO | 
==================================================
2024-11-11 21:36:38,577 | INFO | 13:00:00 ET | SLS: $1.05 | NO SIGNAL - Price did not hit target entry of $1.27
2024-11-11 21:36:38,577 | INFO | ==================================================

2024-11-11 21:36:38,578 | INFO | 
==================================================
2024-11-11 21:36:38,578 | INFO | 13:00:00 ET | XPEV: $11.12 | NO SIGNAL - Price did not hit target entry of $15.34
2024-11-11 21:36:38,578 | INFO | ==================================================

2024-11-11 21:36:38,683 | INFO | 
==================================================
2024-11-11 21:36:38,683 | INFO | Position Update - 13:30:00 ET
2024-11-11 21:36:38,683 | INFO | Active Positions: {}
2024-11-11 21:36:38,683 | INFO | Closed Positions: set()
2024-11-11 21:36:38,683 | INFO | ==================================================

2024-11-11 21:36:38,687 | INFO | 
==================================================
2024-11-11 21:36:38,687 | INFO | 13:30:00 ET | TDOC: $8.66 | NO SIGNAL - Price did not hit target entry of $9.85
2024-11-11 21:36:38,687 | INFO | ==================================================

2024-11-11 21:36:38,687 | INFO | 
==================================================
2024-11-11 21:36:38,688 | INFO | 13:30:00 ET | NVAX: $7.54 | NO SIGNAL - Price did not hit target entry of $9.65
2024-11-11 21:36:38,688 | INFO | ==================================================

2024-11-11 21:36:38,690 | INFO | 
==================================================
2024-11-11 21:36:38,690 | INFO | 13:30:00 ET | AI: $18.99 | NO SIGNAL - Price did not hit target entry of $28.73
2024-11-11 21:36:38,690 | INFO | ==================================================

2024-11-11 21:36:38,692 | INFO | 
==================================================
2024-11-11 21:36:38,692 | INFO | 13:30:00 ET | SLS: $1.13 | NO SIGNAL - Price did not hit target entry of $1.27
2024-11-11 21:36:38,692 | INFO | ==================================================

2024-11-11 21:36:38,692 | INFO | 
==================================================
2024-11-11 21:36:38,692 | INFO | 13:30:00 ET | XPEV: $11.28 | NO SIGNAL - Price did not hit target entry of $15.34
2024-11-11 21:36:38,692 | INFO | ==================================================

2024-11-11 21:36:38,798 | INFO | 
==================================================
2024-11-11 21:36:38,798 | INFO | Position Update - 14:00:00 ET
2024-11-11 21:36:38,798 | INFO | Active Positions: {}
2024-11-11 21:36:38,798 | INFO | Closed Positions: set()
2024-11-11 21:36:38,798 | INFO | ==================================================

2024-11-11 21:36:38,800 | INFO | 
==================================================
2024-11-11 21:36:38,801 | INFO | 14:00:00 ET | TDOC: $8.84 | NO SIGNAL - Price did not hit target entry of $9.85
2024-11-11 21:36:38,801 | INFO | ==================================================

2024-11-11 21:36:38,801 | INFO | 
==================================================
2024-11-11 21:36:38,801 | INFO | 14:00:00 ET | NVAX: $7.63 | NO SIGNAL - Price did not hit target entry of $9.65
2024-11-11 21:36:38,801 | INFO | ==================================================

2024-11-11 21:36:38,805 | INFO | 
==================================================
2024-11-11 21:36:38,805 | INFO | 14:00:00 ET | AI: $18.62 | NO SIGNAL - Price did not hit target entry of $28.73
2024-11-11 21:36:38,805 | INFO | ==================================================

2024-11-11 21:36:38,806 | INFO | 
==================================================
2024-11-11 21:36:38,806 | INFO | 14:00:00 ET | SLS: $1.16 | NO SIGNAL - Price did not hit target entry of $1.27
2024-11-11 21:36:38,806 | INFO | ==================================================

2024-11-11 21:36:38,807 | INFO | 
==================================================
2024-11-11 21:36:38,807 | INFO | 14:00:00 ET | XPEV: $11.13 | NO SIGNAL - Price did not hit target entry of $15.34
2024-11-11 21:36:38,807 | INFO | ==================================================

2024-11-11 21:36:38,912 | INFO | 
==================================================
2024-11-11 21:36:38,912 | INFO | Position Update - 14:30:00 ET
2024-11-11 21:36:38,912 | INFO | Active Positions: {}
2024-11-11 21:36:38,912 | INFO | Closed Positions: set()
2024-11-11 21:36:38,912 | INFO | ==================================================

2024-11-11 21:36:38,916 | INFO | 
==================================================
2024-11-11 21:36:38,916 | INFO | 14:30:00 ET | TDOC: $9.19 | NO SIGNAL - Price did not hit target entry of $9.85
2024-11-11 21:36:38,916 | INFO | ==================================================

2024-11-11 21:36:38,917 | INFO | 
==================================================
2024-11-11 21:36:38,917 | INFO | 14:30:00 ET | NVAX: $7.81 | NO SIGNAL - Price did not hit target entry of $9.65
2024-11-11 21:36:38,917 | INFO | ==================================================

2024-11-11 21:36:38,919 | INFO | 
==================================================
2024-11-11 21:36:38,919 | INFO | 14:30:00 ET | AI: $18.42 | NO SIGNAL - Price did not hit target entry of $28.73
2024-11-11 21:36:38,919 | INFO | ==================================================

2024-11-11 21:36:38,920 | INFO | 
==================================================
2024-11-11 21:36:38,920 | INFO | 14:30:00 ET | SLS: $1.13 | NO SIGNAL - Price did not hit target entry of $1.27
2024-11-11 21:36:38,920 | INFO | ==================================================

2024-11-11 21:36:38,921 | INFO | 
==================================================
2024-11-11 21:36:38,921 | INFO | 14:30:00 ET | XPEV: $10.87 | NO SIGNAL - Price did not hit target entry of $15.34
2024-11-11 21:36:38,921 | INFO | ==================================================

2024-11-11 21:36:39,027 | INFO | 
==================================================
2024-11-11 21:36:39,028 | INFO | Position Update - 15:00:00 ET
2024-11-11 21:36:39,028 | INFO | Active Positions: {}
2024-11-11 21:36:39,028 | INFO | Closed Positions: set()
2024-11-11 21:36:39,028 | INFO | ==================================================

2024-11-11 21:36:39,032 | INFO | 
==================================================
2024-11-11 21:36:39,033 | INFO | 15:00:00 ET | TDOC: $9.25 | NO SIGNAL - Price did not hit target entry of $9.85
2024-11-11 21:36:39,033 | INFO | ==================================================

2024-11-11 21:36:39,033 | INFO | 
==================================================
2024-11-11 21:36:39,034 | INFO | 15:00:00 ET | NVAX: $7.62 | NO SIGNAL - Price did not hit target entry of $9.65
2024-11-11 21:36:39,034 | INFO | ==================================================

2024-11-11 21:36:39,036 | INFO | 
==================================================
2024-11-11 21:36:39,036 | INFO | 15:00:00 ET | AI: $18.29 | NO SIGNAL - Price did not hit target entry of $28.73
2024-11-11 21:36:39,036 | INFO | ==================================================

2024-11-11 21:36:39,040 | INFO | 
==================================================
2024-11-11 21:36:39,040 | INFO | 15:00:00 ET | SLS: $1.14 | NO SIGNAL - Price did not hit target entry of $1.27
2024-11-11 21:36:39,040 | INFO | ==================================================

2024-11-11 21:36:39,042 | INFO | 
==================================================
2024-11-11 21:36:39,042 | INFO | 15:00:00 ET | XPEV: $10.96 | NO SIGNAL - Price did not hit target entry of $15.34
2024-11-11 21:36:39,042 | INFO | ==================================================

2024-11-11 21:36:39,143 | INFO | 
==================================================
2024-11-11 21:36:39,143 | INFO | Position Update - 15:30:00 ET
2024-11-11 21:36:39,143 | INFO | Active Positions: {}
2024-11-11 21:36:39,143 | INFO | Closed Positions: set()
2024-11-11 21:36:39,143 | INFO | ==================================================

2024-11-11 21:36:39,146 | INFO | 
==================================================
2024-11-11 21:36:39,146 | INFO | 15:30:00 ET | TDOC: $8.95 | NO SIGNAL - Price did not hit target entry of $9.85
2024-11-11 21:36:39,146 | INFO | ==================================================

2024-11-11 21:36:39,147 | INFO | 
==================================================
2024-11-11 21:36:39,147 | INFO | 15:30:00 ET | NVAX: $7.56 | NO SIGNAL - Price did not hit target entry of $9.65
2024-11-11 21:36:39,147 | INFO | ==================================================

2024-11-11 21:36:39,148 | INFO | 
==================================================
2024-11-11 21:36:39,148 | INFO | 15:30:00 ET | AI: $17.83 | NO SIGNAL - Price did not hit target entry of $28.73
2024-11-11 21:36:39,148 | INFO | ==================================================

2024-11-11 21:36:39,149 | INFO | 
==================================================
2024-11-11 21:36:39,149 | INFO | 15:30:00 ET | SLS: $1.13 | NO SIGNAL - Price did not hit target entry of $1.27
2024-11-11 21:36:39,149 | INFO | ==================================================

2024-11-11 21:36:39,150 | INFO | 
==================================================
2024-11-11 21:36:39,150 | INFO | 15:30:00 ET | XPEV: $10.80 | NO SIGNAL - Price did not hit target entry of $15.34
2024-11-11 21:36:39,150 | INFO | ==================================================

2024-11-11 21:36:39,286 | INFO | Trading events saved to mock_stream/trading_events_20241111_213639.xlsx
2024-11-11 21:36:39,286 | INFO | Price details saved to mock_stream/details_20241111_213639.xlsx
