2024-11-12 13:05:06,266 | INFO | Logging to: logs/strategy_execution_20241112_130506.log
2024-11-12 13:05:06,266 | INFO | Starting VWAP spike strategy execution...
2024-11-12 13:05:06,266 | INFO | 
==================================================
2024-11-12 13:05:06,266 | INFO | Starting Strategy with Stocks:
2024-11-12 13:05:06,266 | INFO | LYFT   | Target Entry: $19.32
2024-11-12 13:05:06,266 | INFO | ==================================================

2024-11-12 13:05:06,267 | INFO | Starting pre-market tracking phase...
2024-11-12 13:05:06,267 | INFO | 
==================================================
2024-11-12 13:05:06,267 | INFO | Starting pre-market tracking...
2024-11-12 13:05:06,267 | INFO | Initial symbols: 1
2024-11-12 13:05:06,267 | INFO | Current time: 16:05:06 ET
2024-11-12 13:05:06,267 | INFO | Market opens at: 09:30:00 ET
2024-11-12 13:05:06,267 | INFO | ==================================================

2024-11-12 13:05:06,768 | INFO | 
==================================================
2024-11-12 13:05:06,768 | INFO | Starting main trading stream...
2024-11-12 13:05:06,768 | INFO | Tracking 1 symbols
2024-11-12 13:05:06,768 | INFO | Market open: 09:30:00 ET
2024-11-12 13:05:06,769 | INFO | Strategy end: 15:30:00 ET
2024-11-12 13:05:06,769 | INFO | ==================================================

