2024-11-12 12:33:03,499 | INFO | Logging to: logs/strategy_execution_20241112_123303.log
2024-11-12 12:33:03,499 | INFO | Starting VWAP spike strategy execution...
2024-11-12 12:33:03,500 | INFO | 
==================================================
2024-11-12 12:33:03,500 | INFO | Starting Strategy with Stocks:
2024-11-12 12:33:03,500 | INFO | LYFT   | Target Entry: $19.32
2024-11-12 12:33:03,500 | INFO | ==================================================

2024-11-12 12:33:03,500 | INFO | Starting pre-market tracking phase...
2024-11-12 12:33:03,500 | INFO | 
==================================================
2024-11-12 12:33:03,500 | INFO | Starting pre-market tracking...
2024-11-12 12:33:03,500 | INFO | Initial symbols: 1
2024-11-12 12:33:03,500 | INFO | Current time: 15:33:03 ET
2024-11-12 12:33:03,500 | INFO | Market opens at: 09:30:00 ET
2024-11-12 12:33:03,500 | INFO | ==================================================

2024-11-12 12:33:04,068 | INFO | 
==================================================
2024-11-12 12:33:04,068 | INFO | Starting main trading stream...
2024-11-12 12:33:04,068 | INFO | Tracking 1 symbols
2024-11-12 12:33:04,068 | INFO | Market open: 09:30:00 ET
2024-11-12 12:33:04,068 | INFO | Strategy end: 15:59:00 ET
2024-11-12 12:33:04,068 | INFO | ==================================================

2024-11-12 12:33:04,939 | INFO | 
==================================================
2024-11-12 12:33:04,939 | INFO | 15:33:04 ET | LYFT: $18.29 | 🔴 SHORT SIGNAL | Target: $19.32
2024-11-12 12:33:04,939 | INFO | Order Details: 1 shares @ $19.32 = $19.32
2024-11-12 12:33:04,939 | INFO | ✅ JUST TESTING: Order successfully placed and confirmed
2024-11-12 12:33:04,940 | INFO | ==================================================

2024-11-12 12:33:57,392 | INFO | Trading events saved to mock_stream/trading_events_20241112_123357.xlsx
2024-11-12 12:33:57,392 | INFO | Price details saved to mock_stream/details_20241112_123357.xlsx
