2024-11-12 13:17:04,053 | INFO | Logging to: logs/strategy_execution_20241112_131704.log
2024-11-12 13:17:04,053 | INFO | Starting VWAP spike strategy execution...
2024-11-12 13:17:04,053 | INFO | 
==================================================
2024-11-12 13:17:04,053 | INFO | Starting Strategy with Stocks:
2024-11-12 13:17:04,053 | INFO | LYFT   | Target Entry: $19.32
2024-11-12 13:17:04,053 | INFO | ==================================================

2024-11-12 13:17:04,054 | INFO | Starting pre-market tracking phase...
2024-11-12 13:17:04,054 | INFO | 
==================================================
2024-11-12 13:17:04,054 | INFO | Starting pre-market tracking...
2024-11-12 13:17:04,054 | INFO | Initial symbols: 1
2024-11-12 13:17:04,054 | INFO | Current time: 16:17:04 ET
2024-11-12 13:17:04,054 | INFO | Market opens at: 09:30:00 ET
2024-11-12 13:17:04,054 | INFO | ==================================================

2024-11-12 13:17:04,556 | INFO | 
==================================================
2024-11-12 13:17:04,557 | INFO | Starting main trading stream...
2024-11-12 13:17:04,557 | INFO | Tracking 1 symbols
2024-11-12 13:17:04,557 | INFO | Market open: 09:30:00 ET
2024-11-12 13:17:04,557 | INFO | Strategy end: 16:30:00 ET
2024-11-12 13:17:04,557 | INFO | ==================================================

2024-11-12 13:17:05,064 | ERROR | Error in strategy execution: '<' not supported between instances of 'datetime.datetime' and 'datetime.time'
