2024-11-11 21:37:09,417 | INFO | Logging to: logs/strategy_execution_20241111_213709.log
2024-11-11 21:37:09,417 | INFO | Starting VWAP spike strategy execution...
2024-11-11 21:37:09,417 | INFO | 
==================================================
2024-11-11 21:37:09,417 | INFO | Starting Strategy with Stocks:
2024-11-11 21:37:09,417 | INFO | BMY    | Target Entry: $60.17
2024-11-11 21:37:09,417 | INFO | QUBT   | Target Entry: $1.45
2024-11-11 21:37:09,417 | INFO | MCRB   | Target Entry: $0.74
2024-11-11 21:37:09,417 | INFO | SMMT   | Target Entry: $21.82
2024-11-11 21:37:09,417 | INFO | TNYA   | Target Entry: $2.81
2024-11-11 21:37:09,417 | INFO | TDOC   | Target Entry: $9.85
2024-11-11 21:37:09,417 | INFO | NVAX   | Target Entry: $9.65
2024-11-11 21:37:09,417 | INFO | CIFR   | Target Entry: $7.53
2024-11-11 21:37:09,418 | INFO | APLD   | Target Entry: $8.00
2024-11-11 21:37:09,418 | INFO | GEO    | Target Entry: $27.07
2024-11-11 21:37:09,418 | INFO | CTV    | Target Entry: $1.95
2024-11-11 21:37:09,418 | INFO | AI     | Target Entry: $28.73
2024-11-11 21:37:09,418 | INFO | AQST   | Target Entry: $5.34
2024-11-11 21:37:09,418 | INFO | RDNT   | Target Entry: $90.04
2024-11-11 21:37:09,418 | INFO | SLS    | Target Entry: $1.27
2024-11-11 21:37:09,418 | INFO | XPEV   | Target Entry: $15.34
2024-11-11 21:37:09,418 | INFO | ==================================================

2024-11-11 21:37:09,419 | INFO | Starting pre-market tracking phase...
2024-11-11 21:37:09,419 | INFO | 
==================================================
2024-11-11 21:37:09,419 | INFO | Starting pre-market tracking...
2024-11-11 21:37:09,419 | INFO | Initial symbols: 16
2024-11-11 21:37:09,419 | INFO | Current time: 00:00:00 ET
2024-11-11 21:37:09,419 | INFO | Market opens at: 09:30:00 ET
2024-11-11 21:37:09,419 | INFO | ==================================================

2024-11-11 21:37:09,420 | INFO | 
==================================================
2024-11-11 21:37:09,420 | INFO | Pre-market status - 00:30:00 ET
2024-11-11 21:37:09,420 | INFO | Hours until market open: 9.0
2024-11-11 21:37:09,420 | INFO | Symbols being tracked: 16
2024-11-11 21:37:09,420 | INFO | Symbols removed: 0
2024-11-11 21:37:09,420 | INFO | ==================================================

2024-11-11 21:37:09,526 | INFO | 2024-11-12 01:00:00 | QUBT New high: $1.44 | Yesterday High: $1.56
2024-11-11 21:37:09,526 | INFO | 2024-11-12 01:00:00 | MCRB New high: $0.74 | Yesterday High: $0.76
2024-11-11 21:37:09,526 | INFO | 2024-11-12 01:00:00 | SMMT New high: $22.12 | Yesterday High: $22.53
2024-11-11 21:37:09,526 | INFO | 2024-11-12 01:00:00 | TNYA New high: $2.83 | Yesterday High: $3.03
2024-11-11 21:37:09,527 | INFO | 2024-11-12 01:00:00 | TDOC New high: $9.77 | Yesterday High: $10.13
2024-11-11 21:37:09,527 | INFO | 2024-11-12 01:00:00 | RDNT New high: $87.49 | Yesterday High: $95.00
2024-11-11 21:37:09,527 | INFO | 2024-11-12 01:00:00 | SLS New high: $1.25 | Yesterday High: $1.31
2024-11-11 21:37:09,527 | INFO | 2024-11-12 01:00:00 | XPEV New high: $15.50 | Yesterday High: $15.68
2024-11-11 21:37:09,633 | INFO | 2024-11-12 01:30:00 | MCRB New high: $0.75 | Yesterday High: $0.76
2024-11-11 21:37:09,634 | INFO | 2024-11-12 01:30:00 | TDOC New high: $9.83 | Yesterday High: $10.13
2024-11-11 21:37:09,634 | INFO | 2024-11-12 01:30:00 | APLD New high: $7.87 | Yesterday High: $8.22
2024-11-11 21:37:09,635 | INFO | 
==================================================
2024-11-11 21:37:09,635 | INFO | Pre-market status - 01:30:00 ET
2024-11-11 21:37:09,635 | INFO | Hours until market open: 8.0
2024-11-11 21:37:09,635 | INFO | Symbols being tracked: 16
2024-11-11 21:37:09,635 | INFO | Symbols removed: 0
2024-11-11 21:37:09,635 | INFO | ==================================================

2024-11-11 21:37:09,744 | INFO | 2024-11-12 02:00:00 | APLD New high: $7.92 | Yesterday High: $8.22
2024-11-11 21:37:09,745 | INFO | 2024-11-12 02:00:00 | RDNT New high: $87.57 | Yesterday High: $95.00
2024-11-11 21:37:09,746 | INFO | 2024-11-12 02:00:00 | SLS New high: $1.27 | Yesterday High: $1.31
2024-11-11 21:37:09,857 | INFO | 2024-11-12 02:30:00 | SLS New high: $1.28 | Yesterday High: $1.31
2024-11-11 21:37:09,858 | INFO | 
==================================================
2024-11-11 21:37:09,858 | INFO | Pre-market status - 02:30:00 ET
2024-11-11 21:37:09,858 | INFO | Hours until market open: 7.0
2024-11-11 21:37:09,858 | INFO | Symbols being tracked: 16
2024-11-11 21:37:09,858 | INFO | Symbols removed: 0
2024-11-11 21:37:09,859 | INFO | ==================================================

2024-11-11 21:37:09,965 | INFO | 2024-11-12 03:00:00 | SMMT New high: $22.20 | Yesterday High: $22.53
2024-11-11 21:37:09,967 | INFO | 2024-11-12 03:00:00 | RDNT New high: $88.38 | Yesterday High: $95.00
2024-11-11 21:37:09,967 | INFO | 2024-11-12 03:00:00 | SLS New high: $1.30 | Yesterday High: $1.31
2024-11-11 21:37:10,073 | INFO | 2024-11-12 03:30:00 | SMMT New high: $22.70 | Yesterday High: $22.53
2024-11-11 21:37:10,074 | INFO | 2024-11-12 03:30:00 | SMMT REMOVED - Breached yesterday's high
2024-11-11 21:37:10,074 | INFO | 2024-11-12 03:30:00 | APLD New high: $8.14 | Yesterday High: $8.22
2024-11-11 21:37:10,075 | INFO | 
==================================================
2024-11-11 21:37:10,075 | INFO | Pre-market status - 03:30:00 ET
2024-11-11 21:37:10,075 | INFO | Hours until market open: 6.0
2024-11-11 21:37:10,075 | INFO | Symbols being tracked: 15
2024-11-11 21:37:10,075 | INFO | Symbols removed: 1
2024-11-11 21:37:10,075 | INFO | ==================================================

2024-11-11 21:37:10,182 | INFO | 2024-11-12 04:00:00 | CIFR New high: $7.58 | Yesterday High: $7.95
2024-11-11 21:37:10,182 | INFO | 2024-11-12 04:00:00 | GEO New high: $27.38 | Yesterday High: $27.88
2024-11-11 21:37:10,182 | INFO | 2024-11-12 04:00:00 | RDNT New high: $90.04 | Yesterday High: $95.00
2024-11-11 21:37:10,289 | INFO | 2024-11-12 04:30:00 | QUBT New high: $1.45 | Yesterday High: $1.56
2024-11-11 21:37:10,290 | INFO | 2024-11-12 04:30:00 | TNYA New high: $2.84 | Yesterday High: $3.03
2024-11-11 21:37:10,292 | INFO | 2024-11-12 04:30:00 | RDNT New high: $91.38 | Yesterday High: $95.00
2024-11-11 21:37:10,293 | INFO | 
==================================================
2024-11-11 21:37:10,293 | INFO | Pre-market status - 04:30:00 ET
2024-11-11 21:37:10,293 | INFO | Hours until market open: 5.0
2024-11-11 21:37:10,293 | INFO | Symbols being tracked: 15
2024-11-11 21:37:10,293 | INFO | Symbols removed: 1
2024-11-11 21:37:10,293 | INFO | ==================================================

2024-11-11 21:37:10,401 | INFO | 2024-11-12 05:00:00 | TNYA New high: $2.87 | Yesterday High: $3.03
2024-11-11 21:37:10,403 | INFO | 2024-11-12 05:00:00 | XPEV New high: $15.51 | Yesterday High: $15.68
2024-11-11 21:37:10,509 | INFO | 2024-11-12 05:30:00 | TNYA New high: $2.99 | Yesterday High: $3.03
2024-11-11 21:37:10,510 | INFO | 2024-11-12 05:30:00 | GEO New high: $27.44 | Yesterday High: $27.88
2024-11-11 21:37:10,511 | INFO | 2024-11-12 05:30:00 | XPEV New high: $15.85 | Yesterday High: $15.68
2024-11-11 21:37:10,512 | INFO | 2024-11-12 05:30:00 | XPEV REMOVED - Breached yesterday's high
2024-11-11 21:37:10,512 | INFO | 
==================================================
2024-11-11 21:37:10,512 | INFO | Pre-market status - 05:30:00 ET
2024-11-11 21:37:10,512 | INFO | Hours until market open: 4.0
2024-11-11 21:37:10,512 | INFO | Symbols being tracked: 14
2024-11-11 21:37:10,512 | INFO | Symbols removed: 2
2024-11-11 21:37:10,512 | INFO | ==================================================

2024-11-11 21:37:10,618 | INFO | 2024-11-12 06:00:00 | TNYA New high: $3.03 | Yesterday High: $3.03
2024-11-11 21:37:10,619 | INFO | 2024-11-12 06:00:00 | GEO New high: $27.91 | Yesterday High: $27.88
2024-11-11 21:37:10,620 | INFO | 2024-11-12 06:00:00 | GEO REMOVED - Breached yesterday's high
2024-11-11 21:37:10,730 | INFO | 
==================================================
2024-11-11 21:37:10,730 | INFO | Pre-market status - 06:30:00 ET
2024-11-11 21:37:10,730 | INFO | Hours until market open: 3.0
2024-11-11 21:37:10,730 | INFO | Symbols being tracked: 13
2024-11-11 21:37:10,730 | INFO | Symbols removed: 3
2024-11-11 21:37:10,730 | INFO | ==================================================

2024-11-11 21:37:10,947 | INFO | 
==================================================
2024-11-11 21:37:10,947 | INFO | Pre-market status - 07:30:00 ET
2024-11-11 21:37:10,948 | INFO | Hours until market open: 2.0
2024-11-11 21:37:10,948 | INFO | Symbols being tracked: 13
2024-11-11 21:37:10,948 | INFO | Symbols removed: 3
2024-11-11 21:37:10,948 | INFO | ==================================================

2024-11-11 21:37:11,056 | INFO | 2024-11-12 08:00:00 | CIFR New high: $7.62 | Yesterday High: $7.95
2024-11-11 21:37:11,168 | INFO | 
==================================================
2024-11-11 21:37:11,168 | INFO | Pre-market status - 08:30:00 ET
2024-11-11 21:37:11,168 | INFO | Hours until market open: 1.0
2024-11-11 21:37:11,168 | INFO | Symbols being tracked: 13
2024-11-11 21:37:11,168 | INFO | Symbols removed: 3
2024-11-11 21:37:11,168 | INFO | ==================================================

2024-11-11 21:37:11,277 | INFO | 2024-11-12 09:00:00 | CIFR New high: $7.67 | Yesterday High: $7.95
2024-11-11 21:37:11,278 | INFO | 2024-11-12 09:00:00 | CTV New high: $1.96 | Yesterday High: $2.00
2024-11-11 21:37:11,279 | INFO | 2024-11-12 09:00:00 | AQST New high: $5.21 | Yesterday High: $5.59
2024-11-11 21:37:11,387 | INFO | 2024-11-12 09:30:00 | CTV New high: $2.04 | Yesterday High: $2.00
2024-11-11 21:37:11,388 | INFO | 2024-11-12 09:30:00 | CTV REMOVED - Breached yesterday's high
2024-11-11 21:37:11,389 | INFO | 2024-11-12 09:30:00 | RDNT New high: $91.70 | Yesterday High: $95.00
2024-11-11 21:37:11,389 | INFO | 
==================================================
2024-11-11 21:37:11,389 | INFO | Pre-market status - 09:30:00 ET
2024-11-11 21:37:11,389 | INFO | Hours until market open: 0.0
2024-11-11 21:37:11,389 | INFO | Symbols being tracked: 12
2024-11-11 21:37:11,389 | INFO | Symbols removed: 4
2024-11-11 21:37:11,389 | INFO | ==================================================

2024-11-11 21:37:11,494 | INFO | 
==================================================
2024-11-11 21:37:11,495 | INFO | Pre-market tracking completed
2024-11-11 21:37:11,495 | INFO | Removed 4 symbols that exceeded yesterday's high:
2024-11-11 21:37:11,495 | INFO | - CTV: Pre-market high $2.04 > Yesterday high $2.00
2024-11-11 21:37:11,495 | INFO | - GEO: Pre-market high $27.91 > Yesterday high $27.88
2024-11-11 21:37:11,495 | INFO | - SMMT: Pre-market high $22.70 > Yesterday high $22.53
2024-11-11 21:37:11,495 | INFO | - XPEV: Pre-market high $15.85 > Yesterday high $15.68
2024-11-11 21:37:11,495 | INFO | Symbols remaining: 16 → 12
2024-11-11 21:37:11,495 | INFO | ==================================================

2024-11-11 21:37:11,496 | INFO | 
==================================================
2024-11-11 21:37:11,496 | INFO | Starting main trading stream...
2024-11-11 21:37:11,496 | INFO | Tracking 12 symbols
2024-11-11 21:37:11,496 | INFO | Market open: 09:30:00 ET
2024-11-11 21:37:11,496 | INFO | Strategy end: 15:30:00 ET
2024-11-11 21:37:11,496 | INFO | ==================================================

2024-11-11 21:37:11,497 | INFO | 
==================================================
2024-11-11 21:37:11,497 | INFO | Position Update - 10:00:00 ET
2024-11-11 21:37:11,497 | INFO | Active Positions: {}
2024-11-11 21:37:11,497 | INFO | Closed Positions: set()
2024-11-11 21:37:11,497 | INFO | ==================================================

2024-11-11 21:37:11,500 | INFO | 
==================================================
2024-11-11 21:37:11,500 | INFO | 10:00:00 ET | BMY: $48.78 | NO SIGNAL - Price did not hit target entry of $60.17
2024-11-11 21:37:11,500 | INFO | ==================================================

2024-11-11 21:37:11,500 | INFO | 
==================================================
2024-11-11 21:37:11,500 | INFO | 10:00:00 ET | QUBT: $1.40 | NO SIGNAL - Price did not hit target entry of $1.45
2024-11-11 21:37:11,500 | INFO | ==================================================

2024-11-11 21:37:11,501 | INFO | 
==================================================
2024-11-11 21:37:11,501 | INFO | 10:00:00 ET | MCRB: $0.73 | NO SIGNAL - Price did not hit target entry of $0.74
2024-11-11 21:37:11,501 | INFO | ==================================================

2024-11-11 21:37:11,502 | INFO | 
==================================================
2024-11-11 21:37:11,502 | INFO | 10:00:00 ET | TNYA: $2.77 | NO SIGNAL - Price did not hit target entry of $2.81
2024-11-11 21:37:11,502 | INFO | ==================================================

2024-11-11 21:37:11,502 | INFO | 
==================================================
2024-11-11 21:37:11,502 | INFO | 10:00:00 ET | TDOC: $8.96 | NO SIGNAL - Price did not hit target entry of $9.85
2024-11-11 21:37:11,502 | INFO | ==================================================

2024-11-11 21:37:11,503 | INFO | 
==================================================
2024-11-11 21:37:11,503 | INFO | 10:00:00 ET | NVAX: $8.13 | NO SIGNAL - Price did not hit target entry of $9.65
2024-11-11 21:37:11,503 | INFO | ==================================================

2024-11-11 21:37:11,503 | INFO | 
==================================================
2024-11-11 21:37:11,503 | INFO | 10:00:00 ET | CIFR: $7.39 | NO SIGNAL - Price did not hit target entry of $7.53
2024-11-11 21:37:11,503 | INFO | ==================================================

2024-11-11 21:37:11,504 | INFO | 
==================================================
2024-11-11 21:37:11,504 | INFO | 10:00:00 ET | APLD: $7.70 | NO SIGNAL - Price did not hit target entry of $8.00
2024-11-11 21:37:11,504 | INFO | ==================================================

2024-11-11 21:37:11,505 | INFO | 
==================================================
2024-11-11 21:37:11,505 | INFO | 10:00:00 ET | AI: $24.65 | NO SIGNAL - Price did not hit target entry of $28.73
2024-11-11 21:37:11,505 | INFO | ==================================================

2024-11-11 21:37:11,505 | ERROR | Error checking cash balance: unsupported operand type(s) for -: 'NoneType' and 'int'
2024-11-11 21:37:11,506 | ERROR | Error checking cash balance: unsupported operand type(s) for -: 'NoneType' and 'int'
2024-11-11 21:37:11,507 | INFO | 
==================================================
2024-11-11 21:37:11,507 | INFO | 10:00:00 ET | SLS: $1.22 | NO SIGNAL - Price did not hit target entry of $1.27
2024-11-11 21:37:11,507 | INFO | ==================================================

2024-11-11 21:37:11,613 | INFO | 
==================================================
2024-11-11 21:37:11,613 | INFO | Position Update - 10:30:00 ET
2024-11-11 21:37:11,613 | INFO | Active Positions: {}
2024-11-11 21:37:11,613 | INFO | Closed Positions: set()
2024-11-11 21:37:11,613 | INFO | ==================================================

2024-11-11 21:37:11,615 | INFO | 
==================================================
2024-11-11 21:37:11,615 | INFO | 10:30:00 ET | BMY: $46.39 | NO SIGNAL - Price did not hit target entry of $60.17
2024-11-11 21:37:11,615 | INFO | ==================================================

2024-11-11 21:37:11,616 | INFO | 
==================================================
2024-11-11 21:37:11,616 | INFO | 10:30:00 ET | QUBT: $1.38 | NO SIGNAL - Price did not hit target entry of $1.45
2024-11-11 21:37:11,616 | INFO | ==================================================

2024-11-11 21:37:11,617 | INFO | 
==================================================
2024-11-11 21:37:11,617 | INFO | 10:30:00 ET | MCRB: $0.72 | NO SIGNAL - Price did not hit target entry of $0.74
2024-11-11 21:37:11,617 | INFO | ==================================================

2024-11-11 21:37:11,619 | INFO | 
==================================================
2024-11-11 21:37:11,619 | INFO | 10:30:00 ET | TNYA: $2.76 | NO SIGNAL - Price did not hit target entry of $2.81
2024-11-11 21:37:11,619 | INFO | ==================================================

2024-11-11 21:37:11,620 | INFO | 
==================================================
2024-11-11 21:37:11,620 | INFO | 10:30:00 ET | TDOC: $9.03 | NO SIGNAL - Price did not hit target entry of $9.85
2024-11-11 21:37:11,620 | INFO | ==================================================

2024-11-11 21:37:11,621 | INFO | 
==================================================
2024-11-11 21:37:11,621 | INFO | 10:30:00 ET | NVAX: $8.21 | NO SIGNAL - Price did not hit target entry of $9.65
2024-11-11 21:37:11,621 | INFO | ==================================================

2024-11-11 21:37:11,622 | INFO | 
==================================================
2024-11-11 21:37:11,622 | INFO | 10:30:00 ET | CIFR: $7.22 | NO SIGNAL - Price did not hit target entry of $7.53
2024-11-11 21:37:11,622 | INFO | ==================================================

2024-11-11 21:37:11,623 | INFO | 
==================================================
2024-11-11 21:37:11,623 | INFO | 10:30:00 ET | APLD: $7.23 | NO SIGNAL - Price did not hit target entry of $8.00
2024-11-11 21:37:11,623 | INFO | ==================================================

2024-11-11 21:37:11,624 | INFO | 
==================================================
2024-11-11 21:37:11,624 | INFO | 10:30:00 ET | AI: $25.05 | NO SIGNAL - Price did not hit target entry of $28.73
2024-11-11 21:37:11,624 | INFO | ==================================================

2024-11-11 21:37:11,625 | INFO | 
==================================================
2024-11-11 21:37:11,625 | INFO | 10:30:00 ET | AQST: $5.29 | NO SIGNAL - Price did not hit target entry of $5.34
2024-11-11 21:37:11,625 | INFO | ==================================================

2024-11-11 21:37:11,626 | ERROR | Error checking cash balance: unsupported operand type(s) for -: 'NoneType' and 'int'
2024-11-11 21:37:11,627 | INFO | 
==================================================
2024-11-11 21:37:11,627 | INFO | 10:30:00 ET | SLS: $1.24 | NO SIGNAL - Price did not hit target entry of $1.27
2024-11-11 21:37:11,627 | INFO | ==================================================

2024-11-11 21:37:11,733 | INFO | 
==================================================
2024-11-11 21:37:11,734 | INFO | Position Update - 11:00:00 ET
2024-11-11 21:37:11,734 | INFO | Active Positions: {}
2024-11-11 21:37:11,734 | INFO | Closed Positions: set()
2024-11-11 21:37:11,734 | INFO | ==================================================

2024-11-11 21:37:11,738 | INFO | 
==================================================
2024-11-11 21:37:11,738 | INFO | 11:00:00 ET | BMY: $46.11 | NO SIGNAL - Price did not hit target entry of $60.17
2024-11-11 21:37:11,738 | INFO | ==================================================

2024-11-11 21:37:11,740 | INFO | 
==================================================
2024-11-11 21:37:11,740 | INFO | 11:00:00 ET | QUBT: $1.37 | NO SIGNAL - Price did not hit target entry of $1.45
2024-11-11 21:37:11,740 | INFO | ==================================================

2024-11-11 21:37:11,741 | INFO | 
==================================================
2024-11-11 21:37:11,742 | INFO | 11:00:00 ET | MCRB: $0.70 | NO SIGNAL - Price did not hit target entry of $0.74
2024-11-11 21:37:11,742 | INFO | ==================================================

2024-11-11 21:37:11,744 | ERROR | Error checking cash balance: unsupported operand type(s) for -: 'NoneType' and 'int'
2024-11-11 21:37:11,745 | INFO | 
==================================================
2024-11-11 21:37:11,745 | INFO | 11:00:00 ET | TDOC: $9.19 | NO SIGNAL - Price did not hit target entry of $9.85
2024-11-11 21:37:11,746 | INFO | ==================================================

2024-11-11 21:37:11,747 | INFO | 
==================================================
2024-11-11 21:37:11,747 | INFO | 11:00:00 ET | NVAX: $8.01 | NO SIGNAL - Price did not hit target entry of $9.65
2024-11-11 21:37:11,747 | INFO | ==================================================

2024-11-11 21:37:11,748 | INFO | 
==================================================
2024-11-11 21:37:11,749 | INFO | 11:00:00 ET | CIFR: $7.26 | NO SIGNAL - Price did not hit target entry of $7.53
2024-11-11 21:37:11,749 | INFO | ==================================================

2024-11-11 21:37:11,749 | INFO | 
==================================================
2024-11-11 21:37:11,750 | INFO | 11:00:00 ET | APLD: $7.36 | NO SIGNAL - Price did not hit target entry of $8.00
2024-11-11 21:37:11,750 | INFO | ==================================================

2024-11-11 21:37:11,751 | INFO | 
==================================================
2024-11-11 21:37:11,751 | INFO | 11:00:00 ET | AI: $25.64 | NO SIGNAL - Price did not hit target entry of $28.73
2024-11-11 21:37:11,751 | INFO | ==================================================

2024-11-11 21:37:11,753 | ERROR | Error checking cash balance: unsupported operand type(s) for -: 'NoneType' and 'int'
2024-11-11 21:37:11,753 | ERROR | Error checking cash balance: unsupported operand type(s) for -: 'NoneType' and 'int'
2024-11-11 21:37:11,754 | INFO | 
==================================================
2024-11-11 21:37:11,754 | INFO | 11:00:00 ET | SLS: $1.21 | NO SIGNAL - Price did not hit target entry of $1.27
2024-11-11 21:37:11,754 | INFO | ==================================================

2024-11-11 21:37:11,861 | INFO | 
==================================================
2024-11-11 21:37:11,862 | INFO | Position Update - 11:30:00 ET
2024-11-11 21:37:11,862 | INFO | Active Positions: {}
2024-11-11 21:37:11,862 | INFO | Closed Positions: set()
2024-11-11 21:37:11,862 | INFO | ==================================================

2024-11-11 21:37:11,865 | INFO | 
==================================================
2024-11-11 21:37:11,865 | INFO | 11:30:00 ET | BMY: $47.24 | NO SIGNAL - Price did not hit target entry of $60.17
2024-11-11 21:37:11,865 | INFO | ==================================================

2024-11-11 21:37:11,867 | INFO | 
==================================================
2024-11-11 21:37:11,867 | INFO | 11:30:00 ET | QUBT: $1.39 | NO SIGNAL - Price did not hit target entry of $1.45
2024-11-11 21:37:11,867 | INFO | ==================================================

2024-11-11 21:37:11,868 | INFO | 
==================================================
2024-11-11 21:37:11,869 | INFO | 11:30:00 ET | MCRB: $0.71 | NO SIGNAL - Price did not hit target entry of $0.74
2024-11-11 21:37:11,869 | INFO | ==================================================

2024-11-11 21:37:11,871 | ERROR | Error checking cash balance: unsupported operand type(s) for -: 'NoneType' and 'int'
2024-11-11 21:37:11,872 | INFO | 
==================================================
2024-11-11 21:37:11,872 | INFO | 11:30:00 ET | TDOC: $9.72 | NO SIGNAL - Price did not hit target entry of $9.85
2024-11-11 21:37:11,872 | INFO | ==================================================

2024-11-11 21:37:11,873 | INFO | 
==================================================
2024-11-11 21:37:11,873 | INFO | 11:30:00 ET | NVAX: $8.06 | NO SIGNAL - Price did not hit target entry of $9.65
2024-11-11 21:37:11,873 | INFO | ==================================================

2024-11-11 21:37:11,874 | INFO | 
==================================================
2024-11-11 21:37:11,875 | INFO | 11:30:00 ET | CIFR: $7.31 | NO SIGNAL - Price did not hit target entry of $7.53
2024-11-11 21:37:11,875 | INFO | ==================================================

2024-11-11 21:37:11,877 | INFO | 
==================================================
2024-11-11 21:37:11,877 | INFO | 11:30:00 ET | APLD: $7.49 | NO SIGNAL - Price did not hit target entry of $8.00
2024-11-11 21:37:11,877 | INFO | ==================================================

2024-11-11 21:37:11,879 | INFO | 
==================================================
2024-11-11 21:37:11,879 | INFO | 11:30:00 ET | AI: $24.11 | NO SIGNAL - Price did not hit target entry of $28.73
2024-11-11 21:37:11,879 | INFO | ==================================================

2024-11-11 21:37:11,880 | ERROR | Error checking cash balance: unsupported operand type(s) for -: 'NoneType' and 'int'
2024-11-11 21:37:11,881 | ERROR | Error checking cash balance: unsupported operand type(s) for -: 'NoneType' and 'int'
2024-11-11 21:37:11,882 | INFO | 
==================================================
2024-11-11 21:37:11,882 | INFO | 11:30:00 ET | SLS: $1.26 | NO SIGNAL - Price did not hit target entry of $1.27
2024-11-11 21:37:11,882 | INFO | ==================================================

2024-11-11 21:37:11,989 | INFO | 
==================================================
2024-11-11 21:37:11,989 | INFO | Position Update - 12:00:00 ET
2024-11-11 21:37:11,989 | INFO | Active Positions: {}
2024-11-11 21:37:11,989 | INFO | Closed Positions: set()
2024-11-11 21:37:11,989 | INFO | ==================================================

2024-11-11 21:37:11,991 | INFO | 
==================================================
2024-11-11 21:37:11,991 | INFO | 12:00:00 ET | BMY: $47.74 | NO SIGNAL - Price did not hit target entry of $60.17
2024-11-11 21:37:11,991 | INFO | ==================================================

2024-11-11 21:37:11,992 | INFO | 
==================================================
2024-11-11 21:37:11,992 | INFO | 12:00:00 ET | QUBT: $1.42 | NO SIGNAL - Price did not hit target entry of $1.45
2024-11-11 21:37:11,993 | INFO | ==================================================

2024-11-11 21:37:11,994 | INFO | 
==================================================
2024-11-11 21:37:11,994 | INFO | 12:00:00 ET | MCRB: $0.71 | NO SIGNAL - Price did not hit target entry of $0.74
2024-11-11 21:37:11,994 | INFO | ==================================================

2024-11-11 21:37:11,996 | ERROR | Error checking cash balance: unsupported operand type(s) for -: 'NoneType' and 'int'
2024-11-11 21:37:11,997 | ERROR | Error checking cash balance: unsupported operand type(s) for -: 'NoneType' and 'int'
2024-11-11 21:37:11,998 | INFO | 
==================================================
2024-11-11 21:37:11,998 | INFO | 12:00:00 ET | NVAX: $8.25 | NO SIGNAL - Price did not hit target entry of $9.65
2024-11-11 21:37:11,998 | INFO | ==================================================

2024-11-11 21:37:11,999 | INFO | 
==================================================
2024-11-11 21:37:11,999 | INFO | 12:00:00 ET | CIFR: $7.49 | NO SIGNAL - Price did not hit target entry of $7.53
2024-11-11 21:37:11,999 | INFO | ==================================================

2024-11-11 21:37:12,000 | INFO | 
==================================================
2024-11-11 21:37:12,000 | INFO | 12:00:00 ET | APLD: $7.44 | NO SIGNAL - Price did not hit target entry of $8.00
2024-11-11 21:37:12,000 | INFO | ==================================================

2024-11-11 21:37:12,002 | INFO | 
==================================================
2024-11-11 21:37:12,002 | INFO | 12:00:00 ET | AI: $23.69 | NO SIGNAL - Price did not hit target entry of $28.73
2024-11-11 21:37:12,002 | INFO | ==================================================

2024-11-11 21:37:12,003 | ERROR | Error checking cash balance: unsupported operand type(s) for -: 'NoneType' and 'int'
2024-11-11 21:37:12,003 | ERROR | Error checking cash balance: unsupported operand type(s) for -: 'NoneType' and 'int'
2024-11-11 21:37:12,004 | ERROR | Error checking cash balance: unsupported operand type(s) for -: 'NoneType' and 'int'
2024-11-11 21:37:12,105 | INFO | 
==================================================
2024-11-11 21:37:12,105 | INFO | Position Update - 12:30:00 ET
2024-11-11 21:37:12,105 | INFO | Active Positions: {}
2024-11-11 21:37:12,105 | INFO | Closed Positions: set()
2024-11-11 21:37:12,106 | INFO | ==================================================

2024-11-11 21:37:12,108 | INFO | 
==================================================
2024-11-11 21:37:12,108 | INFO | 12:30:00 ET | BMY: $47.27 | NO SIGNAL - Price did not hit target entry of $60.17
2024-11-11 21:37:12,108 | INFO | ==================================================

2024-11-11 21:37:12,109 | INFO | 
==================================================
2024-11-11 21:37:12,109 | INFO | 12:30:00 ET | QUBT: $1.39 | NO SIGNAL - Price did not hit target entry of $1.45
2024-11-11 21:37:12,109 | INFO | ==================================================

2024-11-11 21:37:12,111 | INFO | 
==================================================
2024-11-11 21:37:12,111 | INFO | 12:30:00 ET | MCRB: $0.73 | NO SIGNAL - Price did not hit target entry of $0.74
2024-11-11 21:37:12,111 | INFO | ==================================================

2024-11-11 21:37:12,113 | INFO | 
==================================================
2024-11-11 21:37:12,113 | INFO | 12:30:00 ET | TNYA: $2.77 | NO SIGNAL - Price did not hit target entry of $2.81
2024-11-11 21:37:12,113 | INFO | ==================================================

2024-11-11 21:37:12,114 | ERROR | Error checking cash balance: unsupported operand type(s) for -: 'NoneType' and 'int'
2024-11-11 21:37:12,115 | INFO | 
==================================================
2024-11-11 21:37:12,115 | INFO | 12:30:00 ET | NVAX: $8.16 | NO SIGNAL - Price did not hit target entry of $9.65
2024-11-11 21:37:12,116 | INFO | ==================================================

2024-11-11 21:37:12,117 | ERROR | Error checking cash balance: unsupported operand type(s) for -: 'NoneType' and 'int'
2024-11-11 21:37:12,118 | INFO | 
==================================================
2024-11-11 21:37:12,118 | INFO | 12:30:00 ET | APLD: $7.32 | NO SIGNAL - Price did not hit target entry of $8.00
2024-11-11 21:37:12,118 | INFO | ==================================================

2024-11-11 21:37:12,119 | INFO | 
==================================================
2024-11-11 21:37:12,120 | INFO | 12:30:00 ET | AI: $23.90 | NO SIGNAL - Price did not hit target entry of $28.73
2024-11-11 21:37:12,120 | INFO | ==================================================

2024-11-11 21:37:12,120 | ERROR | Error checking cash balance: unsupported operand type(s) for -: 'NoneType' and 'int'
2024-11-11 21:37:12,121 | ERROR | Error checking cash balance: unsupported operand type(s) for -: 'NoneType' and 'int'
2024-11-11 21:37:12,122 | ERROR | Error checking cash balance: unsupported operand type(s) for -: 'NoneType' and 'int'
2024-11-11 21:37:12,224 | INFO | 
==================================================
2024-11-11 21:37:12,224 | INFO | Position Update - 13:00:00 ET
2024-11-11 21:37:12,224 | INFO | Active Positions: {}
2024-11-11 21:37:12,224 | INFO | Closed Positions: set()
2024-11-11 21:37:12,224 | INFO | ==================================================

2024-11-11 21:37:12,227 | INFO | 
==================================================
2024-11-11 21:37:12,227 | INFO | 13:00:00 ET | BMY: $46.88 | NO SIGNAL - Price did not hit target entry of $60.17
2024-11-11 21:37:12,227 | INFO | ==================================================

2024-11-11 21:37:12,228 | INFO | 
==================================================
2024-11-11 21:37:12,228 | INFO | 13:00:00 ET | QUBT: $1.41 | NO SIGNAL - Price did not hit target entry of $1.45
2024-11-11 21:37:12,229 | INFO | ==================================================

2024-11-11 21:37:12,230 | INFO | 
==================================================
2024-11-11 21:37:12,230 | INFO | 13:00:00 ET | MCRB: $0.72 | NO SIGNAL - Price did not hit target entry of $0.74
2024-11-11 21:37:12,231 | INFO | ==================================================

2024-11-11 21:37:12,233 | INFO | 
==================================================
2024-11-11 21:37:12,233 | INFO | 13:00:00 ET | TNYA: $2.74 | NO SIGNAL - Price did not hit target entry of $2.81
2024-11-11 21:37:12,233 | INFO | ==================================================

2024-11-11 21:37:12,234 | ERROR | Error checking cash balance: unsupported operand type(s) for -: 'NoneType' and 'int'
2024-11-11 21:37:12,236 | INFO | 
==================================================
2024-11-11 21:37:12,236 | INFO | 13:00:00 ET | NVAX: $8.02 | NO SIGNAL - Price did not hit target entry of $9.65
2024-11-11 21:37:12,236 | INFO | ==================================================

2024-11-11 21:37:12,237 | ERROR | Error checking cash balance: unsupported operand type(s) for -: 'NoneType' and 'int'
2024-11-11 21:37:12,238 | INFO | 
==================================================
2024-11-11 21:37:12,238 | INFO | 13:00:00 ET | APLD: $7.38 | NO SIGNAL - Price did not hit target entry of $8.00
2024-11-11 21:37:12,238 | INFO | ==================================================

2024-11-11 21:37:12,240 | INFO | 
==================================================
2024-11-11 21:37:12,240 | INFO | 13:00:00 ET | AI: $23.36 | NO SIGNAL - Price did not hit target entry of $28.73
2024-11-11 21:37:12,240 | INFO | ==================================================

2024-11-11 21:37:12,241 | ERROR | Error checking cash balance: unsupported operand type(s) for -: 'NoneType' and 'int'
2024-11-11 21:37:12,243 | ERROR | Error checking cash balance: unsupported operand type(s) for -: 'NoneType' and 'int'
2024-11-11 21:37:12,244 | ERROR | Error checking cash balance: unsupported operand type(s) for -: 'NoneType' and 'int'
2024-11-11 21:37:12,350 | INFO | 
==================================================
2024-11-11 21:37:12,351 | INFO | Position Update - 13:30:00 ET
2024-11-11 21:37:12,351 | INFO | Active Positions: {}
2024-11-11 21:37:12,351 | INFO | Closed Positions: set()
2024-11-11 21:37:12,351 | INFO | ==================================================

2024-11-11 21:37:12,354 | INFO | 
==================================================
2024-11-11 21:37:12,354 | INFO | 13:30:00 ET | BMY: $47.71 | NO SIGNAL - Price did not hit target entry of $60.17
2024-11-11 21:37:12,354 | INFO | ==================================================

2024-11-11 21:37:12,356 | INFO | 
==================================================
2024-11-11 21:37:12,356 | INFO | 13:30:00 ET | QUBT: $1.43 | NO SIGNAL - Price did not hit target entry of $1.45
2024-11-11 21:37:12,356 | INFO | ==================================================

2024-11-11 21:37:12,357 | INFO | 
==================================================
2024-11-11 21:37:12,357 | INFO | 13:30:00 ET | MCRB: $0.71 | NO SIGNAL - Price did not hit target entry of $0.74
2024-11-11 21:37:12,358 | INFO | ==================================================

2024-11-11 21:37:12,360 | INFO | 
==================================================
2024-11-11 21:37:12,360 | INFO | 13:30:00 ET | TNYA: $2.71 | NO SIGNAL - Price did not hit target entry of $2.81
2024-11-11 21:37:12,360 | INFO | ==================================================

2024-11-11 21:37:12,361 | ERROR | Error checking cash balance: unsupported operand type(s) for -: 'NoneType' and 'int'
2024-11-11 21:37:12,362 | INFO | 
==================================================
2024-11-11 21:37:12,362 | INFO | 13:30:00 ET | NVAX: $8.19 | NO SIGNAL - Price did not hit target entry of $9.65
2024-11-11 21:37:12,363 | INFO | ==================================================

2024-11-11 21:37:12,365 | ERROR | Error checking cash balance: unsupported operand type(s) for -: 'NoneType' and 'int'
2024-11-11 21:37:12,366 | INFO | 
==================================================
2024-11-11 21:37:12,366 | INFO | 13:30:00 ET | APLD: $7.31 | NO SIGNAL - Price did not hit target entry of $8.00
2024-11-11 21:37:12,366 | INFO | ==================================================

2024-11-11 21:37:12,369 | INFO | 
==================================================
2024-11-11 21:37:12,369 | INFO | 13:30:00 ET | AI: $23.11 | NO SIGNAL - Price did not hit target entry of $28.73
2024-11-11 21:37:12,369 | INFO | ==================================================

2024-11-11 21:37:12,370 | INFO | 
==================================================
2024-11-11 21:37:12,370 | INFO | 13:30:00 ET | AQST: $5.25 | NO SIGNAL - Price did not hit target entry of $5.34
2024-11-11 21:37:12,370 | INFO | ==================================================

2024-11-11 21:37:12,371 | INFO | 
==================================================
2024-11-11 21:37:12,371 | INFO | 13:30:00 ET | RDNT: $89.94 | NO SIGNAL - Price did not hit target entry of $90.04
2024-11-11 21:37:12,371 | INFO | ==================================================

2024-11-11 21:37:12,372 | INFO | 
==================================================
2024-11-11 21:37:12,372 | INFO | 13:30:00 ET | SLS: $1.26 | NO SIGNAL - Price did not hit target entry of $1.27
2024-11-11 21:37:12,372 | INFO | ==================================================

2024-11-11 21:37:12,475 | INFO | 
==================================================
2024-11-11 21:37:12,475 | INFO | Position Update - 14:00:00 ET
2024-11-11 21:37:12,475 | INFO | Active Positions: {}
2024-11-11 21:37:12,475 | INFO | Closed Positions: set()
2024-11-11 21:37:12,475 | INFO | ==================================================

2024-11-11 21:37:12,476 | INFO | 
==================================================
2024-11-11 21:37:12,476 | INFO | 14:00:00 ET | BMY: $47.12 | NO SIGNAL - Price did not hit target entry of $60.17
2024-11-11 21:37:12,476 | INFO | ==================================================

2024-11-11 21:37:12,477 | ERROR | Error checking cash balance: unsupported operand type(s) for -: 'NoneType' and 'int'
2024-11-11 21:37:12,477 | INFO | 
==================================================
2024-11-11 21:37:12,477 | INFO | 14:00:00 ET | MCRB: $0.72 | NO SIGNAL - Price did not hit target entry of $0.74
2024-11-11 21:37:12,477 | INFO | ==================================================

2024-11-11 21:37:12,478 | INFO | 
==================================================
2024-11-11 21:37:12,478 | INFO | 14:00:00 ET | TNYA: $2.77 | NO SIGNAL - Price did not hit target entry of $2.81
2024-11-11 21:37:12,478 | INFO | ==================================================

2024-11-11 21:37:12,479 | ERROR | Error checking cash balance: unsupported operand type(s) for -: 'NoneType' and 'int'
2024-11-11 21:37:12,479 | INFO | 
==================================================
2024-11-11 21:37:12,479 | INFO | 14:00:00 ET | NVAX: $8.43 | NO SIGNAL - Price did not hit target entry of $9.65
2024-11-11 21:37:12,479 | INFO | ==================================================

2024-11-11 21:37:12,479 | ERROR | Error checking cash balance: unsupported operand type(s) for -: 'NoneType' and 'int'
2024-11-11 21:37:12,480 | INFO | 
==================================================
2024-11-11 21:37:12,480 | INFO | 14:00:00 ET | APLD: $7.41 | NO SIGNAL - Price did not hit target entry of $8.00
2024-11-11 21:37:12,480 | INFO | ==================================================

2024-11-11 21:37:12,481 | INFO | 
==================================================
2024-11-11 21:37:12,481 | INFO | 14:00:00 ET | AI: $23.26 | NO SIGNAL - Price did not hit target entry of $28.73
2024-11-11 21:37:12,481 | INFO | ==================================================

2024-11-11 21:37:12,481 | ERROR | Error checking cash balance: unsupported operand type(s) for -: 'NoneType' and 'int'
2024-11-11 21:37:12,482 | ERROR | Error checking cash balance: unsupported operand type(s) for -: 'NoneType' and 'int'
2024-11-11 21:37:12,482 | ERROR | Error checking cash balance: unsupported operand type(s) for -: 'NoneType' and 'int'
2024-11-11 21:37:12,586 | INFO | 
==================================================
2024-11-11 21:37:12,586 | INFO | Position Update - 14:30:00 ET
2024-11-11 21:37:12,586 | INFO | Active Positions: {}
2024-11-11 21:37:12,586 | INFO | Closed Positions: set()
2024-11-11 21:37:12,586 | INFO | ==================================================

2024-11-11 21:37:12,588 | INFO | 
==================================================
2024-11-11 21:37:12,588 | INFO | 14:30:00 ET | BMY: $46.19 | NO SIGNAL - Price did not hit target entry of $60.17
2024-11-11 21:37:12,588 | INFO | ==================================================

2024-11-11 21:37:12,589 | INFO | 
==================================================
2024-11-11 21:37:12,589 | INFO | 14:30:00 ET | QUBT: $1.44 | NO SIGNAL - Price did not hit target entry of $1.45
2024-11-11 21:37:12,589 | INFO | ==================================================

2024-11-11 21:37:12,590 | INFO | 
==================================================
2024-11-11 21:37:12,590 | INFO | 14:30:00 ET | MCRB: $0.73 | NO SIGNAL - Price did not hit target entry of $0.74
2024-11-11 21:37:12,590 | INFO | ==================================================

2024-11-11 21:37:12,591 | INFO | 
==================================================
2024-11-11 21:37:12,591 | INFO | 14:30:00 ET | TNYA: $2.72 | NO SIGNAL - Price did not hit target entry of $2.81
2024-11-11 21:37:12,591 | INFO | ==================================================

2024-11-11 21:37:12,592 | ERROR | Error checking cash balance: unsupported operand type(s) for -: 'NoneType' and 'int'
2024-11-11 21:37:12,594 | INFO | 
==================================================
2024-11-11 21:37:12,594 | INFO | 14:30:00 ET | NVAX: $8.30 | NO SIGNAL - Price did not hit target entry of $9.65
2024-11-11 21:37:12,594 | INFO | ==================================================

2024-11-11 21:37:12,596 | ERROR | Error checking cash balance: unsupported operand type(s) for -: 'NoneType' and 'int'
2024-11-11 21:37:12,597 | INFO | 
==================================================
2024-11-11 21:37:12,597 | INFO | 14:30:00 ET | APLD: $7.30 | NO SIGNAL - Price did not hit target entry of $8.00
2024-11-11 21:37:12,597 | INFO | ==================================================

2024-11-11 21:37:12,598 | INFO | 
==================================================
2024-11-11 21:37:12,598 | INFO | 14:30:00 ET | AI: $23.10 | NO SIGNAL - Price did not hit target entry of $28.73
2024-11-11 21:37:12,598 | INFO | ==================================================

2024-11-11 21:37:12,599 | ERROR | Error checking cash balance: unsupported operand type(s) for -: 'NoneType' and 'int'
2024-11-11 21:37:12,600 | ERROR | Error checking cash balance: unsupported operand type(s) for -: 'NoneType' and 'int'
2024-11-11 21:37:12,601 | INFO | 
==================================================
2024-11-11 21:37:12,601 | INFO | 14:30:00 ET | SLS: $1.22 | NO SIGNAL - Price did not hit target entry of $1.27
2024-11-11 21:37:12,601 | INFO | ==================================================

2024-11-11 21:37:12,707 | INFO | 
==================================================
2024-11-11 21:37:12,707 | INFO | Position Update - 15:00:00 ET
2024-11-11 21:37:12,707 | INFO | Active Positions: {}
2024-11-11 21:37:12,707 | INFO | Closed Positions: set()
2024-11-11 21:37:12,708 | INFO | ==================================================

2024-11-11 21:37:12,710 | INFO | 
==================================================
2024-11-11 21:37:12,710 | INFO | 15:00:00 ET | BMY: $46.65 | NO SIGNAL - Price did not hit target entry of $60.17
2024-11-11 21:37:12,711 | INFO | ==================================================

2024-11-11 21:37:12,712 | INFO | 
==================================================
2024-11-11 21:37:12,712 | INFO | 15:00:00 ET | QUBT: $1.41 | NO SIGNAL - Price did not hit target entry of $1.45
2024-11-11 21:37:12,712 | INFO | ==================================================

2024-11-11 21:37:12,714 | INFO | 
==================================================
2024-11-11 21:37:12,714 | INFO | 15:00:00 ET | MCRB: $0.73 | NO SIGNAL - Price did not hit target entry of $0.74
2024-11-11 21:37:12,714 | INFO | ==================================================

2024-11-11 21:37:12,716 | INFO | 
==================================================
2024-11-11 21:37:12,716 | INFO | 15:00:00 ET | TNYA: $2.79 | NO SIGNAL - Price did not hit target entry of $2.81
2024-11-11 21:37:12,716 | INFO | ==================================================

2024-11-11 21:37:12,717 | ERROR | Error checking cash balance: unsupported operand type(s) for -: 'NoneType' and 'int'
2024-11-11 21:37:12,718 | INFO | 
==================================================
2024-11-11 21:37:12,718 | INFO | 15:00:00 ET | NVAX: $8.37 | NO SIGNAL - Price did not hit target entry of $9.65
2024-11-11 21:37:12,719 | INFO | ==================================================

2024-11-11 21:37:12,720 | ERROR | Error checking cash balance: unsupported operand type(s) for -: 'NoneType' and 'int'
2024-11-11 21:37:12,721 | INFO | 
==================================================
2024-11-11 21:37:12,722 | INFO | 15:00:00 ET | APLD: $7.45 | NO SIGNAL - Price did not hit target entry of $8.00
2024-11-11 21:37:12,722 | INFO | ==================================================

2024-11-11 21:37:12,724 | INFO | 
==================================================
2024-11-11 21:37:12,724 | INFO | 15:00:00 ET | AI: $22.63 | NO SIGNAL - Price did not hit target entry of $28.73
2024-11-11 21:37:12,724 | INFO | ==================================================

2024-11-11 21:37:12,725 | ERROR | Error checking cash balance: unsupported operand type(s) for -: 'NoneType' and 'int'
2024-11-11 21:37:12,726 | ERROR | Error checking cash balance: unsupported operand type(s) for -: 'NoneType' and 'int'
2024-11-11 21:37:12,727 | INFO | 
==================================================
2024-11-11 21:37:12,727 | INFO | 15:00:00 ET | SLS: $1.25 | NO SIGNAL - Price did not hit target entry of $1.27
2024-11-11 21:37:12,727 | INFO | ==================================================

2024-11-11 21:37:12,833 | INFO | 
==================================================
2024-11-11 21:37:12,834 | INFO | Position Update - 15:30:00 ET
2024-11-11 21:37:12,834 | INFO | Active Positions: {}
2024-11-11 21:37:12,834 | INFO | Closed Positions: set()
2024-11-11 21:37:12,834 | INFO | ==================================================

2024-11-11 21:37:12,837 | INFO | 
==================================================
2024-11-11 21:37:12,837 | INFO | 15:30:00 ET | BMY: $43.96 | NO SIGNAL - Price did not hit target entry of $60.17
2024-11-11 21:37:12,837 | INFO | ==================================================

2024-11-11 21:37:12,838 | INFO | 
==================================================
2024-11-11 21:37:12,839 | INFO | 15:30:00 ET | QUBT: $1.43 | NO SIGNAL - Price did not hit target entry of $1.45
2024-11-11 21:37:12,839 | INFO | ==================================================

2024-11-11 21:37:12,840 | ERROR | Error checking cash balance: unsupported operand type(s) for -: 'NoneType' and 'int'
2024-11-11 21:37:12,841 | ERROR | Error checking cash balance: unsupported operand type(s) for -: 'NoneType' and 'int'
2024-11-11 21:37:12,842 | ERROR | Error checking cash balance: unsupported operand type(s) for -: 'NoneType' and 'int'
2024-11-11 21:37:12,843 | INFO | 
==================================================
2024-11-11 21:37:12,844 | INFO | 15:30:00 ET | NVAX: $8.19 | NO SIGNAL - Price did not hit target entry of $9.65
2024-11-11 21:37:12,844 | INFO | ==================================================

2024-11-11 21:37:12,845 | ERROR | Error checking cash balance: unsupported operand type(s) for -: 'NoneType' and 'int'
2024-11-11 21:37:12,847 | INFO | 
==================================================
2024-11-11 21:37:12,847 | INFO | 15:30:00 ET | APLD: $7.36 | NO SIGNAL - Price did not hit target entry of $8.00
2024-11-11 21:37:12,847 | INFO | ==================================================

2024-11-11 21:37:12,850 | INFO | 
==================================================
2024-11-11 21:37:12,850 | INFO | 15:30:00 ET | AI: $22.16 | NO SIGNAL - Price did not hit target entry of $28.73
2024-11-11 21:37:12,850 | INFO | ==================================================

2024-11-11 21:37:12,851 | ERROR | Error checking cash balance: unsupported operand type(s) for -: 'NoneType' and 'int'
2024-11-11 21:37:12,852 | ERROR | Error checking cash balance: unsupported operand type(s) for -: 'NoneType' and 'int'
2024-11-11 21:37:12,852 | INFO | 
==================================================
2024-11-11 21:37:12,853 | INFO | 15:30:00 ET | SLS: $1.26 | NO SIGNAL - Price did not hit target entry of $1.27
2024-11-11 21:37:12,853 | INFO | ==================================================

2024-11-11 21:37:12,984 | INFO | Trading events saved to mock_stream/trading_events_20241111_213712.xlsx
2024-11-11 21:37:12,984 | INFO | Price details saved to mock_stream/details_20241111_213712.xlsx
