2024-11-12 13:43:53,207 | INFO | Logging to: logs/strategy_execution_20241112_134353.log
2024-11-12 13:43:53,207 | INFO | Starting VWAP spike strategy execution...
2024-11-12 13:43:53,207 | INFO | 
==================================================
2024-11-12 13:43:53,207 | INFO | Starting Strategy with Stocks:
2024-11-12 13:43:53,207 | INFO | BMY    | Target Entry: $60.17
2024-11-12 13:43:53,207 | INFO | QUBT   | Target Entry: $1.45
2024-11-12 13:43:53,207 | INFO | MCRB   | Target Entry: $0.74
2024-11-12 13:43:53,207 | INFO | SMMT   | Target Entry: $21.82
2024-11-12 13:43:53,207 | INFO | TNYA   | Target Entry: $2.81
2024-11-12 13:43:53,207 | INFO | TDOC   | Target Entry: $9.85
2024-11-12 13:43:53,207 | INFO | NVAX   | Target Entry: $9.65
2024-11-12 13:43:53,207 | INFO | CIFR   | Target Entry: $7.53
2024-11-12 13:43:53,207 | INFO | APLD   | Target Entry: $8.00
2024-11-12 13:43:53,207 | INFO | GEO    | Target Entry: $27.07
2024-11-12 13:43:53,207 | INFO | CTV    | Target Entry: $1.95
2024-11-12 13:43:53,207 | INFO | AI     | Target Entry: $28.73
2024-11-12 13:43:53,207 | INFO | AQST   | Target Entry: $5.34
2024-11-12 13:43:53,208 | INFO | RDNT   | Target Entry: $90.04
2024-11-12 13:43:53,208 | INFO | SLS    | Target Entry: $1.27
2024-11-12 13:43:53,208 | INFO | XPEV   | Target Entry: $15.34
2024-11-12 13:43:53,208 | INFO | ==================================================

2024-11-12 13:43:53,208 | INFO | Starting pre-market tracking phase...
2024-11-12 13:43:53,208 | INFO | 
==================================================
2024-11-12 13:43:53,208 | INFO | Starting pre-market tracking...
2024-11-12 13:43:53,208 | INFO | Initial symbols: 16
2024-11-12 13:43:53,208 | INFO | Current time: 16:43:53 ET
2024-11-12 13:43:53,208 | INFO | Market opens at: 09:30:00 ET
2024-11-12 13:43:53,208 | INFO | ==================================================

2024-11-12 13:43:53,679 | INFO | Pre-market streamer stopped successfully
2024-11-12 13:43:53,680 | INFO | 
==================================================
2024-11-12 13:43:53,680 | INFO | Starting main trading stream...
2024-11-12 13:43:53,680 | INFO | Tracking 16 symbols
2024-11-12 13:43:53,680 | INFO | Market open: 09:30:00 ET
2024-11-12 13:43:53,680 | INFO | Strategy end: 18:30:00 ET
2024-11-12 13:43:53,680 | INFO | ==================================================

2024-11-12 13:43:53,681 | INFO | Stopped existing streamer
2024-11-12 13:43:55,298 | INFO | 
==================================================
2024-11-12 13:43:55,298 | INFO | 16:43:55 ET | XPEV: $13.87 | NO SIGNAL - Price did not hit target entry of $15.34
2024-11-12 13:43:55,298 | INFO | ==================================================

2024-11-12 13:43:55,299 | INFO | 
==================================================
2024-11-12 13:43:55,299 | INFO | 16:43:55 ET | MCRB: $0.67 | NO SIGNAL - Price did not hit target entry of $0.74
2024-11-12 13:43:55,300 | INFO | ==================================================

2024-11-12 13:43:55,300 | INFO | 
==================================================
2024-11-12 13:43:55,301 | INFO | 16:43:55 ET | TDOC: $9.71 | NO SIGNAL - Price did not hit target entry of $9.85
2024-11-12 13:43:55,301 | INFO | ==================================================

2024-11-12 13:43:55,301 | INFO | 
==================================================
2024-11-12 13:43:55,301 | INFO | 16:43:55 ET | CTV: $1.61 | NO SIGNAL - Price did not hit target entry of $1.95
2024-11-12 13:43:55,302 | INFO | ==================================================

2024-11-12 13:43:55,302 | INFO | 
==================================================
2024-11-12 13:43:55,302 | INFO | 16:43:55 ET | TNYA: $2.24 | NO SIGNAL - Price did not hit target entry of $2.81
2024-11-12 13:43:55,302 | INFO | ==================================================

2024-11-12 13:43:55,303 | INFO | 
==================================================
2024-11-12 13:43:55,303 | INFO | 16:43:55 ET | SMMT: $20.80 | NO SIGNAL - Price did not hit target entry of $21.82
2024-11-12 13:43:55,303 | INFO | ==================================================

2024-11-12 13:43:55,303 | INFO | 
==================================================
2024-11-12 13:43:55,303 | INFO | 16:43:55 ET | AI: $27.77 | NO SIGNAL - Price did not hit target entry of $28.73
2024-11-12 13:43:55,303 | INFO | ==================================================

2024-11-12 13:43:55,304 | INFO | 
==================================================
2024-11-12 13:43:55,304 | INFO | 16:43:55 ET | CIFR: $7.23 | NO SIGNAL - Price did not hit target entry of $7.53
2024-11-12 13:43:55,304 | INFO | ==================================================

2024-11-12 13:43:55,304 | INFO | 
==================================================
2024-11-12 13:43:55,305 | INFO | 16:43:55 ET | BMY: $59.07 | NO SIGNAL - Price did not hit target entry of $60.17
2024-11-12 13:43:55,305 | INFO | ==================================================

2024-11-12 13:43:55,305 | INFO | 
==================================================
2024-11-12 13:43:55,305 | INFO | 16:43:55 ET | AQST: $4.88 | NO SIGNAL - Price did not hit target entry of $5.34
2024-11-12 13:43:55,305 | INFO | ==================================================

2024-11-12 13:43:55,306 | INFO | 
==================================================
2024-11-12 13:43:55,306 | INFO | 16:43:55 ET | QUBT: $1.38 | NO SIGNAL - Price did not hit target entry of $1.45
2024-11-12 13:43:55,306 | INFO | ==================================================

2024-11-12 13:43:55,306 | INFO | 
==================================================
2024-11-12 13:43:55,306 | INFO | 16:43:55 ET | GEO: $24.95 | NO SIGNAL - Price did not hit target entry of $27.07
2024-11-12 13:43:55,306 | INFO | ==================================================

2024-11-12 13:43:55,307 | INFO | 
==================================================
2024-11-12 13:43:55,307 | INFO | 16:43:55 ET | APLD: $7.56 | NO SIGNAL - Price did not hit target entry of $8.00
2024-11-12 13:43:55,307 | INFO | ==================================================

2024-11-12 13:43:55,307 | INFO | 
==================================================
2024-11-12 13:43:55,307 | INFO | 16:43:55 ET | NVAX: $8.42 | NO SIGNAL - Price did not hit target entry of $9.65
2024-11-12 13:43:55,307 | INFO | ==================================================

2024-11-12 13:43:55,502 | INFO | 
==================================================
2024-11-12 13:43:55,502 | INFO | 16:43:55 ET | SLS: $1.28 | 🔴 SHORT SIGNAL | Target: $1.27
2024-11-12 13:43:55,502 | INFO | Order Details: 848 shares @ $1.28 = $1085.44
2024-11-12 13:43:55,503 | INFO | ✅ JUST TESTING: Order successfully placed and confirmed
2024-11-12 13:43:55,504 | INFO | ==================================================

2024-11-12 13:43:55,607 | INFO | 
==================================================
2024-11-12 13:43:55,607 | INFO | 16:43:55 ET | RDNT: $81.00 | NO SIGNAL - Price did not hit target entry of $90.04
2024-11-12 13:43:55,607 | INFO | ==================================================

2024-11-12 13:45:22,173 | INFO | 
==================================================
2024-11-12 13:45:22,175 | INFO | Position Update - 16:45:22 ET
2024-11-12 13:45:22,175 | INFO | Active Positions: {'SLS': 1.28}
2024-11-12 13:45:22,175 | INFO | Closed Positions: set()
2024-11-12 13:45:22,175 | INFO | ==================================================

2024-11-12 13:45:22,182 | INFO | 
==================================================
2024-11-12 13:45:22,182 | INFO | 16:45:22 ET | CTV: $1.82 | NO SIGNAL - Price did not hit target entry of $1.95
2024-11-12 13:45:22,182 | INFO | ==================================================

2024-11-12 13:46:13,386 | ERROR | NO SIGNAL - SLS is already shorted. Price: $1.33 | Stop: $1.41 | Target: $1.22
2024-11-12 13:46:24,391 | INFO | 
==================================================
2024-11-12 13:46:24,391 | INFO | Position Update - 16:46:24 ET
2024-11-12 13:46:24,392 | INFO | Active Positions: {'SLS': 1.28}
2024-11-12 13:46:24,392 | INFO | Closed Positions: set()
2024-11-12 13:46:24,392 | INFO | ==================================================

2024-11-12 13:46:24,392 | ERROR | NO SIGNAL - SLS is already shorted. Price: $1.34 | Stop: $1.41 | Target: $1.22
2024-11-12 13:47:40,620 | INFO | 
==================================================
2024-11-12 13:47:40,622 | INFO | Position Update - 16:47:40 ET
2024-11-12 13:47:40,623 | INFO | Active Positions: {'SLS': 1.28}
2024-11-12 13:47:40,623 | INFO | Closed Positions: set()
2024-11-12 13:47:40,623 | INFO | ==================================================

2024-11-12 13:47:40,629 | INFO | 
==================================================
2024-11-12 13:47:40,630 | INFO | 16:47:40 ET | APLD: $7.57 | NO SIGNAL - Price did not hit target entry of $8.00
2024-11-12 13:47:40,630 | INFO | ==================================================

2024-11-12 13:48:50,579 | INFO | 
==================================================
2024-11-12 13:48:50,581 | INFO | Position Update - 16:48:50 ET
2024-11-12 13:48:50,581 | INFO | Active Positions: {'SLS': 1.28}
2024-11-12 13:48:50,581 | INFO | Closed Positions: set()
2024-11-12 13:48:50,581 | INFO | ==================================================

2024-11-12 13:48:50,587 | INFO | 
==================================================
2024-11-12 13:48:50,587 | INFO | 16:48:50 ET | XPEV: $13.84 | NO SIGNAL - Price did not hit target entry of $15.34
2024-11-12 13:48:50,587 | INFO | ==================================================

2024-11-12 13:49:02,691 | INFO | Trading events saved to mock_stream/trading_events_20241112_134902.xlsx
2024-11-12 13:49:02,691 | INFO | Price details saved to mock_stream/details_20241112_134902.xlsx
2024-11-12 13:49:02,691 | INFO | Cleaning up strategy execution...
2024-11-12 13:49:02,692 | INFO | Strategy streamer stopped successfully
