2024-11-12 13:27:56,068 | INFO | Logging to: logs/strategy_execution_20241112_132756.log
2024-11-12 13:27:56,068 | INFO | Starting VWAP spike strategy execution...
2024-11-12 13:27:56,068 | INFO | 
==================================================
2024-11-12 13:27:56,068 | INFO | Starting Strategy with Stocks:
2024-11-12 13:27:56,068 | INFO | LYFT   | Target Entry: $19.32
2024-11-12 13:27:56,068 | INFO | ==================================================

2024-11-12 13:27:56,068 | INFO | Starting pre-market tracking phase...
2024-11-12 13:27:56,068 | INFO | 
==================================================
2024-11-12 13:27:56,068 | INFO | Starting pre-market tracking...
2024-11-12 13:27:56,068 | INFO | Initial symbols: 1
2024-11-12 13:27:56,068 | INFO | Current time: 16:27:56 ET
2024-11-12 13:27:56,068 | INFO | Market opens at: 09:30:00 ET
2024-11-12 13:27:56,068 | INFO | ==================================================

2024-11-12 13:27:56,743 | INFO | 
==================================================
2024-11-12 13:27:56,743 | INFO | Starting main trading stream...
2024-11-12 13:27:56,743 | INFO | Tracking 1 symbols
2024-11-12 13:27:56,743 | INFO | Market open: 09:30:00 ET
2024-11-12 13:27:56,743 | INFO | Strategy end: 16:30:00 ET
2024-11-12 13:27:56,743 | INFO | ==================================================

2024-11-12 13:27:57,251 | INFO | 
==================================================
2024-11-12 13:27:57,251 | INFO | 16:27:57 ET | LYFT: $18.33 | NO SIGNAL - Price did not hit target entry of $19.32
2024-11-12 13:27:57,251 | INFO | ==================================================

