2024-11-12 12:46:19,609 | INFO | Logging to: logs/strategy_execution_20241112_124619.log
2024-11-12 12:46:19,609 | INFO | Starting VWAP spike strategy execution...
2024-11-12 12:46:19,609 | INFO | 
==================================================
2024-11-12 12:46:19,610 | INFO | Starting Strategy with Stocks:
2024-11-12 12:46:19,610 | INFO | LYFT   | Target Entry: $19.32
2024-11-12 12:46:19,610 | INFO | ==================================================

2024-11-12 12:46:19,610 | INFO | Starting pre-market tracking phase...
2024-11-12 12:46:19,611 | INFO | 
==================================================
2024-11-12 12:46:19,611 | INFO | Starting pre-market tracking...
2024-11-12 12:46:19,611 | INFO | Initial symbols: 1
2024-11-12 12:46:19,611 | INFO | Current time: 15:46:19 ET
2024-11-12 12:46:19,611 | INFO | Market opens at: 09:30:00 ET
2024-11-12 12:46:19,611 | INFO | ==================================================

2024-11-12 12:46:20,073 | INFO | 
==================================================
2024-11-12 12:46:20,073 | INFO | Starting main trading stream...
2024-11-12 12:46:20,073 | INFO | Tracking 1 symbols
2024-11-12 12:46:20,074 | INFO | Market open: 09:30:00 ET
2024-11-12 12:46:20,074 | INFO | Strategy end: 15:59:00 ET
2024-11-12 12:46:20,074 | INFO | ==================================================

2024-11-12 12:46:20,917 | INFO | 
==================================================
2024-11-12 12:46:20,918 | INFO | 15:46:20 ET | LYFT: $18.27 | 🔴 SHORT SIGNAL | Target: $19.32
2024-11-12 12:46:20,918 | INFO | Order Details: 1 shares @ $19.32 = $19.32
2024-11-12 12:46:20,918 | INFO | ✅ JUST TESTING: Order successfully placed and confirmed
2024-11-12 12:46:20,920 | INFO | ==================================================

2024-11-12 12:47:20,513 | INFO | 
==================================================
2024-11-12 12:47:20,516 | INFO | Position Update - 15:47:20 ET
2024-11-12 12:47:20,516 | INFO | Active Positions: {'LYFT': 18.27}
2024-11-12 12:47:20,517 | INFO | Closed Positions: set()
2024-11-12 12:47:20,517 | INFO | ==================================================

2024-11-12 12:49:36,963 | INFO | Trading events saved to mock_stream/trading_events_20241112_124936.xlsx
2024-11-12 12:49:36,963 | INFO | Price details saved to mock_stream/details_20241112_124936.xlsx
