2024-11-12 12:43:53,485 | INFO | Logging to: logs/strategy_execution_20241112_124353.log
2024-11-12 12:43:53,485 | INFO | Starting VWAP spike strategy execution...
2024-11-12 12:43:53,485 | INFO | 
==================================================
2024-11-12 12:43:53,485 | INFO | Starting Strategy with Stocks:
2024-11-12 12:43:53,485 | INFO | LYFT   | Target Entry: $19.32
2024-11-12 12:43:53,485 | INFO | ==================================================

2024-11-12 12:43:53,485 | INFO | Starting pre-market tracking phase...
2024-11-12 12:43:53,485 | INFO | 
==================================================
2024-11-12 12:43:53,485 | INFO | Starting pre-market tracking...
2024-11-12 12:43:53,485 | INFO | Initial symbols: 1
2024-11-12 12:43:53,485 | INFO | Current time: 15:43:53 ET
2024-11-12 12:43:53,485 | INFO | Market opens at: 09:30:00 ET
2024-11-12 12:43:53,485 | INFO | ==================================================

2024-11-12 12:43:55,932 | INFO | 
==================================================
2024-11-12 12:43:55,932 | INFO | Starting main trading stream...
2024-11-12 12:43:55,932 | INFO | Tracking 1 symbols
2024-11-12 12:43:55,932 | INFO | Market open: 09:30:00 ET
2024-11-12 12:43:55,932 | INFO | Strategy end: 15:59:00 ET
2024-11-12 12:43:55,933 | INFO | ==================================================

2024-11-12 12:43:57,102 | INFO | 
==================================================
2024-11-12 12:43:57,102 | INFO | 15:43:56 ET | LYFT: $18.27 | 🔴 SHORT SIGNAL | Target: $19.32
2024-11-12 12:43:57,102 | INFO | Order Details: 1 shares @ $19.32 = $19.32
2024-11-12 12:43:57,102 | INFO | ✅ JUST TESTING: Order successfully placed and confirmed
2024-11-12 12:43:57,106 | INFO | ==================================================

2024-11-12 12:45:03,886 | INFO | 
==================================================
2024-11-12 12:45:03,888 | INFO | Position Update - 15:45:03 ET
2024-11-12 12:45:03,888 | INFO | Active Positions: {'LYFT': 18.27}
2024-11-12 12:45:03,888 | INFO | Closed Positions: set()
2024-11-12 12:45:03,889 | INFO | ==================================================

2024-11-12 12:45:52,176 | INFO | Trading events saved to mock_stream/trading_events_20241112_124552.xlsx
2024-11-12 12:45:52,176 | INFO | Price details saved to mock_stream/details_20241112_124552.xlsx
