2024-11-12 12:24:40,606 | INFO | Logging to: logs/strategy_execution_20241112_122440.log
2024-11-12 12:24:40,606 | INFO | Starting VWAP spike strategy execution...
2024-11-12 12:24:40,606 | INFO | 
==================================================
2024-11-12 12:24:40,606 | INFO | Starting Strategy with Stocks:
2024-11-12 12:24:40,606 | INFO | LYFT   | Target Entry: $19.32
2024-11-12 12:24:40,606 | INFO | ==================================================

2024-11-12 12:24:40,606 | INFO | Starting pre-market tracking phase...
2024-11-12 12:24:40,606 | INFO | 
==================================================
2024-11-12 12:24:40,607 | INFO | Starting pre-market tracking...
2024-11-12 12:24:40,607 | INFO | Initial symbols: 1
2024-11-12 12:24:40,607 | INFO | Current time: 15:24:40 ET
2024-11-12 12:24:40,607 | INFO | Market opens at: 09:30:00 ET
2024-11-12 12:24:40,607 | INFO | ==================================================

2024-11-12 12:24:41,050 | INFO | 
==================================================
2024-11-12 12:24:41,050 | INFO | Starting main trading stream...
2024-11-12 12:24:41,050 | INFO | Tracking 1 symbols
2024-11-12 12:24:41,050 | INFO | Market open: 09:30:00 ET
2024-11-12 12:24:41,050 | INFO | Strategy end: 15:30:00 ET
2024-11-12 12:24:41,050 | INFO | ==================================================

2024-11-12 12:24:41,571 | INFO | 
==================================================
2024-11-12 12:24:41,571 | INFO | 15:24:41 ET | LYFT: $18.34 | NO SIGNAL - Price did not hit target entry of $19.32
2024-11-12 12:24:41,571 | INFO | ==================================================

2024-11-12 12:24:41,990 | INFO | 
==================================================
2024-11-12 12:24:41,990 | INFO | 15:24:41 ET | LYFT: $18.34 | NO SIGNAL - Price did not hit target entry of $19.32
2024-11-12 12:24:41,990 | INFO | ==================================================

2024-11-12 12:24:42,925 | INFO | 
==================================================
2024-11-12 12:24:42,925 | INFO | 15:24:42 ET | LYFT: $18.35 | NO SIGNAL - Price did not hit target entry of $19.32
2024-11-12 12:24:42,925 | INFO | ==================================================

2024-11-12 12:24:54,867 | INFO | 
==================================================
2024-11-12 12:24:54,869 | INFO | 15:24:54 ET | LYFT: $18.35 | NO SIGNAL - Price did not hit target entry of $19.32
2024-11-12 12:24:54,869 | INFO | ==================================================

