2024-11-11 21:31:20,708 | INFO | Logging to: logs/strategy_execution_20241111_213120.log
2024-11-11 21:31:20,708 | INFO | Starting VWAP spike strategy execution...
2024-11-11 21:31:20,708 | INFO | 
==================================================
2024-11-11 21:31:20,708 | INFO | Starting Strategy with Stocks:
2024-11-11 21:31:20,708 | INFO | BMY    | Target Entry: $60.17
2024-11-11 21:31:20,708 | INFO | QUBT   | Target Entry: $1.45
2024-11-11 21:31:20,708 | INFO | MCRB   | Target Entry: $0.74
2024-11-11 21:31:20,708 | INFO | SMMT   | Target Entry: $21.82
2024-11-11 21:31:20,708 | INFO | TNYA   | Target Entry: $2.81
2024-11-11 21:31:20,708 | INFO | TDOC   | Target Entry: $9.85
2024-11-11 21:31:20,708 | INFO | NVAX   | Target Entry: $9.65
2024-11-11 21:31:20,708 | INFO | CIFR   | Target Entry: $7.53
2024-11-11 21:31:20,708 | INFO | APLD   | Target Entry: $8.00
2024-11-11 21:31:20,708 | INFO | GEO    | Target Entry: $27.07
2024-11-11 21:31:20,708 | INFO | CTV    | Target Entry: $1.95
2024-11-11 21:31:20,708 | INFO | AI     | Target Entry: $28.73
2024-11-11 21:31:20,708 | INFO | AQST   | Target Entry: $5.34
2024-11-11 21:31:20,708 | INFO | RDNT   | Target Entry: $90.04
2024-11-11 21:31:20,708 | INFO | SLS    | Target Entry: $1.27
2024-11-11 21:31:20,708 | INFO | XPEV   | Target Entry: $15.34
2024-11-11 21:31:20,708 | INFO | ==================================================

2024-11-11 21:31:20,709 | INFO | Starting pre-market tracking phase...
2024-11-11 21:31:20,709 | INFO | 
==================================================
2024-11-11 21:31:20,710 | INFO | Starting pre-market tracking...
2024-11-11 21:31:20,710 | INFO | Initial symbols: 16
2024-11-11 21:31:20,710 | INFO | Current time: 00:00:00 ET
2024-11-11 21:31:20,710 | INFO | Market opens at: 09:30:00 ET
2024-11-11 21:31:20,710 | INFO | ==================================================

2024-11-11 21:31:20,711 | INFO | 2024-11-12 00:30:00 | GEO REMOVED - Breached yesterday's high
2024-11-11 21:31:20,711 | INFO | 2024-11-12 00:30:00 | AI REMOVED - Breached yesterday's high
2024-11-11 21:31:20,711 | INFO | 
==================================================
2024-11-11 21:31:20,711 | INFO | Pre-market status - 00:30:00 ET
2024-11-11 21:31:20,711 | INFO | Hours until market open: 9.0
2024-11-11 21:31:20,711 | INFO | Symbols being tracked: 14
2024-11-11 21:31:20,711 | INFO | Symbols removed: 2
2024-11-11 21:31:20,711 | INFO | ==================================================

2024-11-11 21:31:20,817 | INFO | 2024-11-12 01:00:00 | QUBT New high: $1.54 | Yesterday High: $1.56
2024-11-11 21:31:20,818 | INFO | 2024-11-12 01:00:00 | NVAX New high: $9.75 | Yesterday High: $10.74
2024-11-11 21:31:20,818 | INFO | 2024-11-12 01:00:00 | CTV New high: $1.95 | Yesterday High: $2.00
2024-11-11 21:31:20,818 | INFO | 2024-11-12 01:00:00 | AQST New high: $5.75 | Yesterday High: $5.59
2024-11-11 21:31:20,818 | INFO | 2024-11-12 01:00:00 | AQST REMOVED - Breached yesterday's high
2024-11-11 21:31:20,819 | INFO | 2024-11-12 01:00:00 | RDNT New high: $102.78 | Yesterday High: $95.00
2024-11-11 21:31:20,819 | INFO | 2024-11-12 01:00:00 | RDNT REMOVED - Breached yesterday's high
2024-11-11 21:31:20,819 | INFO | 2024-11-12 01:00:00 | SLS New high: $1.25 | Yesterday High: $1.31
2024-11-11 21:31:20,925 | INFO | 2024-11-12 01:30:00 | QUBT New high: $1.57 | Yesterday High: $1.56
2024-11-11 21:31:20,926 | INFO | 2024-11-12 01:30:00 | QUBT REMOVED - Breached yesterday's high
2024-11-11 21:31:20,926 | INFO | 2024-11-12 01:30:00 | MCRB New high: $0.71 | Yesterday High: $0.76
2024-11-11 21:31:20,927 | INFO | 2024-11-12 01:30:00 | TDOC New high: $10.18 | Yesterday High: $10.13
2024-11-11 21:31:20,928 | INFO | 2024-11-12 01:30:00 | TDOC REMOVED - Breached yesterday's high
2024-11-11 21:31:20,928 | INFO | 2024-11-12 01:30:00 | CIFR New high: $7.47 | Yesterday High: $7.95
2024-11-11 21:31:20,929 | INFO | 2024-11-12 01:30:00 | CTV New high: $1.99 | Yesterday High: $2.00
2024-11-11 21:31:20,929 | INFO | 
==================================================
2024-11-11 21:31:20,929 | INFO | Pre-market status - 01:30:00 ET
2024-11-11 21:31:20,929 | INFO | Hours until market open: 8.0
2024-11-11 21:31:20,929 | INFO | Symbols being tracked: 10
2024-11-11 21:31:20,929 | INFO | Symbols removed: 6
2024-11-11 21:31:20,929 | INFO | ==================================================

2024-11-11 21:31:21,036 | INFO | 2024-11-12 02:00:00 | CIFR New high: $7.55 | Yesterday High: $7.95
2024-11-11 21:31:21,036 | INFO | 2024-11-12 02:00:00 | CTV New high: $2.04 | Yesterday High: $2.00
2024-11-11 21:31:21,037 | INFO | 2024-11-12 02:00:00 | CTV REMOVED - Breached yesterday's high
2024-11-11 21:31:21,144 | INFO | 2024-11-12 02:30:00 | BMY New high: $59.53 | Yesterday High: $62.35
2024-11-11 21:31:21,148 | INFO | 
==================================================
2024-11-11 21:31:21,148 | INFO | Pre-market status - 02:30:00 ET
2024-11-11 21:31:21,148 | INFO | Hours until market open: 7.0
2024-11-11 21:31:21,148 | INFO | Symbols being tracked: 9
2024-11-11 21:31:21,148 | INFO | Symbols removed: 7
2024-11-11 21:31:21,148 | INFO | ==================================================

2024-11-11 21:31:21,363 | INFO | 
==================================================
2024-11-11 21:31:21,363 | INFO | Pre-market status - 03:30:00 ET
2024-11-11 21:31:21,363 | INFO | Hours until market open: 6.0
2024-11-11 21:31:21,363 | INFO | Symbols being tracked: 9
2024-11-11 21:31:21,363 | INFO | Symbols removed: 7
2024-11-11 21:31:21,363 | INFO | ==================================================

2024-11-11 21:31:21,578 | INFO | 2024-11-12 04:30:00 | MCRB New high: $0.73 | Yesterday High: $0.76
2024-11-11 21:31:21,580 | INFO | 2024-11-12 04:30:00 | APLD New high: $8.32 | Yesterday High: $8.22
2024-11-11 21:31:21,581 | INFO | 2024-11-12 04:30:00 | APLD REMOVED - Breached yesterday's high
2024-11-11 21:31:21,582 | INFO | 
==================================================
2024-11-11 21:31:21,582 | INFO | Pre-market status - 04:30:00 ET
2024-11-11 21:31:21,582 | INFO | Hours until market open: 5.0
2024-11-11 21:31:21,582 | INFO | Symbols being tracked: 8
2024-11-11 21:31:21,582 | INFO | Symbols removed: 8
2024-11-11 21:31:21,582 | INFO | ==================================================

2024-11-11 21:31:21,690 | INFO | 2024-11-12 05:00:00 | BMY New high: $60.99 | Yesterday High: $62.35
2024-11-11 21:31:21,691 | INFO | 2024-11-12 05:00:00 | MCRB New high: $0.74 | Yesterday High: $0.76
2024-11-11 21:31:21,692 | INFO | 2024-11-12 05:00:00 | CIFR New high: $7.70 | Yesterday High: $7.95
2024-11-11 21:31:21,797 | INFO | 2024-11-12 05:30:00 | MCRB New high: $0.75 | Yesterday High: $0.76
2024-11-11 21:31:21,798 | INFO | 
==================================================
2024-11-11 21:31:21,799 | INFO | Pre-market status - 05:30:00 ET
2024-11-11 21:31:21,799 | INFO | Hours until market open: 4.0
2024-11-11 21:31:21,799 | INFO | Symbols being tracked: 8
2024-11-11 21:31:21,799 | INFO | Symbols removed: 8
2024-11-11 21:31:21,799 | INFO | ==================================================

2024-11-11 21:31:21,905 | INFO | 2024-11-12 06:00:00 | BMY New high: $62.00 | Yesterday High: $62.35
2024-11-11 21:31:22,011 | INFO | 2024-11-12 06:30:00 | MCRB New high: $0.76 | Yesterday High: $0.76
2024-11-11 21:31:22,012 | INFO | 2024-11-12 06:30:00 | MCRB REMOVED - Breached yesterday's high
2024-11-11 21:31:22,012 | INFO | 2024-11-12 06:30:00 | CIFR New high: $7.71 | Yesterday High: $7.95
2024-11-11 21:31:22,012 | INFO | 
==================================================
2024-11-11 21:31:22,012 | INFO | Pre-market status - 06:30:00 ET
2024-11-11 21:31:22,012 | INFO | Hours until market open: 3.0
2024-11-11 21:31:22,012 | INFO | Symbols being tracked: 7
2024-11-11 21:31:22,012 | INFO | Symbols removed: 9
2024-11-11 21:31:22,012 | INFO | ==================================================

2024-11-11 21:31:22,121 | INFO | 2024-11-12 07:00:00 | CIFR New high: $7.76 | Yesterday High: $7.95
2024-11-11 21:31:22,232 | INFO | 
==================================================
2024-11-11 21:31:22,232 | INFO | Pre-market status - 07:30:00 ET
2024-11-11 21:31:22,232 | INFO | Hours until market open: 2.0
2024-11-11 21:31:22,232 | INFO | Symbols being tracked: 7
2024-11-11 21:31:22,232 | INFO | Symbols removed: 9
2024-11-11 21:31:22,232 | INFO | ==================================================

2024-11-11 21:31:22,449 | INFO | 2024-11-12 08:30:00 | SMMT New high: $22.77 | Yesterday High: $22.53
2024-11-11 21:31:22,450 | INFO | 2024-11-12 08:30:00 | SMMT REMOVED - Breached yesterday's high
2024-11-11 21:31:22,452 | INFO | 
==================================================
2024-11-11 21:31:22,452 | INFO | Pre-market status - 08:30:00 ET
2024-11-11 21:31:22,452 | INFO | Hours until market open: 1.0
2024-11-11 21:31:22,452 | INFO | Symbols being tracked: 6
2024-11-11 21:31:22,452 | INFO | Symbols removed: 10
2024-11-11 21:31:22,452 | INFO | ==================================================

2024-11-11 21:31:22,558 | INFO | 2024-11-12 09:00:00 | BMY New high: $65.04 | Yesterday High: $62.35
2024-11-11 21:31:22,559 | INFO | 2024-11-12 09:00:00 | BMY REMOVED - Breached yesterday's high
2024-11-11 21:31:22,666 | INFO | 
==================================================
2024-11-11 21:31:22,666 | INFO | Pre-market status - 09:30:00 ET
2024-11-11 21:31:22,666 | INFO | Hours until market open: 0.0
2024-11-11 21:31:22,666 | INFO | Symbols being tracked: 5
2024-11-11 21:31:22,666 | INFO | Symbols removed: 11
2024-11-11 21:31:22,666 | INFO | ==================================================

2024-11-11 21:31:22,771 | INFO | 
==================================================
2024-11-11 21:31:22,772 | INFO | Pre-market tracking completed
2024-11-11 21:31:22,772 | INFO | Removed 11 symbols that exceeded yesterday's high:
2024-11-11 21:31:22,773 | INFO | - AI: Pre-market high $30.40 > Yesterday high $29.29
2024-11-11 21:31:22,774 | INFO | - APLD: Pre-market high $8.32 > Yesterday high $8.22
2024-11-11 21:31:22,775 | INFO | - AQST: Pre-market high $5.75 > Yesterday high $5.59
2024-11-11 21:31:22,775 | INFO | - BMY: Pre-market high $65.04 > Yesterday high $62.35
2024-11-11 21:31:22,776 | INFO | - CTV: Pre-market high $2.04 > Yesterday high $2.00
2024-11-11 21:31:22,776 | INFO | - GEO: Pre-market high $28.06 > Yesterday high $27.88
2024-11-11 21:31:22,776 | INFO | - MCRB: Pre-market high $0.76 > Yesterday high $0.76
2024-11-11 21:31:22,777 | INFO | - QUBT: Pre-market high $1.57 > Yesterday high $1.56
2024-11-11 21:31:22,777 | INFO | - RDNT: Pre-market high $102.78 > Yesterday high $95.00
2024-11-11 21:31:22,777 | INFO | - SMMT: Pre-market high $22.77 > Yesterday high $22.53
2024-11-11 21:31:22,778 | INFO | - TDOC: Pre-market high $10.18 > Yesterday high $10.13
2024-11-11 21:31:22,778 | INFO | Symbols remaining: 16 → 5
2024-11-11 21:31:22,778 | INFO | ==================================================

2024-11-11 21:31:22,779 | INFO | 
==================================================
2024-11-11 21:31:22,779 | INFO | Starting main trading stream...
2024-11-11 21:31:22,779 | INFO | Tracking 5 symbols
2024-11-11 21:31:22,779 | INFO | Market open: 09:30:00 ET
2024-11-11 21:31:22,779 | INFO | Strategy end: 15:30:00 ET
2024-11-11 21:31:22,779 | INFO | ==================================================

2024-11-11 21:31:22,780 | INFO | 
==================================================
2024-11-11 21:31:22,780 | INFO | Position Update - 10:00:00 ET
2024-11-11 21:31:22,780 | INFO | Active Positions: {}
2024-11-11 21:31:22,780 | INFO | Closed Positions: set()
2024-11-11 21:31:22,781 | INFO | ==================================================

2024-11-11 21:31:22,787 | INFO | 
==================================================
2024-11-11 21:31:22,787 | INFO | 10:00:00 ET | TNYA: $2.23 | NO SIGNAL - Price did not hit target
2024-11-11 21:31:22,787 | INFO | ==================================================

2024-11-11 21:31:22,789 | INFO | 
==================================================
2024-11-11 21:31:22,789 | INFO | 10:00:00 ET | NVAX: $7.96 | NO SIGNAL - Price did not hit target
2024-11-11 21:31:22,789 | INFO | ==================================================

2024-11-11 21:31:22,790 | INFO | 
==================================================
2024-11-11 21:31:22,790 | INFO | 10:00:00 ET | CIFR: $7.37 | NO SIGNAL - Price did not hit target
2024-11-11 21:31:22,790 | INFO | ==================================================

2024-11-11 21:31:22,793 | INFO | 
==================================================
2024-11-11 21:31:22,794 | INFO | 10:00:00 ET | SLS: $1.09 | NO SIGNAL - Price did not hit target
2024-11-11 21:31:22,794 | INFO | ==================================================

2024-11-11 21:31:22,794 | INFO | 
==================================================
2024-11-11 21:31:22,794 | INFO | 10:00:00 ET | XPEV: $10.11 | NO SIGNAL - Price did not hit target
2024-11-11 21:31:22,794 | INFO | ==================================================

2024-11-11 21:31:22,901 | INFO | 
==================================================
2024-11-11 21:31:22,901 | INFO | Position Update - 10:30:00 ET
2024-11-11 21:31:22,901 | INFO | Active Positions: {}
2024-11-11 21:31:22,901 | INFO | Closed Positions: set()
2024-11-11 21:31:22,901 | INFO | ==================================================

2024-11-11 21:31:22,906 | INFO | 
==================================================
2024-11-11 21:31:22,907 | INFO | 10:30:00 ET | TNYA: $2.25 | NO SIGNAL - Price did not hit target
2024-11-11 21:31:22,907 | INFO | ==================================================

2024-11-11 21:31:22,909 | INFO | 
==================================================
2024-11-11 21:31:22,909 | INFO | 10:30:00 ET | NVAX: $7.57 | NO SIGNAL - Price did not hit target
2024-11-11 21:31:22,909 | INFO | ==================================================

2024-11-11 21:31:22,910 | INFO | 
==================================================
2024-11-11 21:31:22,910 | INFO | 10:30:00 ET | CIFR: $7.28 | NO SIGNAL - Price did not hit target
2024-11-11 21:31:22,911 | INFO | ==================================================

2024-11-11 21:31:22,916 | INFO | 
==================================================
2024-11-11 21:31:22,916 | INFO | 10:30:00 ET | SLS: $1.14 | NO SIGNAL - Price did not hit target
2024-11-11 21:31:22,916 | INFO | ==================================================

2024-11-11 21:31:22,917 | INFO | 
==================================================
2024-11-11 21:31:22,917 | INFO | 10:30:00 ET | XPEV: $10.20 | NO SIGNAL - Price did not hit target
2024-11-11 21:31:22,917 | INFO | ==================================================

2024-11-11 21:31:23,022 | INFO | 
==================================================
2024-11-11 21:31:23,023 | INFO | Position Update - 11:00:00 ET
2024-11-11 21:31:23,023 | INFO | Active Positions: {}
2024-11-11 21:31:23,023 | INFO | Closed Positions: set()
2024-11-11 21:31:23,023 | INFO | ==================================================

2024-11-11 21:31:23,025 | INFO | 
==================================================
2024-11-11 21:31:23,025 | INFO | 11:00:00 ET | TNYA: $2.30 | NO SIGNAL - Price did not hit target
2024-11-11 21:31:23,025 | INFO | ==================================================

2024-11-11 21:31:23,026 | INFO | 
==================================================
2024-11-11 21:31:23,026 | INFO | 11:00:00 ET | NVAX: $7.38 | NO SIGNAL - Price did not hit target
2024-11-11 21:31:23,026 | INFO | ==================================================

2024-11-11 21:31:23,027 | INFO | 
==================================================
2024-11-11 21:31:23,027 | INFO | 11:00:00 ET | CIFR: $7.35 | NO SIGNAL - Price did not hit target
2024-11-11 21:31:23,027 | INFO | ==================================================

2024-11-11 21:31:23,029 | INFO | 
==================================================
2024-11-11 21:31:23,029 | INFO | 11:00:00 ET | SLS: $1.13 | NO SIGNAL - Price did not hit target
2024-11-11 21:31:23,029 | INFO | ==================================================

2024-11-11 21:31:23,030 | INFO | 
==================================================
2024-11-11 21:31:23,030 | INFO | 11:00:00 ET | XPEV: $10.43 | NO SIGNAL - Price did not hit target
2024-11-11 21:31:23,030 | INFO | ==================================================

2024-11-11 21:31:23,135 | INFO | 
==================================================
2024-11-11 21:31:23,135 | INFO | Position Update - 11:30:00 ET
2024-11-11 21:31:23,135 | INFO | Active Positions: {}
2024-11-11 21:31:23,135 | INFO | Closed Positions: set()
2024-11-11 21:31:23,135 | INFO | ==================================================

2024-11-11 21:31:23,137 | INFO | 
==================================================
2024-11-11 21:31:23,137 | INFO | 11:30:00 ET | TNYA: $2.42 | NO SIGNAL - Price did not hit target
2024-11-11 21:31:23,137 | INFO | ==================================================

2024-11-11 21:31:23,137 | INFO | 
==================================================
2024-11-11 21:31:23,137 | INFO | 11:30:00 ET | NVAX: $7.62 | NO SIGNAL - Price did not hit target
2024-11-11 21:31:23,138 | INFO | ==================================================

2024-11-11 21:31:23,138 | INFO | 
==================================================
2024-11-11 21:31:23,138 | INFO | 11:30:00 ET | CIFR: $7.17 | NO SIGNAL - Price did not hit target
2024-11-11 21:31:23,138 | INFO | ==================================================

2024-11-11 21:31:23,139 | INFO | 
==================================================
2024-11-11 21:31:23,140 | INFO | 11:30:00 ET | SLS: $1.11 | NO SIGNAL - Price did not hit target
2024-11-11 21:31:23,140 | INFO | ==================================================

2024-11-11 21:31:23,140 | INFO | 
==================================================
2024-11-11 21:31:23,140 | INFO | 11:30:00 ET | XPEV: $10.52 | NO SIGNAL - Price did not hit target
2024-11-11 21:31:23,140 | INFO | ==================================================

2024-11-11 21:31:23,245 | INFO | 
==================================================
2024-11-11 21:31:23,245 | INFO | Position Update - 12:00:00 ET
2024-11-11 21:31:23,245 | INFO | Active Positions: {}
2024-11-11 21:31:23,245 | INFO | Closed Positions: set()
2024-11-11 21:31:23,245 | INFO | ==================================================

2024-11-11 21:31:23,247 | INFO | 
==================================================
2024-11-11 21:31:23,247 | INFO | 12:00:00 ET | TNYA: $2.45 | NO SIGNAL - Price did not hit target
2024-11-11 21:31:23,247 | INFO | ==================================================

2024-11-11 21:31:23,248 | INFO | 
==================================================
2024-11-11 21:31:23,248 | INFO | 12:00:00 ET | NVAX: $7.48 | NO SIGNAL - Price did not hit target
2024-11-11 21:31:23,248 | INFO | ==================================================

2024-11-11 21:31:23,248 | INFO | 
==================================================
2024-11-11 21:31:23,248 | INFO | 12:00:00 ET | CIFR: $7.32 | NO SIGNAL - Price did not hit target
2024-11-11 21:31:23,248 | INFO | ==================================================

2024-11-11 21:31:23,250 | INFO | 
==================================================
2024-11-11 21:31:23,250 | INFO | 12:00:00 ET | SLS: $1.08 | NO SIGNAL - Price did not hit target
2024-11-11 21:31:23,250 | INFO | ==================================================

2024-11-11 21:31:23,250 | INFO | 
==================================================
2024-11-11 21:31:23,250 | INFO | 12:00:00 ET | XPEV: $10.77 | NO SIGNAL - Price did not hit target
2024-11-11 21:31:23,250 | INFO | ==================================================

2024-11-11 21:31:23,356 | INFO | 
==================================================
2024-11-11 21:31:23,356 | INFO | Position Update - 12:30:00 ET
2024-11-11 21:31:23,356 | INFO | Active Positions: {}
2024-11-11 21:31:23,356 | INFO | Closed Positions: set()
2024-11-11 21:31:23,356 | INFO | ==================================================

2024-11-11 21:31:23,359 | INFO | 
==================================================
2024-11-11 21:31:23,359 | INFO | 12:30:00 ET | TNYA: $2.47 | NO SIGNAL - Price did not hit target
2024-11-11 21:31:23,359 | INFO | ==================================================

2024-11-11 21:31:23,360 | INFO | 
==================================================
2024-11-11 21:31:23,360 | INFO | 12:30:00 ET | NVAX: $7.42 | NO SIGNAL - Price did not hit target
2024-11-11 21:31:23,360 | INFO | ==================================================

2024-11-11 21:31:23,361 | INFO | 
==================================================
2024-11-11 21:31:23,361 | INFO | 12:30:00 ET | CIFR: $7.14 | NO SIGNAL - Price did not hit target
2024-11-11 21:31:23,361 | INFO | ==================================================

2024-11-11 21:31:23,363 | INFO | 
==================================================
2024-11-11 21:31:23,363 | INFO | 12:30:00 ET | SLS: $1.07 | NO SIGNAL - Price did not hit target
2024-11-11 21:31:23,363 | INFO | ==================================================

2024-11-11 21:31:23,364 | INFO | 
==================================================
2024-11-11 21:31:23,364 | INFO | 12:30:00 ET | XPEV: $11.00 | NO SIGNAL - Price did not hit target
2024-11-11 21:31:23,364 | INFO | ==================================================

2024-11-11 21:31:23,470 | INFO | 
==================================================
2024-11-11 21:31:23,471 | INFO | Position Update - 13:00:00 ET
2024-11-11 21:31:23,471 | INFO | Active Positions: {}
2024-11-11 21:31:23,471 | INFO | Closed Positions: set()
2024-11-11 21:31:23,471 | INFO | ==================================================

2024-11-11 21:31:23,476 | INFO | 
==================================================
2024-11-11 21:31:23,476 | INFO | 13:00:00 ET | TNYA: $2.48 | NO SIGNAL - Price did not hit target
2024-11-11 21:31:23,476 | INFO | ==================================================

2024-11-11 21:31:23,478 | INFO | 
==================================================
2024-11-11 21:31:23,479 | INFO | 13:00:00 ET | NVAX: $7.57 | NO SIGNAL - Price did not hit target
2024-11-11 21:31:23,479 | INFO | ==================================================

2024-11-11 21:31:23,480 | INFO | 
==================================================
2024-11-11 21:31:23,480 | INFO | 13:00:00 ET | CIFR: $7.26 | NO SIGNAL - Price did not hit target
2024-11-11 21:31:23,480 | INFO | ==================================================

2024-11-11 21:31:23,484 | INFO | 
==================================================
2024-11-11 21:31:23,484 | INFO | 13:00:00 ET | SLS: $1.09 | NO SIGNAL - Price did not hit target
2024-11-11 21:31:23,484 | INFO | ==================================================

2024-11-11 21:31:23,485 | INFO | 
==================================================
2024-11-11 21:31:23,485 | INFO | 13:00:00 ET | XPEV: $10.80 | NO SIGNAL - Price did not hit target
2024-11-11 21:31:23,485 | INFO | ==================================================

2024-11-11 21:31:23,592 | INFO | 
==================================================
2024-11-11 21:31:23,592 | INFO | Position Update - 13:30:00 ET
2024-11-11 21:31:23,592 | INFO | Active Positions: {}
2024-11-11 21:31:23,592 | INFO | Closed Positions: set()
2024-11-11 21:31:23,592 | INFO | ==================================================

2024-11-11 21:31:23,600 | INFO | 
==================================================
2024-11-11 21:31:23,600 | INFO | 13:30:00 ET | TNYA: $2.51 | NO SIGNAL - Price did not hit target
2024-11-11 21:31:23,600 | INFO | ==================================================

2024-11-11 21:31:23,601 | INFO | 
==================================================
2024-11-11 21:31:23,601 | INFO | 13:30:00 ET | NVAX: $7.43 | NO SIGNAL - Price did not hit target
2024-11-11 21:31:23,601 | INFO | ==================================================

2024-11-11 21:31:23,602 | INFO | 
==================================================
2024-11-11 21:31:23,602 | INFO | 13:30:00 ET | CIFR: $7.21 | NO SIGNAL - Price did not hit target
2024-11-11 21:31:23,602 | INFO | ==================================================

2024-11-11 21:31:23,605 | INFO | 
==================================================
2024-11-11 21:31:23,605 | INFO | 13:30:00 ET | SLS: $1.02 | NO SIGNAL - Price did not hit target
2024-11-11 21:31:23,605 | INFO | ==================================================

2024-11-11 21:31:23,606 | INFO | 
==================================================
2024-11-11 21:31:23,606 | INFO | 13:30:00 ET | XPEV: $10.75 | NO SIGNAL - Price did not hit target
2024-11-11 21:31:23,606 | INFO | ==================================================

2024-11-11 21:31:23,712 | INFO | 
==================================================
2024-11-11 21:31:23,712 | INFO | Position Update - 14:00:00 ET
2024-11-11 21:31:23,712 | INFO | Active Positions: {}
2024-11-11 21:31:23,712 | INFO | Closed Positions: set()
2024-11-11 21:31:23,712 | INFO | ==================================================

2024-11-11 21:31:23,717 | INFO | 
==================================================
2024-11-11 21:31:23,717 | INFO | 14:00:00 ET | TNYA: $2.47 | NO SIGNAL - Price did not hit target
2024-11-11 21:31:23,717 | INFO | ==================================================

2024-11-11 21:31:23,719 | INFO | 
==================================================
2024-11-11 21:31:23,719 | INFO | 14:00:00 ET | NVAX: $7.31 | NO SIGNAL - Price did not hit target
2024-11-11 21:31:23,719 | INFO | ==================================================

2024-11-11 21:31:23,720 | INFO | 
==================================================
2024-11-11 21:31:23,720 | INFO | 14:00:00 ET | CIFR: $7.13 | NO SIGNAL - Price did not hit target
2024-11-11 21:31:23,720 | INFO | ==================================================

2024-11-11 21:31:23,726 | INFO | 
==================================================
2024-11-11 21:31:23,726 | INFO | 14:00:00 ET | SLS: $1.04 | NO SIGNAL - Price did not hit target
2024-11-11 21:31:23,726 | INFO | ==================================================

2024-11-11 21:31:23,727 | INFO | 
==================================================
2024-11-11 21:31:23,727 | INFO | 14:00:00 ET | XPEV: $10.58 | NO SIGNAL - Price did not hit target
2024-11-11 21:31:23,727 | INFO | ==================================================

2024-11-11 21:31:23,834 | INFO | 
==================================================
2024-11-11 21:31:23,834 | INFO | Position Update - 14:30:00 ET
2024-11-11 21:31:23,834 | INFO | Active Positions: {}
2024-11-11 21:31:23,834 | INFO | Closed Positions: set()
2024-11-11 21:31:23,834 | INFO | ==================================================

2024-11-11 21:31:23,840 | INFO | 
==================================================
2024-11-11 21:31:23,840 | INFO | 14:30:00 ET | TNYA: $2.49 | NO SIGNAL - Price did not hit target
2024-11-11 21:31:23,840 | INFO | ==================================================

2024-11-11 21:31:23,843 | INFO | 
==================================================
2024-11-11 21:31:23,843 | INFO | 14:30:00 ET | NVAX: $7.36 | NO SIGNAL - Price did not hit target
2024-11-11 21:31:23,843 | INFO | ==================================================

2024-11-11 21:31:23,844 | INFO | 
==================================================
2024-11-11 21:31:23,844 | INFO | 14:30:00 ET | CIFR: $7.05 | NO SIGNAL - Price did not hit target
2024-11-11 21:31:23,844 | INFO | ==================================================

2024-11-11 21:31:23,847 | INFO | 
==================================================
2024-11-11 21:31:23,847 | INFO | 14:30:00 ET | SLS: $1.06 | NO SIGNAL - Price did not hit target
2024-11-11 21:31:23,847 | INFO | ==================================================

2024-11-11 21:31:23,847 | INFO | 
==================================================
2024-11-11 21:31:23,848 | INFO | 14:30:00 ET | XPEV: $10.37 | NO SIGNAL - Price did not hit target
2024-11-11 21:31:23,848 | INFO | ==================================================

2024-11-11 21:31:23,953 | INFO | 
==================================================
2024-11-11 21:31:23,954 | INFO | Position Update - 15:00:00 ET
2024-11-11 21:31:23,954 | INFO | Active Positions: {}
2024-11-11 21:31:23,954 | INFO | Closed Positions: set()
2024-11-11 21:31:23,954 | INFO | ==================================================

2024-11-11 21:31:23,958 | INFO | 
==================================================
2024-11-11 21:31:23,958 | INFO | 15:00:00 ET | TNYA: $2.45 | NO SIGNAL - Price did not hit target
2024-11-11 21:31:23,959 | INFO | ==================================================

2024-11-11 21:31:23,960 | INFO | 
==================================================
2024-11-11 21:31:23,960 | INFO | 15:00:00 ET | NVAX: $7.68 | NO SIGNAL - Price did not hit target
2024-11-11 21:31:23,961 | INFO | ==================================================

2024-11-11 21:31:23,962 | INFO | 
==================================================
2024-11-11 21:31:23,962 | INFO | 15:00:00 ET | CIFR: $7.10 | NO SIGNAL - Price did not hit target
2024-11-11 21:31:23,962 | INFO | ==================================================

2024-11-11 21:31:23,965 | INFO | 
==================================================
2024-11-11 21:31:23,966 | INFO | 15:00:00 ET | SLS: $1.04 | NO SIGNAL - Price did not hit target
2024-11-11 21:31:23,966 | INFO | ==================================================

2024-11-11 21:31:23,966 | INFO | 
==================================================
2024-11-11 21:31:23,966 | INFO | 15:00:00 ET | XPEV: $10.48 | NO SIGNAL - Price did not hit target
2024-11-11 21:31:23,967 | INFO | ==================================================

2024-11-11 21:31:24,072 | INFO | 
==================================================
2024-11-11 21:31:24,072 | INFO | Position Update - 15:30:00 ET
2024-11-11 21:31:24,072 | INFO | Active Positions: {}
2024-11-11 21:31:24,072 | INFO | Closed Positions: set()
2024-11-11 21:31:24,072 | INFO | ==================================================

2024-11-11 21:31:24,075 | INFO | 
==================================================
2024-11-11 21:31:24,075 | INFO | 15:30:00 ET | TNYA: $2.42 | NO SIGNAL - Price did not hit target
2024-11-11 21:31:24,075 | INFO | ==================================================

2024-11-11 21:31:24,076 | INFO | 
==================================================
2024-11-11 21:31:24,076 | INFO | 15:30:00 ET | NVAX: $7.85 | NO SIGNAL - Price did not hit target
2024-11-11 21:31:24,076 | INFO | ==================================================

2024-11-11 21:31:24,077 | INFO | 
==================================================
2024-11-11 21:31:24,077 | INFO | 15:30:00 ET | CIFR: $6.94 | NO SIGNAL - Price did not hit target
2024-11-11 21:31:24,077 | INFO | ==================================================

2024-11-11 21:31:24,079 | INFO | 
==================================================
2024-11-11 21:31:24,079 | INFO | 15:30:00 ET | SLS: $1.03 | NO SIGNAL - Price did not hit target
2024-11-11 21:31:24,079 | INFO | ==================================================

2024-11-11 21:31:24,080 | INFO | 
==================================================
2024-11-11 21:31:24,080 | INFO | 15:30:00 ET | XPEV: $10.42 | NO SIGNAL - Price did not hit target
2024-11-11 21:31:24,080 | INFO | ==================================================

2024-11-11 21:31:24,229 | INFO | Trading events saved to mock_stream/trading_events_20241111_213124.xlsx
2024-11-11 21:31:24,230 | INFO | Price details saved to mock_stream/details_20241111_213124.xlsx
