2024-11-12 12:51:17,582 | INFO | Logging to: logs/strategy_execution_20241112_125117.log
2024-11-12 12:51:17,583 | INFO | Starting VWAP spike strategy execution...
2024-11-12 12:51:17,583 | INFO | 
==================================================
2024-11-12 12:51:17,583 | INFO | Starting Strategy with Stocks:
2024-11-12 12:51:17,583 | INFO | LYFT   | Target Entry: $19.32
2024-11-12 12:51:17,583 | INFO | ==================================================

2024-11-12 12:51:17,583 | INFO | Starting pre-market tracking phase...
2024-11-12 12:51:17,583 | INFO | 
==================================================
2024-11-12 12:51:17,583 | INFO | Starting pre-market tracking...
2024-11-12 12:51:17,583 | INFO | Initial symbols: 1
2024-11-12 12:51:17,583 | INFO | Current time: 15:51:17 ET
2024-11-12 12:51:17,583 | INFO | Market opens at: 09:30:00 ET
2024-11-12 12:51:17,583 | INFO | ==================================================

2024-11-12 12:51:18,105 | INFO | 
==================================================
2024-11-12 12:51:18,105 | INFO | Starting main trading stream...
2024-11-12 12:51:18,105 | INFO | Tracking 1 symbols
2024-11-12 12:51:18,105 | INFO | Market open: 09:30:00 ET
2024-11-12 12:51:18,106 | INFO | Strategy end: 15:59:00 ET
2024-11-12 12:51:18,106 | INFO | ==================================================

2024-11-12 12:51:18,848 | INFO | 
==================================================
2024-11-12 12:51:18,848 | INFO | 15:51:18 ET | LYFT: $18.32 | 🔴 SHORT SIGNAL | Target: $19.32
2024-11-12 12:51:18,849 | INFO | Order Details: 1 shares @ $19.32 = $19.32
2024-11-12 12:51:18,849 | INFO | ✅ JUST TESTING: Order successfully placed and confirmed
2024-11-12 12:51:18,851 | INFO | ==================================================

2024-11-12 12:52:40,975 | INFO | 
==================================================
2024-11-12 12:52:40,976 | INFO | Position Update - 15:52:40 ET
2024-11-12 12:52:40,976 | INFO | Active Positions: {'LYFT': 18.32}
2024-11-12 12:52:40,976 | INFO | Closed Positions: set()
2024-11-12 12:52:40,976 | INFO | ==================================================

2024-11-12 12:52:46,528 | INFO | Trading events saved to mock_stream/trading_events_20241112_125246.xlsx
2024-11-12 12:52:46,528 | INFO | Price details saved to mock_stream/details_20241112_125246.xlsx
