2024-11-12 13:18:51,193 | INFO | Logging to: logs/strategy_execution_20241112_131851.log
2024-11-12 13:18:51,193 | INFO | Starting VWAP spike strategy execution...
2024-11-12 13:18:51,193 | INFO | 
==================================================
2024-11-12 13:18:51,193 | INFO | Starting Strategy with Stocks:
2024-11-12 13:18:51,193 | INFO | LYFT   | Target Entry: $19.32
2024-11-12 13:18:51,193 | INFO | ==================================================

2024-11-12 13:18:51,193 | INFO | Starting pre-market tracking phase...
2024-11-12 13:18:51,194 | INFO | 
==================================================
2024-11-12 13:18:51,194 | INFO | Starting pre-market tracking...
2024-11-12 13:18:51,194 | INFO | Initial symbols: 1
2024-11-12 13:18:51,194 | INFO | Current time: 16:18:51 ET
2024-11-12 13:18:51,194 | INFO | Market opens at: 09:30:00 ET
2024-11-12 13:18:51,194 | INFO | ==================================================

2024-11-12 13:18:51,824 | INFO | 
==================================================
2024-11-12 13:18:51,824 | INFO | Starting main trading stream...
2024-11-12 13:18:51,824 | INFO | Tracking 1 symbols
2024-11-12 13:18:51,824 | INFO | Market open: 09:30:00 ET
2024-11-12 13:18:51,824 | INFO | Strategy end: 16:30:00 ET
2024-11-12 13:18:51,824 | INFO | ==================================================

2024-11-12 13:18:52,333 | ERROR | Error in strategy execution: can't compare offset-naive and offset-aware datetimes
