2024-11-12 09:39:14,963 | INFO | Logging to: logs/strategy_execution_20241112_093914.log
2024-11-12 09:39:14,963 | INFO | Starting VWAP spike strategy execution...
2024-11-12 09:39:14,963 | INFO | 
==================================================
2024-11-12 09:39:14,963 | INFO | Starting Strategy with Stocks:
2024-11-12 09:39:14,964 | INFO | BMY    | Target Entry: $60.17
2024-11-12 09:39:14,964 | INFO | QUBT   | Target Entry: $1.45
2024-11-12 09:39:14,964 | INFO | MCRB   | Target Entry: $0.74
2024-11-12 09:39:14,964 | INFO | SMMT   | Target Entry: $21.82
2024-11-12 09:39:14,964 | INFO | TNYA   | Target Entry: $2.81
2024-11-12 09:39:14,964 | INFO | TDOC   | Target Entry: $9.85
2024-11-12 09:39:14,964 | INFO | NVAX   | Target Entry: $9.65
2024-11-12 09:39:14,964 | INFO | CIFR   | Target Entry: $7.53
2024-11-12 09:39:14,964 | INFO | APLD   | Target Entry: $8.00
2024-11-12 09:39:14,964 | INFO | GEO    | Target Entry: $27.07
2024-11-12 09:39:14,964 | INFO | CTV    | Target Entry: $1.95
2024-11-12 09:39:14,964 | INFO | AI     | Target Entry: $28.73
2024-11-12 09:39:14,964 | INFO | AQST   | Target Entry: $5.34
2024-11-12 09:39:14,964 | INFO | RDNT   | Target Entry: $90.04
2024-11-12 09:39:14,964 | INFO | SLS    | Target Entry: $1.27
2024-11-12 09:39:14,964 | INFO | XPEV   | Target Entry: $15.34
2024-11-12 09:39:14,964 | INFO | ==================================================

2024-11-12 09:39:14,964 | INFO | Starting pre-market tracking phase...
2024-11-12 09:39:14,964 | INFO | 
==================================================
2024-11-12 09:39:14,964 | INFO | Starting pre-market tracking...
2024-11-12 09:39:14,964 | INFO | Initial symbols: 16
2024-11-12 09:39:14,964 | INFO | Current time: 12:39:14 ET
2024-11-12 09:39:14,964 | INFO | Market opens at: 09:30:00 ET
2024-11-12 09:39:14,964 | INFO | ==================================================

2024-11-12 09:39:15,567 | INFO | 
==================================================
2024-11-12 09:39:15,567 | INFO | Starting main trading stream...
2024-11-12 09:39:15,567 | INFO | Tracking 16 symbols
2024-11-12 09:39:15,567 | INFO | Market open: 09:30:00 ET
2024-11-12 09:39:15,567 | INFO | Strategy end: 15:30:00 ET
2024-11-12 09:39:15,567 | INFO | ==================================================

2024-11-12 09:39:15,882 | INFO | 
==================================================
2024-11-12 09:39:15,882 | INFO | 12:39:15 ET | XPEV: $13.80 | NO SIGNAL - Price did not hit target entry of $15.34
2024-11-12 09:39:15,882 | INFO | ==================================================

2024-11-12 09:39:15,883 | INFO | 
==================================================
2024-11-12 09:39:15,883 | INFO | 12:39:15 ET | MCRB: $0.66 | NO SIGNAL - Price did not hit target entry of $0.74
2024-11-12 09:39:15,884 | INFO | ==================================================

2024-11-12 09:39:15,884 | INFO | 
==================================================
2024-11-12 09:39:15,884 | INFO | 12:39:15 ET | TDOC: $9.78 | NO SIGNAL - Price did not hit target entry of $9.85
2024-11-12 09:39:15,884 | INFO | ==================================================

2024-11-12 09:39:15,885 | INFO | 
==================================================
2024-11-12 09:39:15,885 | INFO | 12:39:15 ET | CTV: $1.73 | NO SIGNAL - Price did not hit target entry of $1.95
2024-11-12 09:39:15,885 | INFO | ==================================================

2024-11-12 09:39:15,886 | INFO | 
==================================================
2024-11-12 09:39:15,886 | INFO | 12:39:15 ET | TNYA: $2.29 | NO SIGNAL - Price did not hit target entry of $2.81
2024-11-12 09:39:15,886 | INFO | ==================================================

2024-11-12 09:39:16,115 | INFO | 
==================================================
2024-11-12 09:39:16,115 | INFO | 12:39:15 ET | SMMT: $22.08 | 🔴 SHORT SIGNAL | Target: $21.82
2024-11-12 09:39:16,115 | INFO | Order Details: 49 shares @ $22.08 = $1081.92
2024-11-12 09:39:16,115 | INFO | ✅ JUST TESTING: Order successfully placed and confirmed
2024-11-12 09:39:16,119 | INFO | ==================================================

2024-11-12 09:39:16,224 | INFO | 
==================================================
2024-11-12 09:39:16,224 | INFO | 12:39:15 ET | AI: $27.37 | NO SIGNAL - Price did not hit target entry of $28.73
2024-11-12 09:39:16,224 | INFO | ==================================================

2024-11-12 09:39:16,225 | INFO | 
==================================================
2024-11-12 09:39:16,225 | INFO | 12:39:15 ET | CIFR: $7.35 | NO SIGNAL - Price did not hit target entry of $7.53
2024-11-12 09:39:16,225 | INFO | ==================================================

2024-11-12 09:39:16,225 | INFO | 
==================================================
2024-11-12 09:39:16,225 | INFO | 12:39:15 ET | AQST: $4.94 | NO SIGNAL - Price did not hit target entry of $5.34
2024-11-12 09:39:16,225 | INFO | ==================================================

2024-11-12 09:39:16,225 | INFO | 
==================================================
2024-11-12 09:39:16,225 | INFO | 12:39:15 ET | BMY: $59.52 | NO SIGNAL - Price did not hit target entry of $60.17
2024-11-12 09:39:16,225 | INFO | ==================================================

2024-11-12 09:39:16,225 | INFO | 
==================================================
2024-11-12 09:39:16,225 | INFO | 12:39:15 ET | QUBT: $1.32 | NO SIGNAL - Price did not hit target entry of $1.45
2024-11-12 09:39:16,225 | INFO | ==================================================

2024-11-12 09:39:16,225 | INFO | 
==================================================
2024-11-12 09:39:16,225 | INFO | 12:39:15 ET | GEO: $24.53 | NO SIGNAL - Price did not hit target entry of $27.07
2024-11-12 09:39:16,225 | INFO | ==================================================

2024-11-12 09:39:16,226 | INFO | 
==================================================
2024-11-12 09:39:16,226 | INFO | 12:39:15 ET | APLD: $7.28 | NO SIGNAL - Price did not hit target entry of $8.00
2024-11-12 09:39:16,226 | INFO | ==================================================

2024-11-12 09:39:16,451 | INFO | 
==================================================
2024-11-12 09:39:16,452 | INFO | 12:39:15 ET | SLS: $1.34 | 🔴 SHORT SIGNAL | Target: $1.27
2024-11-12 09:39:16,452 | INFO | Order Details: 848 shares @ $1.34 = $1136.32
2024-11-12 09:39:16,452 | INFO | ✅ JUST TESTING: Order successfully placed and confirmed
2024-11-12 09:39:16,453 | INFO | ==================================================

2024-11-12 09:39:16,559 | INFO | 
==================================================
2024-11-12 09:39:16,559 | INFO | 12:39:15 ET | NVAX: $8.73 | NO SIGNAL - Price did not hit target entry of $9.65
2024-11-12 09:39:16,559 | INFO | ==================================================

2024-11-12 09:39:16,560 | INFO | 
==================================================
2024-11-12 09:39:16,560 | INFO | 12:39:15 ET | RDNT: $82.30 | NO SIGNAL - Price did not hit target entry of $90.04
2024-11-12 09:39:16,560 | INFO | ==================================================

2024-11-12 09:39:16,560 | INFO | 
==================================================
2024-11-12 09:39:16,561 | INFO | 12:39:16 ET | XPEV: $13.79 | NO SIGNAL - Price did not hit target entry of $15.34
2024-11-12 09:39:16,561 | INFO | ==================================================

2024-11-12 09:39:16,561 | INFO | 
==================================================
2024-11-12 09:39:16,561 | INFO | 12:39:16 ET | MCRB: $0.66 | NO SIGNAL - Price did not hit target entry of $0.74
2024-11-12 09:39:16,561 | INFO | ==================================================

2024-11-12 09:39:16,561 | INFO | 
==================================================
2024-11-12 09:39:16,561 | INFO | 12:39:16 ET | TDOC: $9.78 | NO SIGNAL - Price did not hit target entry of $9.85
2024-11-12 09:39:16,561 | INFO | ==================================================

2024-11-12 09:39:16,562 | INFO | 
==================================================
2024-11-12 09:39:16,562 | INFO | 12:39:16 ET | CTV: $1.73 | NO SIGNAL - Price did not hit target entry of $1.95
2024-11-12 09:39:16,562 | INFO | ==================================================

2024-11-12 09:39:16,562 | INFO | 
==================================================
2024-11-12 09:39:16,562 | INFO | 12:39:16 ET | TNYA: $2.29 | NO SIGNAL - Price did not hit target entry of $2.81
2024-11-12 09:39:16,562 | INFO | ==================================================

2024-11-12 09:39:16,765 | INFO | 
==================================================
2024-11-12 09:39:16,765 | INFO | 12:39:16 ET | SMMT: $22.08 | 🔴 SHORT SIGNAL | Target: $21.82
2024-11-12 09:39:16,765 | INFO | Order Details: 49 shares @ $22.08 = $1081.92
2024-11-12 09:39:16,766 | INFO | ✅ JUST TESTING: Order successfully placed and confirmed
2024-11-12 09:39:16,768 | INFO | ==================================================

2024-11-12 09:39:16,873 | INFO | 
==================================================
2024-11-12 09:39:16,873 | INFO | 12:39:16 ET | AI: $27.37 | NO SIGNAL - Price did not hit target entry of $28.73
2024-11-12 09:39:16,873 | INFO | ==================================================

2024-11-12 09:39:16,874 | INFO | 
==================================================
2024-11-12 09:39:16,874 | INFO | 12:39:16 ET | CIFR: $7.35 | NO SIGNAL - Price did not hit target entry of $7.53
2024-11-12 09:39:16,874 | INFO | ==================================================

2024-11-12 09:39:16,875 | INFO | 
==================================================
2024-11-12 09:39:16,875 | INFO | 12:39:16 ET | BMY: $59.52 | NO SIGNAL - Price did not hit target entry of $60.17
2024-11-12 09:39:16,875 | INFO | ==================================================

2024-11-12 09:39:16,876 | INFO | 
==================================================
2024-11-12 09:39:16,876 | INFO | 12:39:16 ET | AQST: $4.94 | NO SIGNAL - Price did not hit target entry of $5.34
2024-11-12 09:39:16,876 | INFO | ==================================================

2024-11-12 09:39:16,877 | INFO | 
==================================================
2024-11-12 09:39:16,877 | INFO | 12:39:16 ET | QUBT: $1.32 | NO SIGNAL - Price did not hit target entry of $1.45
2024-11-12 09:39:16,877 | INFO | ==================================================

2024-11-12 09:39:16,878 | INFO | 
==================================================
2024-11-12 09:39:16,878 | INFO | 12:39:16 ET | GEO: $24.53 | NO SIGNAL - Price did not hit target entry of $27.07
2024-11-12 09:39:16,878 | INFO | ==================================================

2024-11-12 09:39:16,878 | INFO | 
==================================================
2024-11-12 09:39:16,878 | INFO | 12:39:16 ET | APLD: $7.28 | NO SIGNAL - Price did not hit target entry of $8.00
2024-11-12 09:39:16,878 | INFO | ==================================================

2024-11-12 09:39:17,064 | INFO | 
==================================================
2024-11-12 09:39:17,064 | INFO | 12:39:16 ET | SLS: $1.34 | 🔴 SHORT SIGNAL | Target: $1.27
2024-11-12 09:39:17,064 | INFO | Order Details: 848 shares @ $1.34 = $1136.32
2024-11-12 09:39:17,065 | INFO | ✅ JUST TESTING: Order successfully placed and confirmed
2024-11-12 09:39:17,066 | INFO | ==================================================

2024-11-12 09:39:17,168 | INFO | 
==================================================
2024-11-12 09:39:17,168 | INFO | 12:39:16 ET | NVAX: $8.73 | NO SIGNAL - Price did not hit target entry of $9.65
2024-11-12 09:39:17,169 | INFO | ==================================================

2024-11-12 09:39:17,169 | INFO | 
==================================================
2024-11-12 09:39:17,169 | INFO | 12:39:16 ET | RDNT: $82.30 | NO SIGNAL - Price did not hit target entry of $90.04
2024-11-12 09:39:17,169 | INFO | ==================================================

2024-11-12 09:39:17,588 | INFO | 
==================================================
2024-11-12 09:39:17,588 | INFO | 12:39:17 ET | GEO: $24.54 | NO SIGNAL - Price did not hit target entry of $27.07
2024-11-12 09:39:17,588 | INFO | ==================================================

2024-11-12 09:39:18,634 | INFO | 
==================================================
2024-11-12 09:39:18,634 | INFO | 12:39:18 ET | NVAX: $8.75 | NO SIGNAL - Price did not hit target entry of $9.65
2024-11-12 09:39:18,634 | INFO | ==================================================

2024-11-12 09:39:18,845 | INFO | 
==================================================
2024-11-12 09:39:18,845 | INFO | 12:39:18 ET | XPEV: $13.79 | NO SIGNAL - Price did not hit target entry of $15.34
2024-11-12 09:39:18,845 | INFO | ==================================================

2024-11-12 09:39:18,846 | INFO | 
==================================================
2024-11-12 09:39:18,846 | INFO | 12:39:18 ET | MCRB: $0.66 | NO SIGNAL - Price did not hit target entry of $0.74
2024-11-12 09:39:18,846 | INFO | ==================================================

2024-11-12 09:39:18,847 | INFO | 
==================================================
2024-11-12 09:39:18,847 | INFO | 12:39:18 ET | TDOC: $9.78 | NO SIGNAL - Price did not hit target entry of $9.85
2024-11-12 09:39:18,847 | INFO | ==================================================

2024-11-12 09:39:18,848 | INFO | 
==================================================
2024-11-12 09:39:18,848 | INFO | 12:39:18 ET | CTV: $1.73 | NO SIGNAL - Price did not hit target entry of $1.95
2024-11-12 09:39:18,848 | INFO | ==================================================

2024-11-12 09:39:18,849 | INFO | 
==================================================
2024-11-12 09:39:18,849 | INFO | 12:39:18 ET | TNYA: $2.29 | NO SIGNAL - Price did not hit target entry of $2.81
2024-11-12 09:39:18,849 | INFO | ==================================================

2024-11-12 09:39:19,117 | INFO | 
==================================================
2024-11-12 09:39:19,117 | INFO | 12:39:18 ET | SMMT: $22.08 | 🔴 SHORT SIGNAL | Target: $21.82
2024-11-12 09:39:19,117 | INFO | Order Details: 49 shares @ $22.08 = $1081.92
2024-11-12 09:39:19,117 | INFO | ✅ JUST TESTING: Order successfully placed and confirmed
2024-11-12 09:39:19,120 | INFO | ==================================================

2024-11-12 09:39:19,225 | INFO | 
==================================================
2024-11-12 09:39:19,225 | INFO | 12:39:18 ET | AI: $27.37 | NO SIGNAL - Price did not hit target entry of $28.73
2024-11-12 09:39:19,225 | INFO | ==================================================

2024-11-12 09:39:19,226 | INFO | 
==================================================
2024-11-12 09:39:19,226 | INFO | 12:39:18 ET | CIFR: $7.35 | NO SIGNAL - Price did not hit target entry of $7.53
2024-11-12 09:39:19,226 | INFO | ==================================================

2024-11-12 09:39:19,226 | INFO | 
==================================================
2024-11-12 09:39:19,226 | INFO | 12:39:18 ET | AQST: $4.94 | NO SIGNAL - Price did not hit target entry of $5.34
2024-11-12 09:39:19,226 | INFO | ==================================================

2024-11-12 09:39:19,227 | INFO | 
==================================================
2024-11-12 09:39:19,227 | INFO | 12:39:18 ET | BMY: $59.52 | NO SIGNAL - Price did not hit target entry of $60.17
2024-11-12 09:39:19,227 | INFO | ==================================================

2024-11-12 09:39:19,227 | INFO | 
==================================================
2024-11-12 09:39:19,227 | INFO | 12:39:18 ET | QUBT: $1.32 | NO SIGNAL - Price did not hit target entry of $1.45
2024-11-12 09:39:19,227 | INFO | ==================================================

2024-11-12 09:39:19,228 | INFO | 
==================================================
2024-11-12 09:39:19,228 | INFO | 12:39:18 ET | GEO: $24.54 | NO SIGNAL - Price did not hit target entry of $27.07
2024-11-12 09:39:19,228 | INFO | ==================================================

2024-11-12 09:39:19,228 | INFO | 
==================================================
2024-11-12 09:39:19,228 | INFO | 12:39:18 ET | APLD: $7.28 | NO SIGNAL - Price did not hit target entry of $8.00
2024-11-12 09:39:19,228 | INFO | ==================================================

2024-11-12 09:39:19,435 | INFO | 
==================================================
2024-11-12 09:39:19,436 | INFO | 12:39:18 ET | SLS: $1.34 | 🔴 SHORT SIGNAL | Target: $1.27
2024-11-12 09:39:19,436 | INFO | Order Details: 848 shares @ $1.34 = $1136.32
2024-11-12 09:39:19,436 | INFO | ✅ JUST TESTING: Order successfully placed and confirmed
2024-11-12 09:39:19,439 | INFO | ==================================================

2024-11-12 09:39:19,543 | INFO | 
==================================================
2024-11-12 09:39:19,544 | INFO | 12:39:18 ET | NVAX: $8.75 | NO SIGNAL - Price did not hit target entry of $9.65
2024-11-12 09:39:19,544 | INFO | ==================================================

2024-11-12 09:39:19,545 | INFO | 
==================================================
2024-11-12 09:39:19,545 | INFO | 12:39:18 ET | RDNT: $82.30 | NO SIGNAL - Price did not hit target entry of $90.04
2024-11-12 09:39:19,545 | INFO | ==================================================

2024-11-12 09:39:21,823 | INFO | 
==================================================
2024-11-12 09:39:21,824 | INFO | 12:39:21 ET | GEO: $24.53 | NO SIGNAL - Price did not hit target entry of $27.07
2024-11-12 09:39:21,824 | INFO | ==================================================

2024-11-12 09:39:22,869 | INFO | 
==================================================
2024-11-12 09:39:22,869 | INFO | 12:39:22 ET | GEO: $24.54 | NO SIGNAL - Price did not hit target entry of $27.07
2024-11-12 09:39:22,869 | INFO | ==================================================

2024-11-12 09:39:22,869 | INFO | 
==================================================
2024-11-12 09:39:22,869 | INFO | 12:39:22 ET | APLD: $7.29 | NO SIGNAL - Price did not hit target entry of $8.00
2024-11-12 09:39:22,869 | INFO | ==================================================

2024-11-12 09:39:34,441 | INFO | 
==================================================
2024-11-12 09:39:34,443 | INFO | 12:39:34 ET | XPEV: $13.80 | NO SIGNAL - Price did not hit target entry of $15.34
2024-11-12 09:39:34,443 | INFO | ==================================================

2024-11-12 09:39:34,444 | INFO | 
==================================================
2024-11-12 09:39:34,444 | INFO | 12:39:34 ET | MCRB: $0.66 | NO SIGNAL - Price did not hit target entry of $0.74
2024-11-12 09:39:34,444 | INFO | ==================================================

2024-11-12 09:39:34,446 | INFO | 
==================================================
2024-11-12 09:39:34,446 | INFO | 12:39:34 ET | TDOC: $9.78 | NO SIGNAL - Price did not hit target entry of $9.85
2024-11-12 09:39:34,447 | INFO | ==================================================

2024-11-12 09:39:34,448 | INFO | 
==================================================
2024-11-12 09:39:34,449 | INFO | 12:39:34 ET | CTV: $1.73 | NO SIGNAL - Price did not hit target entry of $1.95
2024-11-12 09:39:34,449 | INFO | ==================================================

2024-11-12 09:39:34,451 | INFO | 
==================================================
2024-11-12 09:39:34,451 | INFO | 12:39:34 ET | TNYA: $2.29 | NO SIGNAL - Price did not hit target entry of $2.81
2024-11-12 09:39:34,451 | INFO | ==================================================

2024-11-12 09:39:34,672 | INFO | 
==================================================
2024-11-12 09:39:34,672 | INFO | 12:39:34 ET | SMMT: $22.09 | 🔴 SHORT SIGNAL | Target: $21.82
2024-11-12 09:39:34,673 | INFO | Order Details: 49 shares @ $22.09 = $1082.41
2024-11-12 09:39:34,673 | INFO | ✅ JUST TESTING: Order successfully placed and confirmed
2024-11-12 09:39:34,676 | INFO | ==================================================

2024-11-12 09:39:34,782 | INFO | 
==================================================
2024-11-12 09:39:34,782 | INFO | 12:39:34 ET | AI: $27.38 | NO SIGNAL - Price did not hit target entry of $28.73
2024-11-12 09:39:34,782 | INFO | ==================================================

2024-11-12 09:39:34,782 | INFO | 
==================================================
2024-11-12 09:39:34,782 | INFO | 12:39:34 ET | CIFR: $7.36 | NO SIGNAL - Price did not hit target entry of $7.53
2024-11-12 09:39:34,782 | INFO | ==================================================

2024-11-12 09:39:34,782 | INFO | 
==================================================
2024-11-12 09:39:34,782 | INFO | 12:39:34 ET | AQST: $4.94 | NO SIGNAL - Price did not hit target entry of $5.34
2024-11-12 09:39:34,782 | INFO | ==================================================

2024-11-12 09:39:34,783 | INFO | 
==================================================
2024-11-12 09:39:34,783 | INFO | 12:39:34 ET | BMY: $59.52 | NO SIGNAL - Price did not hit target entry of $60.17
2024-11-12 09:39:34,783 | INFO | ==================================================

2024-11-12 09:39:34,783 | INFO | 
==================================================
2024-11-12 09:39:34,783 | INFO | 12:39:34 ET | GEO: $24.53 | NO SIGNAL - Price did not hit target entry of $27.07
2024-11-12 09:39:34,783 | INFO | ==================================================

2024-11-12 09:39:34,783 | INFO | 
==================================================
2024-11-12 09:39:34,783 | INFO | 12:39:34 ET | QUBT: $1.32 | NO SIGNAL - Price did not hit target entry of $1.45
2024-11-12 09:39:34,783 | INFO | ==================================================

2024-11-12 09:39:34,783 | INFO | 
==================================================
2024-11-12 09:39:34,783 | INFO | 12:39:34 ET | APLD: $7.29 | NO SIGNAL - Price did not hit target entry of $8.00
2024-11-12 09:39:34,783 | INFO | ==================================================

2024-11-12 09:39:35,135 | INFO | 
==================================================
2024-11-12 09:39:35,136 | INFO | 12:39:34 ET | SLS: $1.34 | 🔴 SHORT SIGNAL | Target: $1.27
2024-11-12 09:39:35,136 | INFO | Order Details: 848 shares @ $1.34 = $1136.32
2024-11-12 09:39:35,136 | INFO | ✅ JUST TESTING: Order successfully placed and confirmed
2024-11-12 09:39:35,139 | INFO | ==================================================

2024-11-12 09:39:35,242 | INFO | 
==================================================
2024-11-12 09:39:35,242 | INFO | 12:39:34 ET | NVAX: $8.75 | NO SIGNAL - Price did not hit target entry of $9.65
2024-11-12 09:39:35,242 | INFO | ==================================================

2024-11-12 09:39:35,243 | INFO | 
==================================================
2024-11-12 09:39:35,243 | INFO | 12:39:34 ET | RDNT: $82.30 | NO SIGNAL - Price did not hit target entry of $90.04
2024-11-12 09:39:35,243 | INFO | ==================================================

2024-11-12 09:39:35,350 | INFO | 
==================================================
2024-11-12 09:39:35,350 | INFO | 12:39:35 ET | GEO: $24.54 | NO SIGNAL - Price did not hit target entry of $27.07
2024-11-12 09:39:35,350 | INFO | ==================================================

2024-11-12 09:39:36,390 | INFO | 
==================================================
2024-11-12 09:39:36,390 | INFO | 12:39:36 ET | XPEV: $13.81 | NO SIGNAL - Price did not hit target entry of $15.34
2024-11-12 09:39:36,390 | INFO | ==================================================

2024-11-12 09:39:37,431 | INFO | 
==================================================
2024-11-12 09:39:37,431 | INFO | 12:39:37 ET | CIFR: $7.35 | NO SIGNAL - Price did not hit target entry of $7.53
2024-11-12 09:39:37,432 | INFO | ==================================================

2024-11-12 09:39:37,433 | INFO | 
==================================================
2024-11-12 09:39:37,433 | INFO | 12:39:37 ET | GEO: $24.55 | NO SIGNAL - Price did not hit target entry of $27.07
2024-11-12 09:39:37,433 | INFO | ==================================================

2024-11-12 09:39:38,461 | INFO | 
==================================================
2024-11-12 09:39:38,461 | INFO | 12:39:38 ET | MCRB: $0.66 | NO SIGNAL - Price did not hit target entry of $0.74
2024-11-12 09:39:38,461 | INFO | ==================================================

2024-11-12 09:39:38,462 | INFO | 
==================================================
2024-11-12 09:39:38,462 | INFO | 12:39:38 ET | BMY: $59.54 | NO SIGNAL - Price did not hit target entry of $60.17
2024-11-12 09:39:38,462 | INFO | ==================================================

2024-11-12 09:39:38,462 | INFO | 
==================================================
2024-11-12 09:39:38,462 | INFO | 12:39:38 ET | RDNT: $82.32 | NO SIGNAL - Price did not hit target entry of $90.04
2024-11-12 09:39:38,462 | INFO | ==================================================

2024-11-12 09:39:42,343 | INFO | 
==================================================
2024-11-12 09:39:42,346 | INFO | 12:39:42 ET | BMY: $59.52 | NO SIGNAL - Price did not hit target entry of $60.17
2024-11-12 09:39:42,347 | INFO | ==================================================

2024-11-12 09:39:43,280 | INFO | 
==================================================
2024-11-12 09:39:43,280 | INFO | 12:39:43 ET | BMY: $59.53 | NO SIGNAL - Price did not hit target entry of $60.17
2024-11-12 09:39:43,280 | INFO | ==================================================

2024-11-12 09:39:46,925 | INFO | 
==================================================
2024-11-12 09:39:46,925 | INFO | 12:39:46 ET | RDNT: $82.33 | NO SIGNAL - Price did not hit target entry of $90.04
2024-11-12 09:39:46,925 | INFO | ==================================================

2024-11-12 09:39:49,528 | INFO | 
==================================================
2024-11-12 09:39:49,528 | INFO | 12:39:49 ET | SMMT: $22.08 | 🔴 SHORT SIGNAL | Target: $21.82
2024-11-12 09:39:49,529 | INFO | Order Details: 49 shares @ $22.08 = $1081.92
2024-11-12 09:39:49,529 | INFO | ✅ JUST TESTING: Order successfully placed and confirmed
2024-11-12 09:39:49,534 | INFO | ==================================================

2024-11-12 09:39:54,791 | INFO | 
==================================================
2024-11-12 09:39:54,792 | INFO | 12:39:54 ET | SMMT: $22.09 | 🔴 SHORT SIGNAL | Target: $21.82
2024-11-12 09:39:54,792 | INFO | Order Details: 49 shares @ $22.09 = $1082.41
2024-11-12 09:39:54,792 | INFO | ✅ JUST TESTING: Order successfully placed and confirmed
2024-11-12 09:39:54,793 | INFO | ==================================================

2024-11-12 09:39:55,739 | INFO | 
==================================================
2024-11-12 09:39:55,740 | INFO | 12:39:55 ET | SMMT: $22.11 | 🔴 SHORT SIGNAL | Target: $21.82
2024-11-12 09:39:55,740 | INFO | Order Details: 49 shares @ $22.11 = $1083.39
2024-11-12 09:39:55,740 | INFO | ✅ JUST TESTING: Order successfully placed and confirmed
2024-11-12 09:39:55,742 | INFO | ==================================================

2024-11-12 09:39:56,673 | INFO | 
==================================================
2024-11-12 09:39:56,673 | INFO | 12:39:56 ET | GEO: $24.56 | NO SIGNAL - Price did not hit target entry of $27.07
2024-11-12 09:39:56,673 | INFO | ==================================================

2024-11-12 09:39:58,504 | INFO | 
==================================================
2024-11-12 09:39:58,504 | INFO | 12:39:58 ET | SMMT: $22.10 | 🔴 SHORT SIGNAL | Target: $21.82
2024-11-12 09:39:58,504 | INFO | Order Details: 49 shares @ $22.10 = $1082.90
2024-11-12 09:39:58,504 | INFO | ✅ JUST TESTING: Order successfully placed and confirmed
2024-11-12 09:39:58,505 | INFO | ==================================================

2024-11-12 09:39:59,446 | INFO | 
==================================================
2024-11-12 09:39:59,446 | INFO | 12:39:59 ET | MCRB: $0.65 | NO SIGNAL - Price did not hit target entry of $0.74
2024-11-12 09:39:59,446 | INFO | ==================================================

2024-11-12 09:40:01,124 | INFO | 
==================================================
2024-11-12 09:40:01,124 | INFO | 12:40:01 ET | AI: $27.35 | NO SIGNAL - Price did not hit target entry of $28.73
2024-11-12 09:40:01,124 | INFO | ==================================================

2024-11-12 09:40:02,169 | INFO | 
==================================================
2024-11-12 09:40:02,169 | INFO | 12:40:02 ET | GEO: $24.55 | NO SIGNAL - Price did not hit target entry of $27.07
2024-11-12 09:40:02,169 | INFO | ==================================================

2024-11-12 09:40:03,103 | INFO | 
==================================================
2024-11-12 09:40:03,103 | INFO | 12:40:03 ET | AI: $27.36 | NO SIGNAL - Price did not hit target entry of $28.73
2024-11-12 09:40:03,103 | INFO | ==================================================

2024-11-12 09:40:03,104 | INFO | 
==================================================
2024-11-12 09:40:03,104 | INFO | 12:40:03 ET | GEO: $24.54 | NO SIGNAL - Price did not hit target entry of $27.07
2024-11-12 09:40:03,104 | INFO | ==================================================

2024-11-12 09:40:04,146 | INFO | 
==================================================
2024-11-12 09:40:04,147 | INFO | 12:40:04 ET | CIFR: $7.34 | NO SIGNAL - Price did not hit target entry of $7.53
2024-11-12 09:40:04,147 | INFO | ==================================================

2024-11-12 09:40:05,385 | INFO | 
==================================================
2024-11-12 09:40:05,385 | INFO | 12:40:05 ET | SMMT: $22.08 | 🔴 SHORT SIGNAL | Target: $21.82
2024-11-12 09:40:05,385 | INFO | Order Details: 49 shares @ $22.08 = $1081.92
2024-11-12 09:40:05,385 | INFO | ✅ JUST TESTING: Order successfully placed and confirmed
2024-11-12 09:40:05,387 | INFO | ==================================================

2024-11-12 09:40:05,493 | INFO | 
==================================================
2024-11-12 09:40:05,493 | INFO | 12:40:05 ET | NVAX: $8.73 | NO SIGNAL - Price did not hit target entry of $9.65
2024-11-12 09:40:05,493 | INFO | ==================================================

2024-11-12 09:40:06,672 | INFO | 
==================================================
2024-11-12 09:40:06,672 | INFO | 12:40:06 ET | SMMT: $22.06 | 🔴 SHORT SIGNAL | Target: $21.82
2024-11-12 09:40:06,673 | INFO | Order Details: 49 shares @ $22.06 = $1080.94
2024-11-12 09:40:06,673 | INFO | ✅ JUST TESTING: Order successfully placed and confirmed
2024-11-12 09:40:06,674 | INFO | ==================================================

2024-11-12 09:40:07,201 | INFO | 
==================================================
2024-11-12 09:40:07,201 | INFO | 12:40:07 ET | BMY: $59.54 | NO SIGNAL - Price did not hit target entry of $60.17
2024-11-12 09:40:07,201 | INFO | ==================================================

2024-11-12 09:40:07,202 | INFO | 
==================================================
2024-11-12 09:40:07,202 | INFO | 12:40:07 ET | GEO: $24.50 | NO SIGNAL - Price did not hit target entry of $27.07
2024-11-12 09:40:07,202 | INFO | ==================================================

2024-11-12 09:40:07,203 | INFO | 
==================================================
2024-11-12 09:40:07,203 | INFO | 12:40:07 ET | RDNT: $82.34 | NO SIGNAL - Price did not hit target entry of $90.04
2024-11-12 09:40:07,203 | INFO | ==================================================

2024-11-12 09:40:09,699 | INFO | 
==================================================
2024-11-12 09:40:09,699 | INFO | 12:40:09 ET | RDNT: $82.35 | NO SIGNAL - Price did not hit target entry of $90.04
2024-11-12 09:40:09,699 | INFO | ==================================================

2024-11-12 09:40:10,952 | INFO | 
==================================================
2024-11-12 09:40:10,953 | INFO | 12:40:10 ET | RDNT: $82.34 | NO SIGNAL - Price did not hit target entry of $90.04
2024-11-12 09:40:10,953 | INFO | ==================================================

2024-11-12 09:40:11,325 | INFO | Trading events saved to mock_stream/trading_events_20241112_094011.xlsx
2024-11-12 09:40:11,326 | INFO | Price details saved to mock_stream/details_20241112_094011.xlsx
