2024-11-12 13:22:31,909 | INFO | Logging to: logs/strategy_execution_20241112_132231.log
2024-11-12 13:22:31,909 | INFO | Starting VWAP spike strategy execution...
2024-11-12 13:22:31,909 | INFO | 
==================================================
2024-11-12 13:22:31,909 | INFO | Starting Strategy with Stocks:
2024-11-12 13:22:31,909 | INFO | LYFT   | Target Entry: $19.32
2024-11-12 13:22:31,909 | INFO | ==================================================

2024-11-12 13:22:31,909 | INFO | Starting pre-market tracking phase...
2024-11-12 13:22:31,909 | INFO | 
==================================================
2024-11-12 13:22:31,909 | INFO | Starting pre-market tracking...
2024-11-12 13:22:31,909 | INFO | Initial symbols: 1
2024-11-12 13:22:31,909 | INFO | Current time: 16:22:31 ET
2024-11-12 13:22:31,909 | INFO | Market opens at: 09:30:00 ET
2024-11-12 13:22:31,909 | INFO | ==================================================

2024-11-12 13:22:32,598 | INFO | 
==================================================
2024-11-12 13:22:32,599 | INFO | Starting main trading stream...
2024-11-12 13:22:32,599 | INFO | Tracking 1 symbols
2024-11-12 13:22:32,599 | INFO | Market open: 09:30:00 ET
2024-11-12 13:22:32,599 | INFO | Strategy end: 16:00:00 ET
2024-11-12 13:22:32,599 | INFO | ==================================================

