2024-11-11 21:32:12,599 | INFO | Logging to: logs/strategy_execution_20241111_213212.log
2024-11-11 21:32:12,599 | INFO | Starting VWAP spike strategy execution...
2024-11-11 21:32:12,599 | INFO | 
==================================================
2024-11-11 21:32:12,599 | INFO | Starting Strategy with Stocks:
2024-11-11 21:32:12,599 | INFO | BMY    | Target Entry: $60.17
2024-11-11 21:32:12,599 | INFO | QUBT   | Target Entry: $1.45
2024-11-11 21:32:12,599 | INFO | MCRB   | Target Entry: $0.74
2024-11-11 21:32:12,599 | INFO | SMMT   | Target Entry: $21.82
2024-11-11 21:32:12,599 | INFO | TNYA   | Target Entry: $2.81
2024-11-11 21:32:12,599 | INFO | TDOC   | Target Entry: $9.85
2024-11-11 21:32:12,599 | INFO | NVAX   | Target Entry: $9.65
2024-11-11 21:32:12,599 | INFO | CIFR   | Target Entry: $7.53
2024-11-11 21:32:12,599 | INFO | APLD   | Target Entry: $8.00
2024-11-11 21:32:12,599 | INFO | GEO    | Target Entry: $27.07
2024-11-11 21:32:12,600 | INFO | CTV    | Target Entry: $1.95
2024-11-11 21:32:12,600 | INFO | AI     | Target Entry: $28.73
2024-11-11 21:32:12,600 | INFO | AQST   | Target Entry: $5.34
2024-11-11 21:32:12,600 | INFO | RDNT   | Target Entry: $90.04
2024-11-11 21:32:12,600 | INFO | SLS    | Target Entry: $1.27
2024-11-11 21:32:12,600 | INFO | XPEV   | Target Entry: $15.34
2024-11-11 21:32:12,600 | INFO | ==================================================

2024-11-11 21:32:12,601 | INFO | Starting pre-market tracking phase...
2024-11-11 21:32:12,601 | INFO | 
==================================================
2024-11-11 21:32:12,601 | INFO | Starting pre-market tracking...
2024-11-11 21:32:12,601 | INFO | Initial symbols: 16
2024-11-11 21:32:12,601 | INFO | Current time: 00:00:00 ET
2024-11-11 21:32:12,601 | INFO | Market opens at: 09:30:00 ET
2024-11-11 21:32:12,601 | INFO | ==================================================

2024-11-11 21:32:12,602 | INFO | 
==================================================
2024-11-11 21:32:12,602 | INFO | Pre-market status - 00:30:00 ET
2024-11-11 21:32:12,602 | INFO | Hours until market open: 9.0
2024-11-11 21:32:12,602 | INFO | Symbols being tracked: 16
2024-11-11 21:32:12,602 | INFO | Symbols removed: 0
2024-11-11 21:32:12,602 | INFO | ==================================================

2024-11-11 21:32:12,708 | INFO | 2024-11-12 01:00:00 | BMY New high: $59.25 | Yesterday High: $62.35
2024-11-11 21:32:12,709 | INFO | 2024-11-12 01:00:00 | TDOC New high: $9.94 | Yesterday High: $10.13
2024-11-11 21:32:12,709 | INFO | 2024-11-12 01:00:00 | NVAX New high: $8.77 | Yesterday High: $10.74
2024-11-11 21:32:12,709 | INFO | 2024-11-12 01:00:00 | CIFR New high: $7.20 | Yesterday High: $7.95
2024-11-11 21:32:12,709 | INFO | 2024-11-12 01:00:00 | APLD New high: $7.77 | Yesterday High: $8.22
2024-11-11 21:32:12,709 | INFO | 2024-11-12 01:00:00 | GEO New high: $27.22 | Yesterday High: $27.88
2024-11-11 21:32:12,709 | INFO | 2024-11-12 01:00:00 | AI New high: $29.74 | Yesterday High: $29.29
2024-11-11 21:32:12,710 | INFO | 2024-11-12 01:00:00 | AI REMOVED - Breached yesterday's high
2024-11-11 21:32:12,710 | INFO | 2024-11-12 01:00:00 | AQST New high: $5.26 | Yesterday High: $5.59
2024-11-11 21:32:12,710 | INFO | 2024-11-12 01:00:00 | SLS New high: $1.20 | Yesterday High: $1.31
2024-11-11 21:32:12,816 | INFO | 2024-11-12 01:30:00 | BMY New high: $60.13 | Yesterday High: $62.35
2024-11-11 21:32:12,818 | INFO | 2024-11-12 01:30:00 | APLD New high: $8.07 | Yesterday High: $8.22
2024-11-11 21:32:12,819 | INFO | 2024-11-12 01:30:00 | AQST New high: $5.46 | Yesterday High: $5.59
2024-11-11 21:32:12,820 | INFO | 2024-11-12 01:30:00 | XPEV New high: $14.52 | Yesterday High: $15.68
2024-11-11 21:32:12,820 | INFO | 
==================================================
2024-11-11 21:32:12,820 | INFO | Pre-market status - 01:30:00 ET
2024-11-11 21:32:12,820 | INFO | Hours until market open: 8.0
2024-11-11 21:32:12,820 | INFO | Symbols being tracked: 15
2024-11-11 21:32:12,820 | INFO | Symbols removed: 1
2024-11-11 21:32:12,820 | INFO | ==================================================

2024-11-11 21:32:12,926 | INFO | 2024-11-12 02:00:00 | QUBT New high: $1.49 | Yesterday High: $1.56
2024-11-11 21:32:12,929 | INFO | 2024-11-12 02:00:00 | AQST New high: $5.71 | Yesterday High: $5.59
2024-11-11 21:32:12,930 | INFO | 2024-11-12 02:00:00 | AQST REMOVED - Breached yesterday's high
2024-11-11 21:32:12,931 | INFO | 2024-11-12 02:00:00 | XPEV New high: $14.71 | Yesterday High: $15.68
2024-11-11 21:32:13,032 | INFO | 2024-11-12 02:30:00 | QUBT New high: $1.55 | Yesterday High: $1.56
2024-11-11 21:32:13,034 | INFO | 2024-11-12 02:30:00 | RDNT New high: $86.57 | Yesterday High: $95.00
2024-11-11 21:32:13,034 | INFO | 2024-11-12 02:30:00 | XPEV New high: $15.25 | Yesterday High: $15.68
2024-11-11 21:32:13,034 | INFO | 
==================================================
2024-11-11 21:32:13,035 | INFO | Pre-market status - 02:30:00 ET
2024-11-11 21:32:13,035 | INFO | Hours until market open: 7.0
2024-11-11 21:32:13,035 | INFO | Symbols being tracked: 14
2024-11-11 21:32:13,035 | INFO | Symbols removed: 2
2024-11-11 21:32:13,035 | INFO | ==================================================

2024-11-11 21:32:13,139 | INFO | 2024-11-12 03:00:00 | QUBT New high: $1.58 | Yesterday High: $1.56
2024-11-11 21:32:13,140 | INFO | 2024-11-12 03:00:00 | QUBT REMOVED - Breached yesterday's high
2024-11-11 21:32:13,142 | INFO | 2024-11-12 03:00:00 | RDNT New high: $87.25 | Yesterday High: $95.00
2024-11-11 21:32:13,142 | INFO | 2024-11-12 03:00:00 | SLS New high: $1.23 | Yesterday High: $1.31
2024-11-11 21:32:13,142 | INFO | 2024-11-12 03:00:00 | XPEV New high: $15.72 | Yesterday High: $15.68
2024-11-11 21:32:13,143 | INFO | 2024-11-12 03:00:00 | XPEV REMOVED - Breached yesterday's high
2024-11-11 21:32:13,250 | INFO | 2024-11-12 03:30:00 | NVAX New high: $9.05 | Yesterday High: $10.74
2024-11-11 21:32:13,250 | INFO | 2024-11-12 03:30:00 | GEO New high: $27.62 | Yesterday High: $27.88
2024-11-11 21:32:13,251 | INFO | 2024-11-12 03:30:00 | RDNT New high: $91.46 | Yesterday High: $95.00
2024-11-11 21:32:13,251 | INFO | 2024-11-12 03:30:00 | SLS New high: $1.28 | Yesterday High: $1.31
2024-11-11 21:32:13,251 | INFO | 
==================================================
2024-11-11 21:32:13,251 | INFO | Pre-market status - 03:30:00 ET
2024-11-11 21:32:13,251 | INFO | Hours until market open: 6.0
2024-11-11 21:32:13,251 | INFO | Symbols being tracked: 12
2024-11-11 21:32:13,251 | INFO | Symbols removed: 4
2024-11-11 21:32:13,251 | INFO | ==================================================

2024-11-11 21:32:13,358 | INFO | 2024-11-12 04:00:00 | MCRB New high: $0.73 | Yesterday High: $0.76
2024-11-11 21:32:13,359 | INFO | 2024-11-12 04:00:00 | TNYA New high: $2.73 | Yesterday High: $3.03
2024-11-11 21:32:13,359 | INFO | 2024-11-12 04:00:00 | NVAX New high: $9.23 | Yesterday High: $10.74
2024-11-11 21:32:13,360 | INFO | 2024-11-12 04:00:00 | RDNT New high: $94.02 | Yesterday High: $95.00
2024-11-11 21:32:13,360 | INFO | 2024-11-12 04:00:00 | SLS New high: $1.33 | Yesterday High: $1.31
2024-11-11 21:32:13,361 | INFO | 2024-11-12 04:00:00 | SLS REMOVED - Breached yesterday's high
2024-11-11 21:32:13,465 | INFO | 2024-11-12 04:30:00 | TNYA New high: $2.75 | Yesterday High: $3.03
2024-11-11 21:32:13,465 | INFO | 2024-11-12 04:30:00 | NVAX New high: $9.33 | Yesterday High: $10.74
2024-11-11 21:32:13,465 | INFO | 2024-11-12 04:30:00 | GEO New high: $28.31 | Yesterday High: $27.88
2024-11-11 21:32:13,466 | INFO | 2024-11-12 04:30:00 | GEO REMOVED - Breached yesterday's high
2024-11-11 21:32:13,466 | INFO | 2024-11-12 04:30:00 | RDNT New high: $96.54 | Yesterday High: $95.00
2024-11-11 21:32:13,467 | INFO | 2024-11-12 04:30:00 | RDNT REMOVED - Breached yesterday's high
2024-11-11 21:32:13,467 | INFO | 
==================================================
2024-11-11 21:32:13,467 | INFO | Pre-market status - 04:30:00 ET
2024-11-11 21:32:13,467 | INFO | Hours until market open: 5.0
2024-11-11 21:32:13,467 | INFO | Symbols being tracked: 9
2024-11-11 21:32:13,467 | INFO | Symbols removed: 7
2024-11-11 21:32:13,467 | INFO | ==================================================

2024-11-11 21:32:13,575 | INFO | 2024-11-12 05:00:00 | TNYA New high: $2.99 | Yesterday High: $3.03
2024-11-11 21:32:13,685 | INFO | 2024-11-12 05:30:00 | TNYA New high: $3.04 | Yesterday High: $3.03
2024-11-11 21:32:13,687 | INFO | 2024-11-12 05:30:00 | TNYA REMOVED - Breached yesterday's high
2024-11-11 21:32:13,688 | INFO | 
==================================================
2024-11-11 21:32:13,688 | INFO | Pre-market status - 05:30:00 ET
2024-11-11 21:32:13,688 | INFO | Hours until market open: 4.0
2024-11-11 21:32:13,689 | INFO | Symbols being tracked: 8
2024-11-11 21:32:13,689 | INFO | Symbols removed: 8
2024-11-11 21:32:13,689 | INFO | ==================================================

2024-11-11 21:32:13,904 | INFO | 2024-11-12 06:30:00 | MCRB New high: $0.74 | Yesterday High: $0.76
2024-11-11 21:32:13,906 | INFO | 
==================================================
2024-11-11 21:32:13,906 | INFO | Pre-market status - 06:30:00 ET
2024-11-11 21:32:13,907 | INFO | Hours until market open: 3.0
2024-11-11 21:32:13,907 | INFO | Symbols being tracked: 8
2024-11-11 21:32:13,907 | INFO | Symbols removed: 8
2024-11-11 21:32:13,907 | INFO | ==================================================

2024-11-11 21:32:14,016 | INFO | 2024-11-12 07:00:00 | CIFR New high: $7.24 | Yesterday High: $7.95
2024-11-11 21:32:14,123 | INFO | 2024-11-12 07:30:00 | NVAX New high: $9.35 | Yesterday High: $10.74
2024-11-11 21:32:14,123 | INFO | 2024-11-12 07:30:00 | CIFR New high: $7.54 | Yesterday High: $7.95
2024-11-11 21:32:14,124 | INFO | 
==================================================
2024-11-11 21:32:14,125 | INFO | Pre-market status - 07:30:00 ET
2024-11-11 21:32:14,125 | INFO | Hours until market open: 2.0
2024-11-11 21:32:14,125 | INFO | Symbols being tracked: 8
2024-11-11 21:32:14,125 | INFO | Symbols removed: 8
2024-11-11 21:32:14,125 | INFO | ==================================================

2024-11-11 21:32:14,334 | INFO | 
==================================================
2024-11-11 21:32:14,334 | INFO | Pre-market status - 08:30:00 ET
2024-11-11 21:32:14,334 | INFO | Hours until market open: 1.0
2024-11-11 21:32:14,334 | INFO | Symbols being tracked: 8
2024-11-11 21:32:14,334 | INFO | Symbols removed: 8
2024-11-11 21:32:14,334 | INFO | ==================================================

2024-11-11 21:32:14,549 | INFO | 
==================================================
2024-11-11 21:32:14,549 | INFO | Pre-market status - 09:30:00 ET
2024-11-11 21:32:14,549 | INFO | Hours until market open: 0.0
2024-11-11 21:32:14,549 | INFO | Symbols being tracked: 8
2024-11-11 21:32:14,549 | INFO | Symbols removed: 8
2024-11-11 21:32:14,549 | INFO | ==================================================

2024-11-11 21:32:14,654 | INFO | 
==================================================
2024-11-11 21:32:14,655 | INFO | Pre-market tracking completed
2024-11-11 21:32:14,655 | INFO | Removed 8 symbols that exceeded yesterday's high:
2024-11-11 21:32:14,656 | INFO | - AI: Pre-market high $29.74 > Yesterday high $29.29
2024-11-11 21:32:14,657 | INFO | - AQST: Pre-market high $5.71 > Yesterday high $5.59
2024-11-11 21:32:14,658 | INFO | - GEO: Pre-market high $28.31 > Yesterday high $27.88
2024-11-11 21:32:14,658 | INFO | - QUBT: Pre-market high $1.58 > Yesterday high $1.56
2024-11-11 21:32:14,658 | INFO | - RDNT: Pre-market high $96.54 > Yesterday high $95.00
2024-11-11 21:32:14,658 | INFO | - SLS: Pre-market high $1.33 > Yesterday high $1.31
2024-11-11 21:32:14,659 | INFO | - TNYA: Pre-market high $3.04 > Yesterday high $3.03
2024-11-11 21:32:14,659 | INFO | - XPEV: Pre-market high $15.72 > Yesterday high $15.68
2024-11-11 21:32:14,659 | INFO | Symbols remaining: 16 → 8
2024-11-11 21:32:14,659 | INFO | ==================================================

2024-11-11 21:32:14,660 | INFO | 
==================================================
2024-11-11 21:32:14,660 | INFO | Starting main trading stream...
2024-11-11 21:32:14,661 | INFO | Tracking 8 symbols
2024-11-11 21:32:14,661 | INFO | Market open: 09:30:00 ET
2024-11-11 21:32:14,661 | INFO | Strategy end: 15:30:00 ET
2024-11-11 21:32:14,661 | INFO | ==================================================

2024-11-11 21:32:14,662 | INFO | 
==================================================
2024-11-11 21:32:14,662 | INFO | Position Update - 10:00:00 ET
2024-11-11 21:32:14,662 | INFO | Active Positions: {}
2024-11-11 21:32:14,662 | INFO | Closed Positions: set()
2024-11-11 21:32:14,662 | INFO | ==================================================

2024-11-11 21:32:14,667 | INFO | 
==================================================
2024-11-11 21:32:14,667 | INFO | 10:00:00 ET | BMY: $37.88 | NO SIGNAL - Price did not hit target
2024-11-11 21:32:14,668 | INFO | ==================================================

2024-11-11 21:32:14,669 | INFO | 
==================================================
2024-11-11 21:32:14,669 | INFO | 10:00:00 ET | MCRB: $0.71 | NO SIGNAL - Price did not hit target
2024-11-11 21:32:14,669 | INFO | ==================================================

2024-11-11 21:32:14,670 | INFO | 
==================================================
2024-11-11 21:32:14,670 | INFO | 10:00:00 ET | SMMT: $15.80 | NO SIGNAL - Price did not hit target
2024-11-11 21:32:14,670 | INFO | ==================================================

2024-11-11 21:32:14,672 | INFO | 
==================================================
2024-11-11 21:32:14,672 | INFO | 10:00:00 ET | TDOC: $7.71 | NO SIGNAL - Price did not hit target
2024-11-11 21:32:14,672 | INFO | ==================================================

2024-11-11 21:32:14,673 | INFO | 
==================================================
2024-11-11 21:32:14,673 | INFO | 10:00:00 ET | NVAX: $8.63 | NO SIGNAL - Price did not hit target
2024-11-11 21:32:14,673 | INFO | ==================================================

2024-11-11 21:32:14,675 | INFO | 
==================================================
2024-11-11 21:32:14,675 | INFO | 10:00:00 ET | CIFR: $6.62 | NO SIGNAL - Price did not hit target
2024-11-11 21:32:14,675 | INFO | ==================================================

2024-11-11 21:32:14,676 | INFO | 
==================================================
2024-11-11 21:32:14,676 | INFO | 10:00:00 ET | APLD: $6.35 | NO SIGNAL - Price did not hit target
2024-11-11 21:32:14,676 | INFO | ==================================================

2024-11-11 21:32:14,678 | INFO | 
==================================================
2024-11-11 21:32:14,678 | INFO | 10:00:00 ET | CTV: $1.81 | NO SIGNAL - Price did not hit target
2024-11-11 21:32:14,678 | INFO | ==================================================

2024-11-11 21:32:14,787 | INFO | 
==================================================
2024-11-11 21:32:14,787 | INFO | Position Update - 10:30:00 ET
2024-11-11 21:32:14,787 | INFO | Active Positions: {}
2024-11-11 21:32:14,787 | INFO | Closed Positions: set()
2024-11-11 21:32:14,787 | INFO | ==================================================

2024-11-11 21:32:14,790 | INFO | 
==================================================
2024-11-11 21:32:14,790 | INFO | 10:30:00 ET | BMY: $38.62 | NO SIGNAL - Price did not hit target
2024-11-11 21:32:14,790 | INFO | ==================================================

2024-11-11 21:32:14,792 | INFO | 
==================================================
2024-11-11 21:32:14,792 | INFO | 10:30:00 ET | MCRB: $0.72 | NO SIGNAL - Price did not hit target
2024-11-11 21:32:14,792 | INFO | ==================================================

2024-11-11 21:32:14,793 | INFO | 
==================================================
2024-11-11 21:32:14,794 | INFO | 10:30:00 ET | SMMT: $16.16 | NO SIGNAL - Price did not hit target
2024-11-11 21:32:14,794 | INFO | ==================================================

2024-11-11 21:32:14,795 | INFO | 
==================================================
2024-11-11 21:32:14,795 | INFO | 10:30:00 ET | TDOC: $7.56 | NO SIGNAL - Price did not hit target
2024-11-11 21:32:14,795 | INFO | ==================================================

2024-11-11 21:32:14,796 | INFO | 
==================================================
2024-11-11 21:32:14,796 | INFO | 10:30:00 ET | NVAX: $8.52 | NO SIGNAL - Price did not hit target
2024-11-11 21:32:14,796 | INFO | ==================================================

2024-11-11 21:32:14,797 | INFO | 
==================================================
2024-11-11 21:32:14,797 | INFO | 10:30:00 ET | CIFR: $6.55 | NO SIGNAL - Price did not hit target
2024-11-11 21:32:14,797 | INFO | ==================================================

2024-11-11 21:32:14,798 | INFO | 
==================================================
2024-11-11 21:32:14,799 | INFO | 10:30:00 ET | APLD: $6.52 | NO SIGNAL - Price did not hit target
2024-11-11 21:32:14,799 | INFO | ==================================================

2024-11-11 21:32:14,800 | INFO | 
==================================================
2024-11-11 21:32:14,800 | INFO | 10:30:00 ET | CTV: $1.84 | NO SIGNAL - Price did not hit target
2024-11-11 21:32:14,800 | INFO | ==================================================

2024-11-11 21:32:14,909 | INFO | 
==================================================
2024-11-11 21:32:14,909 | INFO | Position Update - 11:00:00 ET
2024-11-11 21:32:14,910 | INFO | Active Positions: {}
2024-11-11 21:32:14,910 | INFO | Closed Positions: set()
2024-11-11 21:32:14,910 | INFO | ==================================================

2024-11-11 21:32:14,910 | INFO | 
==================================================
2024-11-11 21:32:14,910 | INFO | 11:00:00 ET | BMY: $38.39 | NO SIGNAL - Price did not hit target
2024-11-11 21:32:14,910 | INFO | ==================================================

2024-11-11 21:32:14,911 | INFO | 
==================================================
2024-11-11 21:32:14,911 | INFO | 11:00:00 ET | MCRB: $0.74 | NO SIGNAL - Price did not hit target
2024-11-11 21:32:14,911 | INFO | ==================================================

2024-11-11 21:32:14,911 | INFO | 
==================================================
2024-11-11 21:32:14,911 | INFO | 11:00:00 ET | SMMT: $16.95 | NO SIGNAL - Price did not hit target
2024-11-11 21:32:14,911 | INFO | ==================================================

2024-11-11 21:32:14,912 | INFO | 
==================================================
2024-11-11 21:32:14,912 | INFO | 11:00:00 ET | TDOC: $7.45 | NO SIGNAL - Price did not hit target
2024-11-11 21:32:14,912 | INFO | ==================================================

2024-11-11 21:32:14,912 | INFO | 
==================================================
2024-11-11 21:32:14,912 | INFO | 11:00:00 ET | NVAX: $8.70 | NO SIGNAL - Price did not hit target
2024-11-11 21:32:14,912 | INFO | ==================================================

2024-11-11 21:32:14,912 | INFO | 
==================================================
2024-11-11 21:32:14,912 | INFO | 11:00:00 ET | CIFR: $6.39 | NO SIGNAL - Price did not hit target
2024-11-11 21:32:14,912 | INFO | ==================================================

2024-11-11 21:32:14,913 | INFO | 
==================================================
2024-11-11 21:32:14,913 | INFO | 11:00:00 ET | APLD: $6.39 | NO SIGNAL - Price did not hit target
2024-11-11 21:32:14,913 | INFO | ==================================================

2024-11-11 21:32:14,913 | INFO | 
==================================================
2024-11-11 21:32:14,913 | INFO | 11:00:00 ET | CTV: $1.75 | NO SIGNAL - Price did not hit target
2024-11-11 21:32:14,913 | INFO | ==================================================

2024-11-11 21:32:15,019 | INFO | 
==================================================
2024-11-11 21:32:15,019 | INFO | Position Update - 11:30:00 ET
2024-11-11 21:32:15,019 | INFO | Active Positions: {}
2024-11-11 21:32:15,019 | INFO | Closed Positions: set()
2024-11-11 21:32:15,019 | INFO | ==================================================

2024-11-11 21:32:15,020 | INFO | 
==================================================
2024-11-11 21:32:15,020 | INFO | 11:30:00 ET | BMY: $38.94 | NO SIGNAL - Price did not hit target
2024-11-11 21:32:15,020 | INFO | ==================================================

2024-11-11 21:32:15,021 | ERROR | Error checking cash balance: 'ExecuteStrategy' object has no attribute 'client'
2024-11-11 21:32:15,021 | INFO | 
==================================================
2024-11-11 21:32:15,021 | INFO | 11:30:00 ET | SMMT: $16.53 | NO SIGNAL - Price did not hit target
2024-11-11 21:32:15,021 | INFO | ==================================================

2024-11-11 21:32:15,022 | INFO | 
==================================================
2024-11-11 21:32:15,022 | INFO | 11:30:00 ET | TDOC: $7.89 | NO SIGNAL - Price did not hit target
2024-11-11 21:32:15,022 | INFO | ==================================================

2024-11-11 21:32:15,022 | INFO | 
==================================================
2024-11-11 21:32:15,022 | INFO | 11:30:00 ET | NVAX: $8.87 | NO SIGNAL - Price did not hit target
2024-11-11 21:32:15,022 | INFO | ==================================================

2024-11-11 21:32:15,022 | INFO | 
==================================================
2024-11-11 21:32:15,022 | INFO | 11:30:00 ET | CIFR: $6.32 | NO SIGNAL - Price did not hit target
2024-11-11 21:32:15,022 | INFO | ==================================================

2024-11-11 21:32:15,023 | INFO | 
==================================================
2024-11-11 21:32:15,023 | INFO | 11:30:00 ET | APLD: $6.29 | NO SIGNAL - Price did not hit target
2024-11-11 21:32:15,023 | INFO | ==================================================

2024-11-11 21:32:15,023 | INFO | 
==================================================
2024-11-11 21:32:15,023 | INFO | 11:30:00 ET | CTV: $1.73 | NO SIGNAL - Price did not hit target
2024-11-11 21:32:15,023 | INFO | ==================================================

2024-11-11 21:32:15,129 | INFO | 
==================================================
2024-11-11 21:32:15,130 | INFO | Position Update - 12:00:00 ET
2024-11-11 21:32:15,130 | INFO | Active Positions: {}
2024-11-11 21:32:15,130 | INFO | Closed Positions: set()
2024-11-11 21:32:15,130 | INFO | ==================================================

2024-11-11 21:32:15,131 | INFO | 
==================================================
2024-11-11 21:32:15,131 | INFO | 12:00:00 ET | BMY: $38.24 | NO SIGNAL - Price did not hit target
2024-11-11 21:32:15,131 | INFO | ==================================================

2024-11-11 21:32:15,132 | INFO | 
==================================================
2024-11-11 21:32:15,132 | INFO | 12:00:00 ET | MCRB: $0.73 | NO SIGNAL - Price did not hit target
2024-11-11 21:32:15,132 | INFO | ==================================================

2024-11-11 21:32:15,132 | INFO | 
==================================================
2024-11-11 21:32:15,132 | INFO | 12:00:00 ET | SMMT: $16.91 | NO SIGNAL - Price did not hit target
2024-11-11 21:32:15,132 | INFO | ==================================================

2024-11-11 21:32:15,133 | INFO | 
==================================================
2024-11-11 21:32:15,133 | INFO | 12:00:00 ET | TDOC: $7.65 | NO SIGNAL - Price did not hit target
2024-11-11 21:32:15,133 | INFO | ==================================================

2024-11-11 21:32:15,134 | INFO | 
==================================================
2024-11-11 21:32:15,134 | INFO | 12:00:00 ET | NVAX: $9.07 | NO SIGNAL - Price did not hit target
2024-11-11 21:32:15,134 | INFO | ==================================================

2024-11-11 21:32:15,135 | INFO | 
==================================================
2024-11-11 21:32:15,135 | INFO | 12:00:00 ET | CIFR: $6.45 | NO SIGNAL - Price did not hit target
2024-11-11 21:32:15,135 | INFO | ==================================================

2024-11-11 21:32:15,136 | INFO | 
==================================================
2024-11-11 21:32:15,136 | INFO | 12:00:00 ET | APLD: $6.50 | NO SIGNAL - Price did not hit target
2024-11-11 21:32:15,136 | INFO | ==================================================

2024-11-11 21:32:15,137 | INFO | 
==================================================
2024-11-11 21:32:15,137 | INFO | 12:00:00 ET | CTV: $1.69 | NO SIGNAL - Price did not hit target
2024-11-11 21:32:15,137 | INFO | ==================================================

2024-11-11 21:32:15,244 | INFO | 
==================================================
2024-11-11 21:32:15,244 | INFO | Position Update - 12:30:00 ET
2024-11-11 21:32:15,244 | INFO | Active Positions: {}
2024-11-11 21:32:15,244 | INFO | Closed Positions: set()
2024-11-11 21:32:15,244 | INFO | ==================================================

2024-11-11 21:32:15,245 | INFO | 
==================================================
2024-11-11 21:32:15,245 | INFO | 12:30:00 ET | BMY: $37.65 | NO SIGNAL - Price did not hit target
2024-11-11 21:32:15,245 | INFO | ==================================================

2024-11-11 21:32:15,245 | INFO | 
==================================================
2024-11-11 21:32:15,245 | INFO | 12:30:00 ET | MCRB: $0.73 | NO SIGNAL - Price did not hit target
2024-11-11 21:32:15,245 | INFO | ==================================================

2024-11-11 21:32:15,246 | INFO | 
==================================================
2024-11-11 21:32:15,246 | INFO | 12:30:00 ET | SMMT: $16.64 | NO SIGNAL - Price did not hit target
2024-11-11 21:32:15,246 | INFO | ==================================================

2024-11-11 21:32:15,246 | INFO | 
==================================================
2024-11-11 21:32:15,247 | INFO | 12:30:00 ET | TDOC: $7.75 | NO SIGNAL - Price did not hit target
2024-11-11 21:32:15,247 | INFO | ==================================================

2024-11-11 21:32:15,247 | INFO | 
==================================================
2024-11-11 21:32:15,247 | INFO | 12:30:00 ET | NVAX: $9.25 | NO SIGNAL - Price did not hit target
2024-11-11 21:32:15,247 | INFO | ==================================================

2024-11-11 21:32:15,247 | INFO | 
==================================================
2024-11-11 21:32:15,247 | INFO | 12:30:00 ET | CIFR: $6.35 | NO SIGNAL - Price did not hit target
2024-11-11 21:32:15,247 | INFO | ==================================================

2024-11-11 21:32:15,248 | INFO | 
==================================================
2024-11-11 21:32:15,248 | INFO | 12:30:00 ET | APLD: $6.39 | NO SIGNAL - Price did not hit target
2024-11-11 21:32:15,248 | INFO | ==================================================

2024-11-11 21:32:15,248 | INFO | 
==================================================
2024-11-11 21:32:15,248 | INFO | 12:30:00 ET | CTV: $1.63 | NO SIGNAL - Price did not hit target
2024-11-11 21:32:15,248 | INFO | ==================================================

2024-11-11 21:32:15,355 | INFO | 
==================================================
2024-11-11 21:32:15,355 | INFO | Position Update - 13:00:00 ET
2024-11-11 21:32:15,355 | INFO | Active Positions: {}
2024-11-11 21:32:15,355 | INFO | Closed Positions: set()
2024-11-11 21:32:15,355 | INFO | ==================================================

2024-11-11 21:32:15,356 | INFO | 
==================================================
2024-11-11 21:32:15,356 | INFO | 13:00:00 ET | BMY: $36.92 | NO SIGNAL - Price did not hit target
2024-11-11 21:32:15,356 | INFO | ==================================================

2024-11-11 21:32:15,357 | ERROR | Error checking cash balance: 'ExecuteStrategy' object has no attribute 'client'
2024-11-11 21:32:15,358 | INFO | 
==================================================
2024-11-11 21:32:15,358 | INFO | 13:00:00 ET | SMMT: $16.29 | NO SIGNAL - Price did not hit target
2024-11-11 21:32:15,358 | INFO | ==================================================

2024-11-11 21:32:15,359 | INFO | 
==================================================
2024-11-11 21:32:15,359 | INFO | 13:00:00 ET | TDOC: $7.89 | NO SIGNAL - Price did not hit target
2024-11-11 21:32:15,359 | INFO | ==================================================

2024-11-11 21:32:15,360 | INFO | 
==================================================
2024-11-11 21:32:15,360 | INFO | 13:00:00 ET | NVAX: $9.33 | NO SIGNAL - Price did not hit target
2024-11-11 21:32:15,360 | INFO | ==================================================

2024-11-11 21:32:15,360 | INFO | 
==================================================
2024-11-11 21:32:15,361 | INFO | 13:00:00 ET | CIFR: $6.51 | NO SIGNAL - Price did not hit target
2024-11-11 21:32:15,361 | INFO | ==================================================

2024-11-11 21:32:15,361 | INFO | 
==================================================
2024-11-11 21:32:15,361 | INFO | 13:00:00 ET | APLD: $6.00 | NO SIGNAL - Price did not hit target
2024-11-11 21:32:15,361 | INFO | ==================================================

2024-11-11 21:32:15,362 | INFO | 
==================================================
2024-11-11 21:32:15,362 | INFO | 13:00:00 ET | CTV: $1.66 | NO SIGNAL - Price did not hit target
2024-11-11 21:32:15,363 | INFO | ==================================================

2024-11-11 21:32:15,470 | INFO | 
==================================================
2024-11-11 21:32:15,470 | INFO | Position Update - 13:30:00 ET
2024-11-11 21:32:15,470 | INFO | Active Positions: {}
2024-11-11 21:32:15,470 | INFO | Closed Positions: set()
2024-11-11 21:32:15,470 | INFO | ==================================================

2024-11-11 21:32:15,472 | INFO | 
==================================================
2024-11-11 21:32:15,472 | INFO | 13:30:00 ET | BMY: $36.57 | NO SIGNAL - Price did not hit target
2024-11-11 21:32:15,472 | INFO | ==================================================

2024-11-11 21:32:15,474 | INFO | 
==================================================
2024-11-11 21:32:15,474 | INFO | 13:30:00 ET | MCRB: $0.71 | NO SIGNAL - Price did not hit target
2024-11-11 21:32:15,474 | INFO | ==================================================

2024-11-11 21:32:15,475 | INFO | 
==================================================
2024-11-11 21:32:15,475 | INFO | 13:30:00 ET | SMMT: $15.79 | NO SIGNAL - Price did not hit target
2024-11-11 21:32:15,475 | INFO | ==================================================

2024-11-11 21:32:15,477 | INFO | 
==================================================
2024-11-11 21:32:15,477 | INFO | 13:30:00 ET | TDOC: $7.83 | NO SIGNAL - Price did not hit target
2024-11-11 21:32:15,477 | INFO | ==================================================

2024-11-11 21:32:15,478 | INFO | 
==================================================
2024-11-11 21:32:15,478 | INFO | 13:30:00 ET | NVAX: $9.22 | NO SIGNAL - Price did not hit target
2024-11-11 21:32:15,478 | INFO | ==================================================

2024-11-11 21:32:15,479 | INFO | 
==================================================
2024-11-11 21:32:15,479 | INFO | 13:30:00 ET | CIFR: $6.36 | NO SIGNAL - Price did not hit target
2024-11-11 21:32:15,479 | INFO | ==================================================

2024-11-11 21:32:15,480 | INFO | 
==================================================
2024-11-11 21:32:15,480 | INFO | 13:30:00 ET | APLD: $6.05 | NO SIGNAL - Price did not hit target
2024-11-11 21:32:15,480 | INFO | ==================================================

2024-11-11 21:32:15,481 | INFO | 
==================================================
2024-11-11 21:32:15,481 | INFO | 13:30:00 ET | CTV: $1.68 | NO SIGNAL - Price did not hit target
2024-11-11 21:32:15,481 | INFO | ==================================================

2024-11-11 21:32:15,589 | INFO | 
==================================================
2024-11-11 21:32:15,589 | INFO | Position Update - 14:00:00 ET
2024-11-11 21:32:15,589 | INFO | Active Positions: {}
2024-11-11 21:32:15,589 | INFO | Closed Positions: set()
2024-11-11 21:32:15,589 | INFO | ==================================================

2024-11-11 21:32:15,592 | INFO | 
==================================================
2024-11-11 21:32:15,592 | INFO | 14:00:00 ET | BMY: $36.13 | NO SIGNAL - Price did not hit target
2024-11-11 21:32:15,593 | INFO | ==================================================

2024-11-11 21:32:15,596 | INFO | 
==================================================
2024-11-11 21:32:15,596 | INFO | 14:00:00 ET | MCRB: $0.70 | NO SIGNAL - Price did not hit target
2024-11-11 21:32:15,596 | INFO | ==================================================

2024-11-11 21:32:15,597 | INFO | 
==================================================
2024-11-11 21:32:15,597 | INFO | 14:00:00 ET | SMMT: $16.78 | NO SIGNAL - Price did not hit target
2024-11-11 21:32:15,598 | INFO | ==================================================

2024-11-11 21:32:15,599 | INFO | 
==================================================
2024-11-11 21:32:15,600 | INFO | 14:00:00 ET | TDOC: $8.00 | NO SIGNAL - Price did not hit target
2024-11-11 21:32:15,600 | INFO | ==================================================

2024-11-11 21:32:15,601 | INFO | 
==================================================
2024-11-11 21:32:15,602 | INFO | 14:00:00 ET | NVAX: $9.09 | NO SIGNAL - Price did not hit target
2024-11-11 21:32:15,602 | INFO | ==================================================

2024-11-11 21:32:15,604 | INFO | 
==================================================
2024-11-11 21:32:15,604 | INFO | 14:00:00 ET | CIFR: $6.46 | NO SIGNAL - Price did not hit target
2024-11-11 21:32:15,604 | INFO | ==================================================

2024-11-11 21:32:15,605 | INFO | 
==================================================
2024-11-11 21:32:15,605 | INFO | 14:00:00 ET | APLD: $6.10 | NO SIGNAL - Price did not hit target
2024-11-11 21:32:15,605 | INFO | ==================================================

2024-11-11 21:32:15,606 | INFO | 
==================================================
2024-11-11 21:32:15,606 | INFO | 14:00:00 ET | CTV: $1.70 | NO SIGNAL - Price did not hit target
2024-11-11 21:32:15,606 | INFO | ==================================================

2024-11-11 21:32:15,714 | INFO | 
==================================================
2024-11-11 21:32:15,715 | INFO | Position Update - 14:30:00 ET
2024-11-11 21:32:15,715 | INFO | Active Positions: {}
2024-11-11 21:32:15,715 | INFO | Closed Positions: set()
2024-11-11 21:32:15,715 | INFO | ==================================================

2024-11-11 21:32:15,717 | INFO | 
==================================================
2024-11-11 21:32:15,717 | INFO | 14:30:00 ET | BMY: $35.89 | NO SIGNAL - Price did not hit target
2024-11-11 21:32:15,717 | INFO | ==================================================

2024-11-11 21:32:15,718 | INFO | 
==================================================
2024-11-11 21:32:15,718 | INFO | 14:30:00 ET | MCRB: $0.69 | NO SIGNAL - Price did not hit target
2024-11-11 21:32:15,718 | INFO | ==================================================

2024-11-11 21:32:15,719 | INFO | 
==================================================
2024-11-11 21:32:15,719 | INFO | 14:30:00 ET | SMMT: $16.44 | NO SIGNAL - Price did not hit target
2024-11-11 21:32:15,719 | INFO | ==================================================

2024-11-11 21:32:15,721 | INFO | 
==================================================
2024-11-11 21:32:15,721 | INFO | 14:30:00 ET | TDOC: $7.92 | NO SIGNAL - Price did not hit target
2024-11-11 21:32:15,721 | INFO | ==================================================

2024-11-11 21:32:15,721 | INFO | 
==================================================
2024-11-11 21:32:15,721 | INFO | 14:30:00 ET | NVAX: $9.32 | NO SIGNAL - Price did not hit target
2024-11-11 21:32:15,721 | INFO | ==================================================

2024-11-11 21:32:15,722 | INFO | 
==================================================
2024-11-11 21:32:15,722 | INFO | 14:30:00 ET | CIFR: $6.31 | NO SIGNAL - Price did not hit target
2024-11-11 21:32:15,722 | INFO | ==================================================

2024-11-11 21:32:15,723 | INFO | 
==================================================
2024-11-11 21:32:15,723 | INFO | 14:30:00 ET | APLD: $6.20 | NO SIGNAL - Price did not hit target
2024-11-11 21:32:15,723 | INFO | ==================================================

2024-11-11 21:32:15,724 | INFO | 
==================================================
2024-11-11 21:32:15,725 | INFO | 14:30:00 ET | CTV: $1.66 | NO SIGNAL - Price did not hit target
2024-11-11 21:32:15,725 | INFO | ==================================================

2024-11-11 21:32:15,832 | INFO | 
==================================================
2024-11-11 21:32:15,832 | INFO | Position Update - 15:00:00 ET
2024-11-11 21:32:15,832 | INFO | Active Positions: {}
2024-11-11 21:32:15,833 | INFO | Closed Positions: set()
2024-11-11 21:32:15,833 | INFO | ==================================================

2024-11-11 21:32:15,835 | INFO | 
==================================================
2024-11-11 21:32:15,835 | INFO | 15:00:00 ET | BMY: $36.08 | NO SIGNAL - Price did not hit target
2024-11-11 21:32:15,835 | INFO | ==================================================

2024-11-11 21:32:15,837 | INFO | 
==================================================
2024-11-11 21:32:15,837 | INFO | 15:00:00 ET | MCRB: $0.71 | NO SIGNAL - Price did not hit target
2024-11-11 21:32:15,837 | INFO | ==================================================

2024-11-11 21:32:15,838 | INFO | 
==================================================
2024-11-11 21:32:15,838 | INFO | 15:00:00 ET | SMMT: $16.53 | NO SIGNAL - Price did not hit target
2024-11-11 21:32:15,839 | INFO | ==================================================

2024-11-11 21:32:15,840 | INFO | 
==================================================
2024-11-11 21:32:15,840 | INFO | 15:00:00 ET | TDOC: $8.10 | NO SIGNAL - Price did not hit target
2024-11-11 21:32:15,840 | INFO | ==================================================

2024-11-11 21:32:15,841 | ERROR | Error checking cash balance: 'ExecuteStrategy' object has no attribute 'client'
2024-11-11 21:32:15,842 | INFO | 
==================================================
2024-11-11 21:32:15,842 | INFO | 15:00:00 ET | CIFR: $6.26 | NO SIGNAL - Price did not hit target
2024-11-11 21:32:15,842 | INFO | ==================================================

2024-11-11 21:32:15,843 | INFO | 
==================================================
2024-11-11 21:32:15,843 | INFO | 15:00:00 ET | APLD: $5.86 | NO SIGNAL - Price did not hit target
2024-11-11 21:32:15,843 | INFO | ==================================================

2024-11-11 21:32:15,844 | INFO | 
==================================================
2024-11-11 21:32:15,844 | INFO | 15:00:00 ET | CTV: $1.60 | NO SIGNAL - Price did not hit target
2024-11-11 21:32:15,844 | INFO | ==================================================

2024-11-11 21:32:15,953 | INFO | 
==================================================
2024-11-11 21:32:15,953 | INFO | Position Update - 15:30:00 ET
2024-11-11 21:32:15,953 | INFO | Active Positions: {}
2024-11-11 21:32:15,953 | INFO | Closed Positions: set()
2024-11-11 21:32:15,953 | INFO | ==================================================

2024-11-11 21:32:15,956 | INFO | 
==================================================
2024-11-11 21:32:15,956 | INFO | 15:30:00 ET | BMY: $36.40 | NO SIGNAL - Price did not hit target
2024-11-11 21:32:15,956 | INFO | ==================================================

2024-11-11 21:32:15,958 | INFO | 
==================================================
2024-11-11 21:32:15,958 | INFO | 15:30:00 ET | MCRB: $0.70 | NO SIGNAL - Price did not hit target
2024-11-11 21:32:15,958 | INFO | ==================================================

2024-11-11 21:32:15,960 | INFO | 
==================================================
2024-11-11 21:32:15,960 | INFO | 15:30:00 ET | SMMT: $16.18 | NO SIGNAL - Price did not hit target
2024-11-11 21:32:15,960 | INFO | ==================================================

2024-11-11 21:32:15,962 | INFO | 
==================================================
2024-11-11 21:32:15,962 | INFO | 15:30:00 ET | TDOC: $8.15 | NO SIGNAL - Price did not hit target
2024-11-11 21:32:15,962 | INFO | ==================================================

2024-11-11 21:32:15,963 | ERROR | Error checking cash balance: 'ExecuteStrategy' object has no attribute 'client'
2024-11-11 21:32:15,964 | INFO | 
==================================================
2024-11-11 21:32:15,964 | INFO | 15:30:00 ET | CIFR: $6.38 | NO SIGNAL - Price did not hit target
2024-11-11 21:32:15,965 | INFO | ==================================================

2024-11-11 21:32:15,966 | INFO | 
==================================================
2024-11-11 21:32:15,966 | INFO | 15:30:00 ET | APLD: $6.00 | NO SIGNAL - Price did not hit target
2024-11-11 21:32:15,967 | INFO | ==================================================

2024-11-11 21:32:15,968 | INFO | 
==================================================
2024-11-11 21:32:15,968 | INFO | 15:30:00 ET | CTV: $1.59 | NO SIGNAL - Price did not hit target
2024-11-11 21:32:15,968 | INFO | ==================================================

2024-11-11 21:32:16,128 | INFO | Trading events saved to mock_stream/trading_events_20241111_213216.xlsx
2024-11-11 21:32:16,128 | INFO | Price details saved to mock_stream/details_20241111_213216.xlsx
