2024-11-12 12:52:53,138 | INFO | Logging to: logs/strategy_execution_20241112_125253.log
2024-11-12 12:52:53,139 | INFO | Starting VWAP spike strategy execution...
2024-11-12 12:52:53,139 | INFO | 
==================================================
2024-11-12 12:52:53,139 | INFO | Starting Strategy with Stocks:
2024-11-12 12:52:53,139 | INFO | LYFT   | Target Entry: $19.32
2024-11-12 12:52:53,139 | INFO | ==================================================

2024-11-12 12:52:53,139 | INFO | Starting pre-market tracking phase...
2024-11-12 12:52:53,139 | INFO | 
==================================================
2024-11-12 12:52:53,139 | INFO | Starting pre-market tracking...
2024-11-12 12:52:53,139 | INFO | Initial symbols: 1
2024-11-12 12:52:53,139 | INFO | Current time: 15:52:53 ET
2024-11-12 12:52:53,139 | INFO | Market opens at: 09:30:00 ET
2024-11-12 12:52:53,139 | INFO | ==================================================

2024-11-12 12:52:53,629 | INFO | 
==================================================
2024-11-12 12:52:53,629 | INFO | Starting main trading stream...
2024-11-12 12:52:53,629 | INFO | Tracking 1 symbols
2024-11-12 12:52:53,629 | INFO | Market open: 09:30:00 ET
2024-11-12 12:52:53,629 | INFO | Strategy end: 15:59:00 ET
2024-11-12 12:52:53,629 | INFO | ==================================================

2024-11-12 12:52:54,342 | INFO | 
==================================================
2024-11-12 12:52:54,342 | INFO | 15:52:54 ET | LYFT: $18.32 | 🔴 SHORT SIGNAL | Target: $19.32
2024-11-12 12:52:54,342 | INFO | Order Details: 1 shares @ $19.32 = $19.32
2024-11-12 12:52:54,343 | INFO | ✅ JUST TESTING: Order successfully placed and confirmed
2024-11-12 12:52:54,345 | INFO | ==================================================

2024-11-12 12:52:54,660 | INFO | 
==================================================
2024-11-12 12:52:54,660 | INFO | 15:52:54 ET | LYFT: $18.32 | 📈 Profit target at $18.35 | Entry: $18.32
2024-11-12 12:52:54,660 | INFO | Attempting to cover short position for LYFT
2024-11-12 12:52:55,312 | INFO | $18.32 | Order Successfully Placed | 📈 Profit target at $18.35 | Entry: $18.32
2024-11-12 12:52:55,312 | INFO | ==================================================

2024-11-12 12:54:00,755 | INFO | Trading events saved to mock_stream/trading_events_20241112_125400.xlsx
2024-11-12 12:54:00,756 | INFO | Price details saved to mock_stream/details_20241112_125400.xlsx
