2024-11-12 13:37:14,189 | INFO | Logging to: logs/strategy_execution_20241112_133714.log
2024-11-12 13:37:14,189 | INFO | Starting VWAP spike strategy execution...
2024-11-12 13:37:14,189 | INFO | 
==================================================
2024-11-12 13:37:14,189 | INFO | Starting Strategy with Stocks:
2024-11-12 13:37:14,189 | INFO | BMY    | Target Entry: $60.17
2024-11-12 13:37:14,189 | INFO | QUBT   | Target Entry: $1.45
2024-11-12 13:37:14,189 | INFO | MCRB   | Target Entry: $0.74
2024-11-12 13:37:14,189 | INFO | SMMT   | Target Entry: $21.82
2024-11-12 13:37:14,189 | INFO | TNYA   | Target Entry: $2.81
2024-11-12 13:37:14,189 | INFO | TDOC   | Target Entry: $9.85
2024-11-12 13:37:14,189 | INFO | NVAX   | Target Entry: $9.65
2024-11-12 13:37:14,189 | INFO | CIFR   | Target Entry: $7.53
2024-11-12 13:37:14,189 | INFO | APLD   | Target Entry: $8.00
2024-11-12 13:37:14,189 | INFO | GEO    | Target Entry: $27.07
2024-11-12 13:37:14,189 | INFO | CTV    | Target Entry: $1.95
2024-11-12 13:37:14,190 | INFO | AI     | Target Entry: $28.73
2024-11-12 13:37:14,190 | INFO | AQST   | Target Entry: $5.34
2024-11-12 13:37:14,190 | INFO | RDNT   | Target Entry: $90.04
2024-11-12 13:37:14,190 | INFO | SLS    | Target Entry: $1.27
2024-11-12 13:37:14,190 | INFO | XPEV   | Target Entry: $15.34
2024-11-12 13:37:14,190 | INFO | ==================================================

2024-11-12 13:37:14,190 | INFO | Starting pre-market tracking phase...
2024-11-12 13:37:14,190 | INFO | 
==================================================
2024-11-12 13:37:14,190 | INFO | Starting pre-market tracking...
2024-11-12 13:37:14,190 | INFO | Initial symbols: 16
2024-11-12 13:37:14,190 | INFO | Current time: 16:37:14 ET
2024-11-12 13:37:14,190 | INFO | Market opens at: 09:30:00 ET
2024-11-12 13:37:14,190 | INFO | ==================================================

2024-11-12 13:37:14,804 | INFO | Pre-market streamer stopped successfully
2024-11-12 13:37:14,805 | INFO | 
==================================================
2024-11-12 13:37:14,806 | INFO | Starting main trading stream...
2024-11-12 13:37:14,806 | INFO | Tracking 16 symbols
2024-11-12 13:37:14,806 | INFO | Market open: 09:30:00 ET
2024-11-12 13:37:14,806 | INFO | Strategy end: 18:30:00 ET
2024-11-12 13:37:14,806 | INFO | ==================================================

2024-11-12 13:37:15,311 | INFO | 
==================================================
2024-11-12 13:37:15,311 | INFO | 16:37:15 ET | XPEV: $13.84 | NO SIGNAL - Price did not hit target entry of $15.34
2024-11-12 13:37:15,311 | INFO | ==================================================

2024-11-12 13:37:15,311 | INFO | 
==================================================
2024-11-12 13:37:15,311 | INFO | 16:37:15 ET | MCRB: $0.67 | NO SIGNAL - Price did not hit target entry of $0.74
2024-11-12 13:37:15,311 | INFO | ==================================================

2024-11-12 13:37:15,311 | INFO | 
==================================================
2024-11-12 13:37:15,311 | INFO | 16:37:15 ET | TDOC: $9.71 | NO SIGNAL - Price did not hit target entry of $9.85
2024-11-12 13:37:15,311 | INFO | ==================================================

2024-11-12 13:37:15,312 | INFO | 
==================================================
2024-11-12 13:37:15,312 | INFO | 16:37:15 ET | CTV: $1.61 | NO SIGNAL - Price did not hit target entry of $1.95
2024-11-12 13:37:15,312 | INFO | ==================================================

2024-11-12 13:37:15,312 | INFO | 
==================================================
2024-11-12 13:37:15,312 | INFO | 16:37:15 ET | TNYA: $2.22 | NO SIGNAL - Price did not hit target entry of $2.81
2024-11-12 13:37:15,312 | INFO | ==================================================

2024-11-12 13:37:15,312 | INFO | 
==================================================
2024-11-12 13:37:15,312 | INFO | 16:37:15 ET | SMMT: $20.76 | NO SIGNAL - Price did not hit target entry of $21.82
2024-11-12 13:37:15,312 | INFO | ==================================================

2024-11-12 13:37:15,312 | INFO | 
==================================================
2024-11-12 13:37:15,312 | INFO | 16:37:15 ET | AI: $27.77 | NO SIGNAL - Price did not hit target entry of $28.73
2024-11-12 13:37:15,312 | INFO | ==================================================

2024-11-12 13:37:15,312 | INFO | 
==================================================
2024-11-12 13:37:15,312 | INFO | 16:37:15 ET | CIFR: $7.24 | NO SIGNAL - Price did not hit target entry of $7.53
2024-11-12 13:37:15,312 | INFO | ==================================================

2024-11-12 13:37:15,313 | INFO | 
==================================================
2024-11-12 13:37:15,313 | INFO | 16:37:15 ET | AQST: $4.88 | NO SIGNAL - Price did not hit target entry of $5.34
2024-11-12 13:37:15,313 | INFO | ==================================================

2024-11-12 13:37:15,313 | INFO | 
==================================================
2024-11-12 13:37:15,313 | INFO | 16:37:15 ET | BMY: $59.07 | NO SIGNAL - Price did not hit target entry of $60.17
2024-11-12 13:37:15,313 | INFO | ==================================================

2024-11-12 13:37:15,313 | INFO | 
==================================================
2024-11-12 13:37:15,313 | INFO | 16:37:15 ET | QUBT: $1.33 | NO SIGNAL - Price did not hit target entry of $1.45
2024-11-12 13:37:15,313 | INFO | ==================================================

2024-11-12 13:37:15,313 | INFO | 
==================================================
2024-11-12 13:37:15,313 | INFO | 16:37:15 ET | GEO: $24.95 | NO SIGNAL - Price did not hit target entry of $27.07
2024-11-12 13:37:15,313 | INFO | ==================================================

2024-11-12 13:37:15,313 | INFO | 
==================================================
2024-11-12 13:37:15,313 | INFO | 16:37:15 ET | APLD: $7.57 | NO SIGNAL - Price did not hit target entry of $8.00
2024-11-12 13:37:15,313 | INFO | ==================================================

2024-11-12 13:37:15,313 | INFO | 
==================================================
2024-11-12 13:37:15,313 | INFO | 16:37:15 ET | NVAX: $8.42 | NO SIGNAL - Price did not hit target entry of $9.65
2024-11-12 13:37:15,313 | INFO | ==================================================

2024-11-12 13:37:15,572 | INFO | 
==================================================
2024-11-12 13:37:15,572 | INFO | 16:37:15 ET | SLS: $1.28 | 🔴 SHORT SIGNAL | Target: $1.27
2024-11-12 13:37:15,572 | INFO | Order Details: 848 shares @ $1.28 = $1085.44
2024-11-12 13:37:15,572 | INFO | ✅ JUST TESTING: Order successfully placed and confirmed
2024-11-12 13:37:15,576 | INFO | ==================================================

2024-11-12 13:37:15,681 | INFO | 
==================================================
2024-11-12 13:37:15,681 | INFO | 16:37:15 ET | RDNT: $81.00 | NO SIGNAL - Price did not hit target entry of $90.04
2024-11-12 13:37:15,681 | INFO | ==================================================

2024-11-12 13:43:49,109 | INFO | Trading events saved to mock_stream/trading_events_20241112_134349.xlsx
2024-11-12 13:43:49,109 | INFO | Price details saved to mock_stream/details_20241112_134349.xlsx
