2024-11-12 12:43:21,961 | INFO | Logging to: logs/strategy_execution_20241112_124321.log
2024-11-12 12:43:21,961 | INFO | Starting VWAP spike strategy execution...
2024-11-12 12:43:21,961 | INFO | 
==================================================
2024-11-12 12:43:21,961 | INFO | Starting Strategy with Stocks:
2024-11-12 12:43:21,961 | INFO | LYFT   | Target Entry: $19.32
2024-11-12 12:43:21,961 | INFO | ==================================================

2024-11-12 12:43:21,961 | INFO | Starting pre-market tracking phase...
2024-11-12 12:43:21,961 | INFO | 
==================================================
2024-11-12 12:43:21,961 | INFO | Starting pre-market tracking...
2024-11-12 12:43:21,961 | INFO | Initial symbols: 1
2024-11-12 12:43:21,961 | INFO | Current time: 15:43:21 ET
2024-11-12 12:43:21,961 | INFO | Market opens at: 09:30:00 ET
2024-11-12 12:43:21,961 | INFO | ==================================================

2024-11-12 12:43:22,482 | INFO | 
==================================================
2024-11-12 12:43:22,482 | INFO | Starting main trading stream...
2024-11-12 12:43:22,482 | INFO | Tracking 1 symbols
2024-11-12 12:43:22,483 | INFO | Market open: 09:30:00 ET
2024-11-12 12:43:22,483 | INFO | Strategy end: 15:59:00 ET
2024-11-12 12:43:22,483 | INFO | ==================================================

