2024-11-12 09:38:39,384 | INFO | Logging to: logs/strategy_execution_20241112_093839.log
2024-11-12 09:38:39,384 | INFO | Starting VWAP spike strategy execution...
2024-11-12 09:38:39,384 | INFO | 
==================================================
2024-11-12 09:38:39,384 | INFO | Starting Strategy with Stocks:
2024-11-12 09:38:39,384 | INFO | BMY    | Target Entry: $60.17
2024-11-12 09:38:39,385 | INFO | QUBT   | Target Entry: $1.45
2024-11-12 09:38:39,385 | INFO | MCRB   | Target Entry: $0.74
2024-11-12 09:38:39,385 | INFO | SMMT   | Target Entry: $21.82
2024-11-12 09:38:39,385 | INFO | TNYA   | Target Entry: $2.81
2024-11-12 09:38:39,385 | INFO | TDOC   | Target Entry: $9.85
2024-11-12 09:38:39,385 | INFO | NVAX   | Target Entry: $9.65
2024-11-12 09:38:39,385 | INFO | CIFR   | Target Entry: $7.53
2024-11-12 09:38:39,385 | INFO | APLD   | Target Entry: $8.00
2024-11-12 09:38:39,385 | INFO | GEO    | Target Entry: $27.07
2024-11-12 09:38:39,385 | INFO | CTV    | Target Entry: $1.95
2024-11-12 09:38:39,385 | INFO | AI     | Target Entry: $28.73
2024-11-12 09:38:39,385 | INFO | AQST   | Target Entry: $5.34
2024-11-12 09:38:39,385 | INFO | RDNT   | Target Entry: $90.04
2024-11-12 09:38:39,385 | INFO | SLS    | Target Entry: $1.27
2024-11-12 09:38:39,385 | INFO | XPEV   | Target Entry: $15.34
2024-11-12 09:38:39,385 | INFO | ==================================================

2024-11-12 09:38:39,385 | INFO | Starting pre-market tracking phase...
2024-11-12 09:38:39,385 | INFO | 
==================================================
2024-11-12 09:38:39,385 | INFO | Starting pre-market tracking...
2024-11-12 09:38:39,385 | INFO | Initial symbols: 16
2024-11-12 09:38:39,385 | INFO | Current time: 12:38:39 ET
2024-11-12 09:38:39,385 | INFO | Market opens at: 09:30:00 ET
2024-11-12 09:38:39,385 | INFO | ==================================================

2024-11-12 09:38:39,940 | INFO | 
==================================================
2024-11-12 09:38:39,941 | INFO | Starting main trading stream...
2024-11-12 09:38:39,941 | INFO | Tracking 16 symbols
2024-11-12 09:38:39,941 | INFO | Market open: 09:30:00 ET
2024-11-12 09:38:39,941 | INFO | Strategy end: 15:30:00 ET
2024-11-12 09:38:39,941 | INFO | ==================================================

2024-11-12 09:38:40,459 | INFO | 
==================================================
2024-11-12 09:38:40,459 | INFO | 12:38:40 ET | XPEV: $13.80 | NO SIGNAL - Price did not hit target entry of $15.34
2024-11-12 09:38:40,460 | INFO | ==================================================

2024-11-12 09:38:40,461 | INFO | 
==================================================
2024-11-12 09:38:40,461 | INFO | 12:38:40 ET | MCRB: $0.66 | NO SIGNAL - Price did not hit target entry of $0.74
2024-11-12 09:38:40,461 | INFO | ==================================================

2024-11-12 09:38:40,461 | INFO | 
==================================================
2024-11-12 09:38:40,461 | INFO | 12:38:40 ET | TDOC: $9.78 | NO SIGNAL - Price did not hit target entry of $9.85
2024-11-12 09:38:40,461 | INFO | ==================================================

2024-11-12 09:38:40,462 | INFO | 
==================================================
2024-11-12 09:38:40,462 | INFO | 12:38:40 ET | CTV: $1.73 | NO SIGNAL - Price did not hit target entry of $1.95
2024-11-12 09:38:40,462 | INFO | ==================================================

2024-11-12 09:38:40,462 | INFO | 
==================================================
2024-11-12 09:38:40,462 | INFO | 12:38:40 ET | TNYA: $2.29 | NO SIGNAL - Price did not hit target entry of $2.81
2024-11-12 09:38:40,462 | INFO | ==================================================

2024-11-12 09:38:40,708 | INFO | 
==================================================
2024-11-12 09:38:40,708 | INFO | 12:38:40 ET | SMMT: $22.08 | 🔴 SHORT SIGNAL | Target: $21.82
2024-11-12 09:38:40,708 | INFO | Order Details: 49 shares @ $22.08 = $1081.92
2024-11-12 09:38:40,708 | INFO | ✅ JUST TESTING: Order successfully placed and confirmed
2024-11-12 09:38:40,712 | INFO | ==================================================

2024-11-12 09:38:40,813 | INFO | 
==================================================
2024-11-12 09:38:40,813 | INFO | 12:38:40 ET | AI: $27.33 | NO SIGNAL - Price did not hit target entry of $28.73
2024-11-12 09:38:40,813 | INFO | ==================================================

2024-11-12 09:38:40,813 | INFO | 
==================================================
2024-11-12 09:38:40,813 | INFO | 12:38:40 ET | CIFR: $7.34 | NO SIGNAL - Price did not hit target entry of $7.53
2024-11-12 09:38:40,813 | INFO | ==================================================

2024-11-12 09:38:40,814 | INFO | 
==================================================
2024-11-12 09:38:40,814 | INFO | 12:38:40 ET | BMY: $59.56 | NO SIGNAL - Price did not hit target entry of $60.17
2024-11-12 09:38:40,814 | INFO | ==================================================

2024-11-12 09:38:40,814 | INFO | 
==================================================
2024-11-12 09:38:40,814 | INFO | 12:38:40 ET | AQST: $4.94 | NO SIGNAL - Price did not hit target entry of $5.34
2024-11-12 09:38:40,814 | INFO | ==================================================

2024-11-12 09:38:40,814 | INFO | 
==================================================
2024-11-12 09:38:40,814 | INFO | 12:38:40 ET | QUBT: $1.32 | NO SIGNAL - Price did not hit target entry of $1.45
2024-11-12 09:38:40,814 | INFO | ==================================================

2024-11-12 09:38:40,814 | INFO | 
==================================================
2024-11-12 09:38:40,814 | INFO | 12:38:40 ET | GEO: $24.53 | NO SIGNAL - Price did not hit target entry of $27.07
2024-11-12 09:38:40,814 | INFO | ==================================================

2024-11-12 09:38:40,815 | INFO | 
==================================================
2024-11-12 09:38:40,815 | INFO | 12:38:40 ET | APLD: $7.29 | NO SIGNAL - Price did not hit target entry of $8.00
2024-11-12 09:38:40,815 | INFO | ==================================================

2024-11-12 09:38:40,815 | INFO | 
==================================================
2024-11-12 09:38:40,815 | INFO | 12:38:40 ET | NVAX: $8.77 | NO SIGNAL - Price did not hit target entry of $9.65
2024-11-12 09:38:40,815 | INFO | ==================================================

2024-11-12 09:38:41,038 | INFO | 
==================================================
2024-11-12 09:38:41,039 | INFO | 12:38:40 ET | SLS: $1.34 | 🔴 SHORT SIGNAL | Target: $1.27
2024-11-12 09:38:41,039 | INFO | Order Details: 848 shares @ $1.34 = $1136.32
2024-11-12 09:38:41,039 | INFO | ✅ JUST TESTING: Order successfully placed and confirmed
2024-11-12 09:38:41,041 | INFO | ==================================================

2024-11-12 09:38:41,147 | INFO | 
==================================================
2024-11-12 09:38:41,147 | INFO | 12:38:40 ET | RDNT: $82.30 | NO SIGNAL - Price did not hit target entry of $90.04
2024-11-12 09:38:41,147 | INFO | ==================================================

2024-11-12 09:38:41,148 | INFO | 
==================================================
2024-11-12 09:38:41,148 | INFO | 12:38:41 ET | XPEV: $13.80 | NO SIGNAL - Price did not hit target entry of $15.34
2024-11-12 09:38:41,148 | INFO | ==================================================

2024-11-12 09:38:41,148 | INFO | 
==================================================
2024-11-12 09:38:41,148 | INFO | 12:38:41 ET | MCRB: $0.66 | NO SIGNAL - Price did not hit target entry of $0.74
2024-11-12 09:38:41,148 | INFO | ==================================================

2024-11-12 09:38:41,149 | INFO | 
==================================================
2024-11-12 09:38:41,149 | INFO | 12:38:41 ET | TDOC: $9.78 | NO SIGNAL - Price did not hit target entry of $9.85
2024-11-12 09:38:41,149 | INFO | ==================================================

2024-11-12 09:38:41,149 | INFO | 
==================================================
2024-11-12 09:38:41,149 | INFO | 12:38:41 ET | CTV: $1.73 | NO SIGNAL - Price did not hit target entry of $1.95
2024-11-12 09:38:41,149 | INFO | ==================================================

2024-11-12 09:38:41,150 | INFO | 
==================================================
2024-11-12 09:38:41,150 | INFO | 12:38:41 ET | TNYA: $2.29 | NO SIGNAL - Price did not hit target entry of $2.81
2024-11-12 09:38:41,150 | INFO | ==================================================

2024-11-12 09:38:41,388 | INFO | 
==================================================
2024-11-12 09:38:41,388 | INFO | 12:38:41 ET | SMMT: $22.08 | 🔴 SHORT SIGNAL | Target: $21.82
2024-11-12 09:38:41,388 | INFO | Order Details: 49 shares @ $22.08 = $1081.92
2024-11-12 09:38:41,388 | INFO | ✅ JUST TESTING: Order successfully placed and confirmed
2024-11-12 09:38:41,389 | INFO | ==================================================

2024-11-12 09:38:41,494 | INFO | 
==================================================
2024-11-12 09:38:41,494 | INFO | 12:38:41 ET | AI: $27.33 | NO SIGNAL - Price did not hit target entry of $28.73
2024-11-12 09:38:41,494 | INFO | ==================================================

2024-11-12 09:38:41,495 | INFO | 
==================================================
2024-11-12 09:38:41,495 | INFO | 12:38:41 ET | CIFR: $7.34 | NO SIGNAL - Price did not hit target entry of $7.53
2024-11-12 09:38:41,495 | INFO | ==================================================

2024-11-12 09:38:41,495 | INFO | 
==================================================
2024-11-12 09:38:41,495 | INFO | 12:38:41 ET | AQST: $4.94 | NO SIGNAL - Price did not hit target entry of $5.34
2024-11-12 09:38:41,495 | INFO | ==================================================

2024-11-12 09:38:41,495 | INFO | 
==================================================
2024-11-12 09:38:41,495 | INFO | 12:38:41 ET | BMY: $59.56 | NO SIGNAL - Price did not hit target entry of $60.17
2024-11-12 09:38:41,495 | INFO | ==================================================

2024-11-12 09:38:41,495 | INFO | 
==================================================
2024-11-12 09:38:41,495 | INFO | 12:38:41 ET | QUBT: $1.32 | NO SIGNAL - Price did not hit target entry of $1.45
2024-11-12 09:38:41,495 | INFO | ==================================================

2024-11-12 09:38:41,495 | INFO | 
==================================================
2024-11-12 09:38:41,496 | INFO | 12:38:41 ET | GEO: $24.53 | NO SIGNAL - Price did not hit target entry of $27.07
2024-11-12 09:38:41,496 | INFO | ==================================================

2024-11-12 09:38:41,496 | INFO | 
==================================================
2024-11-12 09:38:41,496 | INFO | 12:38:41 ET | APLD: $7.29 | NO SIGNAL - Price did not hit target entry of $8.00
2024-11-12 09:38:41,496 | INFO | ==================================================

2024-11-12 09:38:41,753 | INFO | 
==================================================
2024-11-12 09:38:41,753 | INFO | 12:38:41 ET | SLS: $1.34 | 🔴 SHORT SIGNAL | Target: $1.27
2024-11-12 09:38:41,753 | INFO | Order Details: 848 shares @ $1.34 = $1136.32
2024-11-12 09:38:41,753 | INFO | ✅ JUST TESTING: Order successfully placed and confirmed
2024-11-12 09:38:41,754 | INFO | ==================================================

2024-11-12 09:38:41,859 | INFO | 
==================================================
2024-11-12 09:38:41,859 | INFO | 12:38:41 ET | NVAX: $8.77 | NO SIGNAL - Price did not hit target entry of $9.65
2024-11-12 09:38:41,859 | INFO | ==================================================

2024-11-12 09:38:41,859 | INFO | 
==================================================
2024-11-12 09:38:41,859 | INFO | 12:38:41 ET | RDNT: $82.30 | NO SIGNAL - Price did not hit target entry of $90.04
2024-11-12 09:38:41,859 | INFO | ==================================================

2024-11-12 09:38:41,860 | INFO | 
==================================================
2024-11-12 09:38:41,860 | INFO | 12:38:41 ET | APLD: $7.28 | NO SIGNAL - Price did not hit target entry of $8.00
2024-11-12 09:38:41,860 | INFO | ==================================================

2024-11-12 09:38:42,890 | INFO | 
==================================================
2024-11-12 09:38:42,891 | INFO | 12:38:42 ET | XPEV: $13.78 | NO SIGNAL - Price did not hit target entry of $15.34
2024-11-12 09:38:42,891 | INFO | ==================================================

2024-11-12 09:38:42,998 | INFO | 
==================================================
2024-11-12 09:38:42,998 | INFO | 12:38:42 ET | XPEV: $13.78 | NO SIGNAL - Price did not hit target entry of $15.34
2024-11-12 09:38:42,998 | INFO | ==================================================

2024-11-12 09:38:42,999 | INFO | 
==================================================
2024-11-12 09:38:42,999 | INFO | 12:38:42 ET | TDOC: $9.78 | NO SIGNAL - Price did not hit target entry of $9.85
2024-11-12 09:38:42,999 | INFO | ==================================================

2024-11-12 09:38:43,000 | INFO | 
==================================================
2024-11-12 09:38:43,000 | INFO | 12:38:42 ET | CTV: $1.73 | NO SIGNAL - Price did not hit target entry of $1.95
2024-11-12 09:38:43,000 | INFO | ==================================================

2024-11-12 09:38:43,001 | INFO | 
==================================================
2024-11-12 09:38:43,001 | INFO | 12:38:42 ET | TNYA: $2.29 | NO SIGNAL - Price did not hit target entry of $2.81
2024-11-12 09:38:43,001 | INFO | ==================================================

2024-11-12 09:38:43,209 | INFO | 
==================================================
2024-11-12 09:38:43,209 | INFO | 12:38:42 ET | SMMT: $22.08 | 🔴 SHORT SIGNAL | Target: $21.82
2024-11-12 09:38:43,209 | INFO | Order Details: 49 shares @ $22.08 = $1081.92
2024-11-12 09:38:43,209 | INFO | ✅ JUST TESTING: Order successfully placed and confirmed
2024-11-12 09:38:43,210 | INFO | ==================================================

2024-11-12 09:38:43,311 | INFO | 
==================================================
2024-11-12 09:38:43,311 | INFO | 12:38:42 ET | AI: $27.33 | NO SIGNAL - Price did not hit target entry of $28.73
2024-11-12 09:38:43,311 | INFO | ==================================================

2024-11-12 09:38:43,312 | INFO | 
==================================================
2024-11-12 09:38:43,312 | INFO | 12:38:42 ET | CIFR: $7.34 | NO SIGNAL - Price did not hit target entry of $7.53
2024-11-12 09:38:43,312 | INFO | ==================================================

2024-11-12 09:38:43,312 | INFO | 
==================================================
2024-11-12 09:38:43,312 | INFO | 12:38:42 ET | BMY: $59.56 | NO SIGNAL - Price did not hit target entry of $60.17
2024-11-12 09:38:43,312 | INFO | ==================================================

2024-11-12 09:38:43,312 | INFO | 
==================================================
2024-11-12 09:38:43,312 | INFO | 12:38:42 ET | AQST: $4.94 | NO SIGNAL - Price did not hit target entry of $5.34
2024-11-12 09:38:43,312 | INFO | ==================================================

2024-11-12 09:38:43,313 | INFO | 
==================================================
2024-11-12 09:38:43,313 | INFO | 12:38:42 ET | GEO: $24.53 | NO SIGNAL - Price did not hit target entry of $27.07
2024-11-12 09:38:43,313 | INFO | ==================================================

2024-11-12 09:38:43,313 | INFO | 
==================================================
2024-11-12 09:38:43,313 | INFO | 12:38:42 ET | QUBT: $1.32 | NO SIGNAL - Price did not hit target entry of $1.45
2024-11-12 09:38:43,313 | INFO | ==================================================

2024-11-12 09:38:43,313 | INFO | 
==================================================
2024-11-12 09:38:43,313 | INFO | 12:38:42 ET | APLD: $7.28 | NO SIGNAL - Price did not hit target entry of $8.00
2024-11-12 09:38:43,313 | INFO | ==================================================

2024-11-12 09:38:43,583 | INFO | 
==================================================
2024-11-12 09:38:43,583 | INFO | 12:38:42 ET | SLS: $1.34 | 🔴 SHORT SIGNAL | Target: $1.27
2024-11-12 09:38:43,583 | INFO | Order Details: 848 shares @ $1.34 = $1136.32
2024-11-12 09:38:43,583 | INFO | ✅ JUST TESTING: Order successfully placed and confirmed
2024-11-12 09:38:43,585 | INFO | ==================================================

2024-11-12 09:38:44,006 | INFO | 
==================================================
2024-11-12 09:38:44,006 | INFO | 12:38:44 ET | XPEV: $13.79 | NO SIGNAL - Price did not hit target entry of $15.34
2024-11-12 09:38:44,006 | INFO | ==================================================

2024-11-12 09:38:44,007 | INFO | 
==================================================
2024-11-12 09:38:44,007 | INFO | 12:38:44 ET | MCRB: $0.66 | NO SIGNAL - Price did not hit target entry of $0.74
2024-11-12 09:38:44,008 | INFO | ==================================================

2024-11-12 09:38:44,008 | INFO | 
==================================================
2024-11-12 09:38:44,008 | INFO | 12:38:44 ET | BMY: $59.54 | NO SIGNAL - Price did not hit target entry of $60.17
2024-11-12 09:38:44,008 | INFO | ==================================================

2024-11-12 09:38:44,009 | INFO | 
==================================================
2024-11-12 09:38:44,009 | INFO | 12:38:44 ET | NVAX: $8.77 | NO SIGNAL - Price did not hit target entry of $9.65
2024-11-12 09:38:44,009 | INFO | ==================================================

2024-11-12 09:38:44,010 | INFO | 
==================================================
2024-11-12 09:38:44,010 | INFO | 12:38:44 ET | RDNT: $82.30 | NO SIGNAL - Price did not hit target entry of $90.04
2024-11-12 09:38:44,010 | INFO | ==================================================

2024-11-12 09:38:46,610 | INFO | 
==================================================
2024-11-12 09:38:46,611 | INFO | 12:38:46 ET | BMY: $59.53 | NO SIGNAL - Price did not hit target entry of $60.17
2024-11-12 09:38:46,611 | INFO | ==================================================

2024-11-12 09:38:55,553 | INFO | 
==================================================
2024-11-12 09:38:55,553 | INFO | 12:38:55 ET | XPEV: $13.79 | NO SIGNAL - Price did not hit target entry of $15.34
2024-11-12 09:38:55,553 | INFO | ==================================================

2024-11-12 09:38:55,554 | INFO | 
==================================================
2024-11-12 09:38:55,554 | INFO | 12:38:55 ET | MCRB: $0.66 | NO SIGNAL - Price did not hit target entry of $0.74
2024-11-12 09:38:55,554 | INFO | ==================================================

2024-11-12 09:38:55,554 | INFO | 
==================================================
2024-11-12 09:38:55,554 | INFO | 12:38:55 ET | TDOC: $9.78 | NO SIGNAL - Price did not hit target entry of $9.85
2024-11-12 09:38:55,554 | INFO | ==================================================

2024-11-12 09:38:55,554 | INFO | 
==================================================
2024-11-12 09:38:55,554 | INFO | 12:38:55 ET | CTV: $1.73 | NO SIGNAL - Price did not hit target entry of $1.95
2024-11-12 09:38:55,554 | INFO | ==================================================

2024-11-12 09:38:55,554 | INFO | 
==================================================
2024-11-12 09:38:55,554 | INFO | 12:38:55 ET | TNYA: $2.29 | NO SIGNAL - Price did not hit target entry of $2.81
2024-11-12 09:38:55,554 | INFO | ==================================================

2024-11-12 09:38:55,882 | INFO | 
==================================================
2024-11-12 09:38:55,883 | INFO | 12:38:55 ET | SMMT: $22.08 | 🔴 SHORT SIGNAL | Target: $21.82
2024-11-12 09:38:55,883 | INFO | Order Details: 49 shares @ $22.08 = $1081.92
2024-11-12 09:38:55,883 | INFO | ✅ JUST TESTING: Order successfully placed and confirmed
2024-11-12 09:38:55,890 | INFO | ==================================================

2024-11-12 09:38:56,000 | INFO | 
==================================================
2024-11-12 09:38:56,000 | INFO | 12:38:55 ET | AI: $27.33 | NO SIGNAL - Price did not hit target entry of $28.73
2024-11-12 09:38:56,001 | INFO | ==================================================

2024-11-12 09:38:56,002 | INFO | 
==================================================
2024-11-12 09:38:56,002 | INFO | 12:38:55 ET | CIFR: $7.34 | NO SIGNAL - Price did not hit target entry of $7.53
2024-11-12 09:38:56,002 | INFO | ==================================================

2024-11-12 09:38:56,003 | INFO | 
==================================================
2024-11-12 09:38:56,003 | INFO | 12:38:55 ET | BMY: $59.53 | NO SIGNAL - Price did not hit target entry of $60.17
2024-11-12 09:38:56,003 | INFO | ==================================================

2024-11-12 09:38:56,003 | INFO | 
==================================================
2024-11-12 09:38:56,003 | INFO | 12:38:55 ET | AQST: $4.94 | NO SIGNAL - Price did not hit target entry of $5.34
2024-11-12 09:38:56,003 | INFO | ==================================================

2024-11-12 09:38:56,004 | INFO | 
==================================================
2024-11-12 09:38:56,004 | INFO | 12:38:55 ET | GEO: $24.53 | NO SIGNAL - Price did not hit target entry of $27.07
2024-11-12 09:38:56,004 | INFO | ==================================================

2024-11-12 09:38:56,004 | INFO | 
==================================================
2024-11-12 09:38:56,004 | INFO | 12:38:55 ET | QUBT: $1.32 | NO SIGNAL - Price did not hit target entry of $1.45
2024-11-12 09:38:56,005 | INFO | ==================================================

2024-11-12 09:38:56,008 | INFO | 
==================================================
2024-11-12 09:38:56,008 | INFO | 12:38:55 ET | APLD: $7.28 | NO SIGNAL - Price did not hit target entry of $8.00
2024-11-12 09:38:56,009 | INFO | ==================================================

2024-11-12 09:38:56,425 | INFO | 
==================================================
2024-11-12 09:38:56,425 | INFO | 12:38:55 ET | SLS: $1.34 | 🔴 SHORT SIGNAL | Target: $1.27
2024-11-12 09:38:56,425 | INFO | Order Details: 848 shares @ $1.34 = $1136.32
2024-11-12 09:38:56,425 | INFO | ✅ JUST TESTING: Order successfully placed and confirmed
2024-11-12 09:38:56,426 | INFO | ==================================================

2024-11-12 09:38:56,531 | INFO | 
==================================================
2024-11-12 09:38:56,531 | INFO | 12:38:55 ET | NVAX: $8.77 | NO SIGNAL - Price did not hit target entry of $9.65
2024-11-12 09:38:56,531 | INFO | ==================================================

2024-11-12 09:38:56,532 | INFO | 
==================================================
2024-11-12 09:38:56,532 | INFO | 12:38:55 ET | RDNT: $82.30 | NO SIGNAL - Price did not hit target entry of $90.04
2024-11-12 09:38:56,532 | INFO | ==================================================

2024-11-12 09:38:58,087 | INFO | 
==================================================
2024-11-12 09:38:58,087 | INFO | 12:38:58 ET | AI: $27.37 | NO SIGNAL - Price did not hit target entry of $28.73
2024-11-12 09:38:58,087 | INFO | ==================================================

2024-11-12 09:39:01,715 | INFO | 
==================================================
2024-11-12 09:39:01,716 | INFO | 12:39:01 ET | NVAX: $8.76 | NO SIGNAL - Price did not hit target entry of $9.65
2024-11-12 09:39:01,716 | INFO | ==================================================

2024-11-12 09:39:03,371 | INFO | 
==================================================
2024-11-12 09:39:03,372 | INFO | 12:39:03 ET | NVAX: $8.75 | NO SIGNAL - Price did not hit target entry of $9.65
2024-11-12 09:39:03,372 | INFO | ==================================================

2024-11-12 09:39:04,405 | INFO | 
==================================================
2024-11-12 09:39:04,405 | INFO | 12:39:04 ET | NVAX: $8.74 | NO SIGNAL - Price did not hit target entry of $9.65
2024-11-12 09:39:04,405 | INFO | ==================================================

2024-11-12 09:39:06,390 | INFO | 
==================================================
2024-11-12 09:39:06,391 | INFO | 12:39:06 ET | BMY: $59.52 | NO SIGNAL - Price did not hit target entry of $60.17
2024-11-12 09:39:06,391 | INFO | ==================================================

2024-11-12 09:39:07,430 | INFO | 
==================================================
2024-11-12 09:39:07,430 | INFO | 12:39:07 ET | XPEV: $13.80 | NO SIGNAL - Price did not hit target entry of $15.34
2024-11-12 09:39:07,431 | INFO | ==================================================

2024-11-12 09:39:09,830 | INFO | 
==================================================
2024-11-12 09:39:09,831 | INFO | 12:39:09 ET | NVAX: $8.73 | NO SIGNAL - Price did not hit target entry of $9.65
2024-11-12 09:39:09,831 | INFO | ==================================================

2024-11-12 09:39:10,551 | INFO | Trading events saved to mock_stream/trading_events_20241112_093910.xlsx
2024-11-12 09:39:10,552 | INFO | Price details saved to mock_stream/details_20241112_093910.xlsx
