2024-11-12 13:08:38,620 | INFO | Logging to: logs/strategy_execution_20241112_130838.log
2024-11-12 13:08:38,620 | INFO | Starting VWAP spike strategy execution...
2024-11-12 13:08:38,620 | INFO | 
==================================================
2024-11-12 13:08:38,620 | INFO | Starting Strategy with Stocks:
2024-11-12 13:08:38,620 | INFO | LYFT   | Target Entry: $19.32
2024-11-12 13:08:38,620 | INFO | ==================================================

2024-11-12 13:08:38,620 | INFO | Starting pre-market tracking phase...
2024-11-12 13:08:38,620 | INFO | 
==================================================
2024-11-12 13:08:38,620 | INFO | Starting pre-market tracking...
2024-11-12 13:08:38,620 | INFO | Initial symbols: 1
2024-11-12 13:08:38,620 | INFO | Current time: 16:08:38 ET
2024-11-12 13:08:38,620 | INFO | Market opens at: 09:30:00 ET
2024-11-12 13:08:38,620 | INFO | ==================================================

2024-11-12 13:08:39,169 | INFO | 
==================================================
2024-11-12 13:08:39,169 | INFO | Starting main trading stream...
2024-11-12 13:08:39,169 | INFO | Tracking 1 symbols
2024-11-12 13:08:39,169 | INFO | Market open: 09:30:00 ET
2024-11-12 13:08:39,169 | INFO | Strategy end: 15:30:00 ET
2024-11-12 13:08:39,169 | INFO | ==================================================

