2024-11-11 21:36:02,244 | INFO | Logging to: logs/strategy_execution_20241111_213602.log
2024-11-11 21:36:02,244 | INFO | Starting VWAP spike strategy execution...
2024-11-11 21:36:02,244 | INFO | 
==================================================
2024-11-11 21:36:02,244 | INFO | Starting Strategy with Stocks:
2024-11-11 21:36:02,244 | INFO | BMY    | Target Entry: $60.17
2024-11-11 21:36:02,244 | INFO | QUBT   | Target Entry: $1.45
2024-11-11 21:36:02,244 | INFO | MCRB   | Target Entry: $0.74
2024-11-11 21:36:02,244 | INFO | SMMT   | Target Entry: $21.82
2024-11-11 21:36:02,244 | INFO | TNYA   | Target Entry: $2.81
2024-11-11 21:36:02,244 | INFO | TDOC   | Target Entry: $9.85
2024-11-11 21:36:02,244 | INFO | NVAX   | Target Entry: $9.65
2024-11-11 21:36:02,244 | INFO | CIFR   | Target Entry: $7.53
2024-11-11 21:36:02,244 | INFO | APLD   | Target Entry: $8.00
2024-11-11 21:36:02,244 | INFO | GEO    | Target Entry: $27.07
2024-11-11 21:36:02,244 | INFO | CTV    | Target Entry: $1.95
2024-11-11 21:36:02,244 | INFO | AI     | Target Entry: $28.73
2024-11-11 21:36:02,244 | INFO | AQST   | Target Entry: $5.34
2024-11-11 21:36:02,245 | INFO | RDNT   | Target Entry: $90.04
2024-11-11 21:36:02,245 | INFO | SLS    | Target Entry: $1.27
2024-11-11 21:36:02,245 | INFO | XPEV   | Target Entry: $15.34
2024-11-11 21:36:02,245 | INFO | ==================================================

2024-11-11 21:36:02,246 | INFO | Starting pre-market tracking phase...
2024-11-11 21:36:02,246 | INFO | 
==================================================
2024-11-11 21:36:02,246 | INFO | Starting pre-market tracking...
2024-11-11 21:36:02,246 | INFO | Initial symbols: 16
2024-11-11 21:36:02,246 | INFO | Current time: 00:00:00 ET
2024-11-11 21:36:02,246 | INFO | Market opens at: 09:30:00 ET
2024-11-11 21:36:02,246 | INFO | ==================================================

2024-11-11 21:36:02,247 | INFO | 2024-11-12 00:30:00 | MCRB REMOVED - Breached yesterday's high
2024-11-11 21:36:02,247 | INFO | 2024-11-12 00:30:00 | APLD REMOVED - Breached yesterday's high
2024-11-11 21:36:02,248 | INFO | 2024-11-12 00:30:00 | AI REMOVED - Breached yesterday's high
2024-11-11 21:36:02,248 | INFO | 
==================================================
2024-11-11 21:36:02,248 | INFO | Pre-market status - 00:30:00 ET
2024-11-11 21:36:02,248 | INFO | Hours until market open: 9.0
2024-11-11 21:36:02,248 | INFO | Symbols being tracked: 13
2024-11-11 21:36:02,248 | INFO | Symbols removed: 3
2024-11-11 21:36:02,248 | INFO | ==================================================

2024-11-11 21:36:02,354 | INFO | 2024-11-12 01:00:00 | QUBT New high: $1.48 | Yesterday High: $1.56
2024-11-11 21:36:02,354 | INFO | 2024-11-12 01:00:00 | SMMT New high: $23.05 | Yesterday High: $22.53
2024-11-11 21:36:02,355 | INFO | 2024-11-12 01:00:00 | SMMT REMOVED - Breached yesterday's high
2024-11-11 21:36:02,355 | INFO | 2024-11-12 01:00:00 | TNYA New high: $3.00 | Yesterday High: $3.03
2024-11-11 21:36:02,355 | INFO | 2024-11-12 01:00:00 | NVAX New high: $9.95 | Yesterday High: $10.74
2024-11-11 21:36:02,355 | INFO | 2024-11-12 01:00:00 | CIFR New high: $7.90 | Yesterday High: $7.95
2024-11-11 21:36:02,355 | INFO | 2024-11-12 01:00:00 | AQST New high: $5.31 | Yesterday High: $5.59
2024-11-11 21:36:02,356 | INFO | 2024-11-12 01:00:00 | XPEV New high: $15.15 | Yesterday High: $15.68
2024-11-11 21:36:02,462 | INFO | 2024-11-12 01:30:00 | TNYA New high: $3.05 | Yesterday High: $3.03
2024-11-11 21:36:02,462 | INFO | 2024-11-12 01:30:00 | TNYA REMOVED - Breached yesterday's high
2024-11-11 21:36:02,463 | INFO | 2024-11-12 01:30:00 | AQST New high: $5.67 | Yesterday High: $5.59
2024-11-11 21:36:02,464 | INFO | 2024-11-12 01:30:00 | AQST REMOVED - Breached yesterday's high
2024-11-11 21:36:02,464 | INFO | 2024-11-12 01:30:00 | RDNT New high: $92.85 | Yesterday High: $95.00
2024-11-11 21:36:02,464 | INFO | 
==================================================
2024-11-11 21:36:02,464 | INFO | Pre-market status - 01:30:00 ET
2024-11-11 21:36:02,464 | INFO | Hours until market open: 8.0
2024-11-11 21:36:02,464 | INFO | Symbols being tracked: 10
2024-11-11 21:36:02,464 | INFO | Symbols removed: 6
2024-11-11 21:36:02,464 | INFO | ==================================================

2024-11-11 21:36:02,571 | INFO | 2024-11-12 02:00:00 | BMY New high: $65.14 | Yesterday High: $62.35
2024-11-11 21:36:02,573 | INFO | 2024-11-12 02:00:00 | BMY REMOVED - Breached yesterday's high
2024-11-11 21:36:02,574 | INFO | 2024-11-12 02:00:00 | CIFR New high: $7.93 | Yesterday High: $7.95
2024-11-11 21:36:02,575 | INFO | 2024-11-12 02:00:00 | RDNT New high: $96.19 | Yesterday High: $95.00
2024-11-11 21:36:02,576 | INFO | 2024-11-12 02:00:00 | RDNT REMOVED - Breached yesterday's high
2024-11-11 21:36:02,682 | INFO | 2024-11-12 02:30:00 | CIFR New high: $8.05 | Yesterday High: $7.95
2024-11-11 21:36:02,682 | INFO | 2024-11-12 02:30:00 | CIFR REMOVED - Breached yesterday's high
2024-11-11 21:36:02,683 | INFO | 
==================================================
2024-11-11 21:36:02,683 | INFO | Pre-market status - 02:30:00 ET
2024-11-11 21:36:02,683 | INFO | Hours until market open: 7.0
2024-11-11 21:36:02,683 | INFO | Symbols being tracked: 7
2024-11-11 21:36:02,683 | INFO | Symbols removed: 9
2024-11-11 21:36:02,683 | INFO | ==================================================

2024-11-11 21:36:02,786 | INFO | 2024-11-12 03:00:00 | GEO New high: $28.62 | Yesterday High: $27.88
2024-11-11 21:36:02,786 | INFO | 2024-11-12 03:00:00 | GEO REMOVED - Breached yesterday's high
2024-11-11 21:36:02,895 | INFO | 
==================================================
2024-11-11 21:36:02,896 | INFO | Pre-market status - 03:30:00 ET
2024-11-11 21:36:02,896 | INFO | Hours until market open: 6.0
2024-11-11 21:36:02,896 | INFO | Symbols being tracked: 6
2024-11-11 21:36:02,896 | INFO | Symbols removed: 10
2024-11-11 21:36:02,896 | INFO | ==================================================

2024-11-11 21:36:03,002 | INFO | 2024-11-12 04:00:00 | CTV New high: $1.91 | Yesterday High: $2.00
2024-11-11 21:36:03,108 | INFO | 
==================================================
2024-11-11 21:36:03,109 | INFO | Pre-market status - 04:30:00 ET
2024-11-11 21:36:03,109 | INFO | Hours until market open: 5.0
2024-11-11 21:36:03,109 | INFO | Symbols being tracked: 6
2024-11-11 21:36:03,109 | INFO | Symbols removed: 10
2024-11-11 21:36:03,109 | INFO | ==================================================

2024-11-11 21:36:03,326 | INFO | 
==================================================
2024-11-11 21:36:03,327 | INFO | Pre-market status - 05:30:00 ET
2024-11-11 21:36:03,327 | INFO | Hours until market open: 4.0
2024-11-11 21:36:03,327 | INFO | Symbols being tracked: 6
2024-11-11 21:36:03,327 | INFO | Symbols removed: 10
2024-11-11 21:36:03,327 | INFO | ==================================================

2024-11-11 21:36:03,537 | INFO | 
==================================================
2024-11-11 21:36:03,537 | INFO | Pre-market status - 06:30:00 ET
2024-11-11 21:36:03,537 | INFO | Hours until market open: 3.0
2024-11-11 21:36:03,537 | INFO | Symbols being tracked: 6
2024-11-11 21:36:03,537 | INFO | Symbols removed: 10
2024-11-11 21:36:03,537 | INFO | ==================================================

2024-11-11 21:36:03,752 | INFO | 
==================================================
2024-11-11 21:36:03,752 | INFO | Pre-market status - 07:30:00 ET
2024-11-11 21:36:03,752 | INFO | Hours until market open: 2.0
2024-11-11 21:36:03,752 | INFO | Symbols being tracked: 6
2024-11-11 21:36:03,752 | INFO | Symbols removed: 10
2024-11-11 21:36:03,752 | INFO | ==================================================

2024-11-11 21:36:03,971 | INFO | 
==================================================
2024-11-11 21:36:03,971 | INFO | Pre-market status - 08:30:00 ET
2024-11-11 21:36:03,971 | INFO | Hours until market open: 1.0
2024-11-11 21:36:03,971 | INFO | Symbols being tracked: 6
2024-11-11 21:36:03,971 | INFO | Symbols removed: 10
2024-11-11 21:36:03,971 | INFO | ==================================================

2024-11-11 21:36:04,187 | INFO | 
==================================================
2024-11-11 21:36:04,188 | INFO | Pre-market status - 09:30:00 ET
2024-11-11 21:36:04,188 | INFO | Hours until market open: 0.0
2024-11-11 21:36:04,188 | INFO | Symbols being tracked: 6
2024-11-11 21:36:04,188 | INFO | Symbols removed: 10
2024-11-11 21:36:04,188 | INFO | ==================================================

2024-11-11 21:36:04,291 | INFO | 
==================================================
2024-11-11 21:36:04,291 | INFO | Pre-market tracking completed
2024-11-11 21:36:04,291 | INFO | Removed 10 symbols that exceeded yesterday's high:
2024-11-11 21:36:04,292 | INFO | - AI: Pre-market high $29.51 > Yesterday high $29.29
2024-11-11 21:36:04,293 | INFO | - APLD: Pre-market high $8.72 > Yesterday high $8.22
2024-11-11 21:36:04,293 | INFO | - AQST: Pre-market high $5.67 > Yesterday high $5.59
2024-11-11 21:36:04,293 | INFO | - BMY: Pre-market high $65.14 > Yesterday high $62.35
2024-11-11 21:36:04,293 | INFO | - CIFR: Pre-market high $8.05 > Yesterday high $7.95
2024-11-11 21:36:04,294 | INFO | - GEO: Pre-market high $28.62 > Yesterday high $27.88
2024-11-11 21:36:04,294 | INFO | - MCRB: Pre-market high $0.76 > Yesterday high $0.76
2024-11-11 21:36:04,294 | INFO | - RDNT: Pre-market high $96.19 > Yesterday high $95.00
2024-11-11 21:36:04,294 | INFO | - SMMT: Pre-market high $23.05 > Yesterday high $22.53
2024-11-11 21:36:04,294 | INFO | - TNYA: Pre-market high $3.05 > Yesterday high $3.03
2024-11-11 21:36:04,294 | INFO | Symbols remaining: 16 → 6
2024-11-11 21:36:04,295 | INFO | ==================================================

2024-11-11 21:36:04,295 | INFO | 
==================================================
2024-11-11 21:36:04,295 | INFO | Starting main trading stream...
2024-11-11 21:36:04,295 | INFO | Tracking 6 symbols
2024-11-11 21:36:04,295 | INFO | Market open: 09:30:00 ET
2024-11-11 21:36:04,295 | INFO | Strategy end: 15:30:00 ET
2024-11-11 21:36:04,295 | INFO | ==================================================

2024-11-11 21:36:04,296 | INFO | 
==================================================
2024-11-11 21:36:04,296 | INFO | Position Update - 10:00:00 ET
2024-11-11 21:36:04,296 | INFO | Active Positions: {}
2024-11-11 21:36:04,296 | INFO | Closed Positions: set()
2024-11-11 21:36:04,296 | INFO | ==================================================

2024-11-11 21:36:04,299 | INFO | 
==================================================
2024-11-11 21:36:04,299 | INFO | 10:00:00 ET | QUBT: $1.37 | NO SIGNAL - Price did not hit target entry of $1.45
2024-11-11 21:36:04,299 | INFO | ==================================================

2024-11-11 21:36:04,301 | INFO | 
==================================================
2024-11-11 21:36:04,301 | INFO | 10:00:00 ET | TDOC: $6.74 | NO SIGNAL - Price did not hit target entry of $9.85
2024-11-11 21:36:04,301 | INFO | ==================================================

2024-11-11 21:36:04,302 | INFO | 
==================================================
2024-11-11 21:36:04,302 | INFO | 10:00:00 ET | NVAX: $8.93 | NO SIGNAL - Price did not hit target entry of $9.65
2024-11-11 21:36:04,302 | INFO | ==================================================

2024-11-11 21:36:04,304 | INFO | 
==================================================
2024-11-11 21:36:04,304 | INFO | 10:00:00 ET | CTV: $1.73 | NO SIGNAL - Price did not hit target entry of $1.95
2024-11-11 21:36:04,304 | INFO | ==================================================

2024-11-11 21:36:04,305 | INFO | 
==================================================
2024-11-11 21:36:04,305 | INFO | 10:00:00 ET | SLS: $1.13 | NO SIGNAL - Price did not hit target entry of $1.27
2024-11-11 21:36:04,305 | INFO | ==================================================

2024-11-11 21:36:04,305 | INFO | 
==================================================
2024-11-11 21:36:04,305 | INFO | 10:00:00 ET | XPEV: $12.42 | NO SIGNAL - Price did not hit target entry of $15.34
2024-11-11 21:36:04,305 | INFO | ==================================================

2024-11-11 21:36:04,412 | INFO | 
==================================================
2024-11-11 21:36:04,412 | INFO | Position Update - 10:30:00 ET
2024-11-11 21:36:04,412 | INFO | Active Positions: {}
2024-11-11 21:36:04,412 | INFO | Closed Positions: set()
2024-11-11 21:36:04,412 | INFO | ==================================================

2024-11-11 21:36:04,416 | INFO | 
==================================================
2024-11-11 21:36:04,416 | INFO | 10:30:00 ET | QUBT: $1.29 | NO SIGNAL - Price did not hit target entry of $1.45
2024-11-11 21:36:04,416 | INFO | ==================================================

2024-11-11 21:36:04,419 | INFO | 
==================================================
2024-11-11 21:36:04,419 | INFO | 10:30:00 ET | TDOC: $6.41 | NO SIGNAL - Price did not hit target entry of $9.85
2024-11-11 21:36:04,419 | INFO | ==================================================

2024-11-11 21:36:04,421 | INFO | 
==================================================
2024-11-11 21:36:04,421 | INFO | 10:30:00 ET | NVAX: $8.98 | NO SIGNAL - Price did not hit target entry of $9.65
2024-11-11 21:36:04,421 | INFO | ==================================================

2024-11-11 21:36:04,423 | INFO | 
==================================================
2024-11-11 21:36:04,423 | INFO | 10:30:00 ET | CTV: $1.75 | NO SIGNAL - Price did not hit target entry of $1.95
2024-11-11 21:36:04,423 | INFO | ==================================================

2024-11-11 21:36:04,426 | INFO | 
==================================================
2024-11-11 21:36:04,426 | INFO | 10:30:00 ET | SLS: $1.15 | NO SIGNAL - Price did not hit target entry of $1.27
2024-11-11 21:36:04,426 | INFO | ==================================================

2024-11-11 21:36:04,428 | INFO | 
==================================================
2024-11-11 21:36:04,428 | INFO | 10:30:00 ET | XPEV: $12.21 | NO SIGNAL - Price did not hit target entry of $15.34
2024-11-11 21:36:04,428 | INFO | ==================================================

2024-11-11 21:36:04,534 | INFO | 
==================================================
2024-11-11 21:36:04,534 | INFO | Position Update - 11:00:00 ET
2024-11-11 21:36:04,534 | INFO | Active Positions: {}
2024-11-11 21:36:04,534 | INFO | Closed Positions: set()
2024-11-11 21:36:04,534 | INFO | ==================================================

2024-11-11 21:36:04,537 | INFO | 
==================================================
2024-11-11 21:36:04,537 | INFO | 11:00:00 ET | QUBT: $1.27 | NO SIGNAL - Price did not hit target entry of $1.45
2024-11-11 21:36:04,537 | INFO | ==================================================

2024-11-11 21:36:04,539 | INFO | 
==================================================
2024-11-11 21:36:04,539 | INFO | 11:00:00 ET | TDOC: $6.47 | NO SIGNAL - Price did not hit target entry of $9.85
2024-11-11 21:36:04,539 | INFO | ==================================================

2024-11-11 21:36:04,541 | INFO | 
==================================================
2024-11-11 21:36:04,541 | INFO | 11:00:00 ET | NVAX: $8.83 | NO SIGNAL - Price did not hit target entry of $9.65
2024-11-11 21:36:04,541 | INFO | ==================================================

2024-11-11 21:36:04,548 | INFO | 
==================================================
2024-11-11 21:36:04,548 | INFO | 11:00:00 ET | CTV: $1.78 | NO SIGNAL - Price did not hit target entry of $1.95
2024-11-11 21:36:04,548 | INFO | ==================================================

2024-11-11 21:36:04,551 | INFO | 
==================================================
2024-11-11 21:36:04,551 | INFO | 11:00:00 ET | SLS: $1.17 | NO SIGNAL - Price did not hit target entry of $1.27
2024-11-11 21:36:04,551 | INFO | ==================================================

2024-11-11 21:36:04,553 | INFO | 
==================================================
2024-11-11 21:36:04,553 | INFO | 11:00:00 ET | XPEV: $12.28 | NO SIGNAL - Price did not hit target entry of $15.34
2024-11-11 21:36:04,553 | INFO | ==================================================

2024-11-11 21:36:04,659 | INFO | 
==================================================
2024-11-11 21:36:04,659 | INFO | Position Update - 11:30:00 ET
2024-11-11 21:36:04,659 | INFO | Active Positions: {}
2024-11-11 21:36:04,659 | INFO | Closed Positions: set()
2024-11-11 21:36:04,659 | INFO | ==================================================

2024-11-11 21:36:04,662 | INFO | 
==================================================
2024-11-11 21:36:04,662 | INFO | 11:30:00 ET | QUBT: $1.28 | NO SIGNAL - Price did not hit target entry of $1.45
2024-11-11 21:36:04,662 | INFO | ==================================================

2024-11-11 21:36:04,665 | INFO | 
==================================================
2024-11-11 21:36:04,665 | INFO | 11:30:00 ET | TDOC: $6.35 | NO SIGNAL - Price did not hit target entry of $9.85
2024-11-11 21:36:04,665 | INFO | ==================================================

2024-11-11 21:36:04,667 | INFO | 
==================================================
2024-11-11 21:36:04,667 | INFO | 11:30:00 ET | NVAX: $8.94 | NO SIGNAL - Price did not hit target entry of $9.65
2024-11-11 21:36:04,667 | INFO | ==================================================

2024-11-11 21:36:04,669 | INFO | 
==================================================
2024-11-11 21:36:04,669 | INFO | 11:30:00 ET | CTV: $1.74 | NO SIGNAL - Price did not hit target entry of $1.95
2024-11-11 21:36:04,669 | INFO | ==================================================

2024-11-11 21:36:04,672 | INFO | 
==================================================
2024-11-11 21:36:04,672 | INFO | 11:30:00 ET | SLS: $1.14 | NO SIGNAL - Price did not hit target entry of $1.27
2024-11-11 21:36:04,672 | INFO | ==================================================

2024-11-11 21:36:04,673 | INFO | 
==================================================
2024-11-11 21:36:04,673 | INFO | 11:30:00 ET | XPEV: $12.45 | NO SIGNAL - Price did not hit target entry of $15.34
2024-11-11 21:36:04,673 | INFO | ==================================================

2024-11-11 21:36:04,775 | INFO | 
==================================================
2024-11-11 21:36:04,775 | INFO | Position Update - 12:00:00 ET
2024-11-11 21:36:04,775 | INFO | Active Positions: {}
2024-11-11 21:36:04,775 | INFO | Closed Positions: set()
2024-11-11 21:36:04,775 | INFO | ==================================================

2024-11-11 21:36:04,777 | INFO | 
==================================================
2024-11-11 21:36:04,777 | INFO | 12:00:00 ET | QUBT: $1.25 | NO SIGNAL - Price did not hit target entry of $1.45
2024-11-11 21:36:04,777 | INFO | ==================================================

2024-11-11 21:36:04,780 | INFO | 
==================================================
2024-11-11 21:36:04,780 | INFO | 12:00:00 ET | TDOC: $6.26 | NO SIGNAL - Price did not hit target entry of $9.85
2024-11-11 21:36:04,780 | INFO | ==================================================

2024-11-11 21:36:04,780 | INFO | 
==================================================
2024-11-11 21:36:04,780 | INFO | 12:00:00 ET | NVAX: $8.84 | NO SIGNAL - Price did not hit target entry of $9.65
2024-11-11 21:36:04,780 | INFO | ==================================================

2024-11-11 21:36:04,782 | INFO | 
==================================================
2024-11-11 21:36:04,782 | INFO | 12:00:00 ET | CTV: $1.78 | NO SIGNAL - Price did not hit target entry of $1.95
2024-11-11 21:36:04,782 | INFO | ==================================================

2024-11-11 21:36:04,784 | INFO | 
==================================================
2024-11-11 21:36:04,784 | INFO | 12:00:00 ET | SLS: $1.14 | NO SIGNAL - Price did not hit target entry of $1.27
2024-11-11 21:36:04,784 | INFO | ==================================================

2024-11-11 21:36:04,785 | INFO | 
==================================================
2024-11-11 21:36:04,785 | INFO | 12:00:00 ET | XPEV: $12.68 | NO SIGNAL - Price did not hit target entry of $15.34
2024-11-11 21:36:04,785 | INFO | ==================================================

2024-11-11 21:36:04,887 | INFO | 
==================================================
2024-11-11 21:36:04,887 | INFO | Position Update - 12:30:00 ET
2024-11-11 21:36:04,887 | INFO | Active Positions: {}
2024-11-11 21:36:04,887 | INFO | Closed Positions: set()
2024-11-11 21:36:04,887 | INFO | ==================================================

2024-11-11 21:36:04,890 | INFO | 
==================================================
2024-11-11 21:36:04,890 | INFO | 12:30:00 ET | QUBT: $1.27 | NO SIGNAL - Price did not hit target entry of $1.45
2024-11-11 21:36:04,890 | INFO | ==================================================

2024-11-11 21:36:04,892 | INFO | 
==================================================
2024-11-11 21:36:04,893 | INFO | 12:30:00 ET | TDOC: $6.12 | NO SIGNAL - Price did not hit target entry of $9.85
2024-11-11 21:36:04,893 | INFO | ==================================================

2024-11-11 21:36:04,894 | INFO | 
==================================================
2024-11-11 21:36:04,894 | INFO | 12:30:00 ET | NVAX: $8.48 | NO SIGNAL - Price did not hit target entry of $9.65
2024-11-11 21:36:04,894 | INFO | ==================================================

2024-11-11 21:36:04,896 | INFO | 
==================================================
2024-11-11 21:36:04,896 | INFO | 12:30:00 ET | CTV: $1.80 | NO SIGNAL - Price did not hit target entry of $1.95
2024-11-11 21:36:04,896 | INFO | ==================================================

2024-11-11 21:36:04,898 | INFO | 
==================================================
2024-11-11 21:36:04,898 | INFO | 12:30:00 ET | SLS: $1.12 | NO SIGNAL - Price did not hit target entry of $1.27
2024-11-11 21:36:04,898 | INFO | ==================================================

2024-11-11 21:36:04,899 | INFO | 
==================================================
2024-11-11 21:36:04,900 | INFO | 12:30:00 ET | XPEV: $12.77 | NO SIGNAL - Price did not hit target entry of $15.34
2024-11-11 21:36:04,900 | INFO | ==================================================

2024-11-11 21:36:05,005 | INFO | 
==================================================
2024-11-11 21:36:05,006 | INFO | Position Update - 13:00:00 ET
2024-11-11 21:36:05,006 | INFO | Active Positions: {}
2024-11-11 21:36:05,006 | INFO | Closed Positions: set()
2024-11-11 21:36:05,006 | INFO | ==================================================

2024-11-11 21:36:05,008 | INFO | 
==================================================
2024-11-11 21:36:05,009 | INFO | 13:00:00 ET | QUBT: $1.26 | NO SIGNAL - Price did not hit target entry of $1.45
2024-11-11 21:36:05,009 | INFO | ==================================================

2024-11-11 21:36:05,011 | INFO | 
==================================================
2024-11-11 21:36:05,011 | INFO | 13:00:00 ET | TDOC: $6.20 | NO SIGNAL - Price did not hit target entry of $9.85
2024-11-11 21:36:05,011 | INFO | ==================================================

2024-11-11 21:36:05,013 | INFO | 
==================================================
2024-11-11 21:36:05,013 | INFO | 13:00:00 ET | NVAX: $8.42 | NO SIGNAL - Price did not hit target entry of $9.65
2024-11-11 21:36:05,013 | INFO | ==================================================

2024-11-11 21:36:05,016 | INFO | 
==================================================
2024-11-11 21:36:05,016 | INFO | 13:00:00 ET | CTV: $1.82 | NO SIGNAL - Price did not hit target entry of $1.95
2024-11-11 21:36:05,016 | INFO | ==================================================

2024-11-11 21:36:05,021 | INFO | 
==================================================
2024-11-11 21:36:05,021 | INFO | 13:00:00 ET | SLS: $1.10 | NO SIGNAL - Price did not hit target entry of $1.27
2024-11-11 21:36:05,021 | INFO | ==================================================

2024-11-11 21:36:05,022 | INFO | 
==================================================
2024-11-11 21:36:05,022 | INFO | 13:00:00 ET | XPEV: $13.17 | NO SIGNAL - Price did not hit target entry of $15.34
2024-11-11 21:36:05,022 | INFO | ==================================================

2024-11-11 21:36:05,128 | INFO | 
==================================================
2024-11-11 21:36:05,129 | INFO | Position Update - 13:30:00 ET
2024-11-11 21:36:05,129 | INFO | Active Positions: {}
2024-11-11 21:36:05,129 | INFO | Closed Positions: set()
2024-11-11 21:36:05,129 | INFO | ==================================================

2024-11-11 21:36:05,133 | INFO | 
==================================================
2024-11-11 21:36:05,133 | INFO | 13:30:00 ET | QUBT: $1.19 | NO SIGNAL - Price did not hit target entry of $1.45
2024-11-11 21:36:05,133 | INFO | ==================================================

2024-11-11 21:36:05,136 | INFO | 
==================================================
2024-11-11 21:36:05,136 | INFO | 13:30:00 ET | TDOC: $6.27 | NO SIGNAL - Price did not hit target entry of $9.85
2024-11-11 21:36:05,136 | INFO | ==================================================

2024-11-11 21:36:05,138 | INFO | 
==================================================
2024-11-11 21:36:05,138 | INFO | 13:30:00 ET | NVAX: $8.35 | NO SIGNAL - Price did not hit target entry of $9.65
2024-11-11 21:36:05,138 | INFO | ==================================================

2024-11-11 21:36:05,141 | INFO | 
==================================================
2024-11-11 21:36:05,141 | INFO | 13:30:00 ET | CTV: $1.79 | NO SIGNAL - Price did not hit target entry of $1.95
2024-11-11 21:36:05,141 | INFO | ==================================================

2024-11-11 21:36:05,144 | INFO | 
==================================================
2024-11-11 21:36:05,144 | INFO | 13:30:00 ET | SLS: $1.08 | NO SIGNAL - Price did not hit target entry of $1.27
2024-11-11 21:36:05,144 | INFO | ==================================================

2024-11-11 21:36:05,145 | INFO | 
==================================================
2024-11-11 21:36:05,145 | INFO | 13:30:00 ET | XPEV: $13.32 | NO SIGNAL - Price did not hit target entry of $15.34
2024-11-11 21:36:05,145 | INFO | ==================================================

2024-11-11 21:36:05,247 | INFO | 
==================================================
2024-11-11 21:36:05,247 | INFO | Position Update - 14:00:00 ET
2024-11-11 21:36:05,247 | INFO | Active Positions: {}
2024-11-11 21:36:05,247 | INFO | Closed Positions: set()
2024-11-11 21:36:05,247 | INFO | ==================================================

2024-11-11 21:36:05,250 | INFO | 
==================================================
2024-11-11 21:36:05,251 | INFO | 14:00:00 ET | QUBT: $1.17 | NO SIGNAL - Price did not hit target entry of $1.45
2024-11-11 21:36:05,251 | INFO | ==================================================

2024-11-11 21:36:05,254 | INFO | 
==================================================
2024-11-11 21:36:05,254 | INFO | 14:00:00 ET | TDOC: $6.13 | NO SIGNAL - Price did not hit target entry of $9.85
2024-11-11 21:36:05,254 | INFO | ==================================================

2024-11-11 21:36:05,255 | INFO | 
==================================================
2024-11-11 21:36:05,255 | INFO | 14:00:00 ET | NVAX: $8.16 | NO SIGNAL - Price did not hit target entry of $9.65
2024-11-11 21:36:05,256 | INFO | ==================================================

2024-11-11 21:36:05,258 | INFO | 
==================================================
2024-11-11 21:36:05,258 | INFO | 14:00:00 ET | CTV: $1.82 | NO SIGNAL - Price did not hit target entry of $1.95
2024-11-11 21:36:05,258 | INFO | ==================================================

2024-11-11 21:36:05,260 | INFO | 
==================================================
2024-11-11 21:36:05,260 | INFO | 14:00:00 ET | SLS: $1.12 | NO SIGNAL - Price did not hit target entry of $1.27
2024-11-11 21:36:05,261 | INFO | ==================================================

2024-11-11 21:36:05,262 | INFO | 
==================================================
2024-11-11 21:36:05,262 | INFO | 14:00:00 ET | XPEV: $13.18 | NO SIGNAL - Price did not hit target entry of $15.34
2024-11-11 21:36:05,262 | INFO | ==================================================

2024-11-11 21:36:05,368 | INFO | 
==================================================
2024-11-11 21:36:05,369 | INFO | Position Update - 14:30:00 ET
2024-11-11 21:36:05,369 | INFO | Active Positions: {}
2024-11-11 21:36:05,369 | INFO | Closed Positions: set()
2024-11-11 21:36:05,369 | INFO | ==================================================

2024-11-11 21:36:05,372 | INFO | 
==================================================
2024-11-11 21:36:05,372 | INFO | 14:30:00 ET | QUBT: $1.19 | NO SIGNAL - Price did not hit target entry of $1.45
2024-11-11 21:36:05,372 | INFO | ==================================================

2024-11-11 21:36:05,375 | INFO | 
==================================================
2024-11-11 21:36:05,375 | INFO | 14:30:00 ET | TDOC: $6.27 | NO SIGNAL - Price did not hit target entry of $9.85
2024-11-11 21:36:05,375 | INFO | ==================================================

2024-11-11 21:36:05,376 | INFO | 
==================================================
2024-11-11 21:36:05,376 | INFO | 14:30:00 ET | NVAX: $8.02 | NO SIGNAL - Price did not hit target entry of $9.65
2024-11-11 21:36:05,376 | INFO | ==================================================

2024-11-11 21:36:05,379 | INFO | 
==================================================
2024-11-11 21:36:05,379 | INFO | 14:30:00 ET | CTV: $1.79 | NO SIGNAL - Price did not hit target entry of $1.95
2024-11-11 21:36:05,379 | INFO | ==================================================

2024-11-11 21:36:05,381 | INFO | 
==================================================
2024-11-11 21:36:05,381 | INFO | 14:30:00 ET | SLS: $1.11 | NO SIGNAL - Price did not hit target entry of $1.27
2024-11-11 21:36:05,381 | INFO | ==================================================

2024-11-11 21:36:05,383 | INFO | 
==================================================
2024-11-11 21:36:05,383 | INFO | 14:30:00 ET | XPEV: $13.01 | NO SIGNAL - Price did not hit target entry of $15.34
2024-11-11 21:36:05,383 | INFO | ==================================================

2024-11-11 21:36:05,486 | INFO | 
==================================================
2024-11-11 21:36:05,487 | INFO | Position Update - 15:00:00 ET
2024-11-11 21:36:05,487 | INFO | Active Positions: {}
2024-11-11 21:36:05,487 | INFO | Closed Positions: set()
2024-11-11 21:36:05,487 | INFO | ==================================================

2024-11-11 21:36:05,490 | INFO | 
==================================================
2024-11-11 21:36:05,490 | INFO | 15:00:00 ET | QUBT: $1.18 | NO SIGNAL - Price did not hit target entry of $1.45
2024-11-11 21:36:05,490 | INFO | ==================================================

2024-11-11 21:36:05,494 | INFO | 
==================================================
2024-11-11 21:36:05,494 | INFO | 15:00:00 ET | TDOC: $6.19 | NO SIGNAL - Price did not hit target entry of $9.85
2024-11-11 21:36:05,494 | INFO | ==================================================

2024-11-11 21:36:05,495 | INFO | 
==================================================
2024-11-11 21:36:05,495 | INFO | 15:00:00 ET | NVAX: $8.08 | NO SIGNAL - Price did not hit target entry of $9.65
2024-11-11 21:36:05,495 | INFO | ==================================================

2024-11-11 21:36:05,497 | INFO | 
==================================================
2024-11-11 21:36:05,498 | INFO | 15:00:00 ET | CTV: $1.83 | NO SIGNAL - Price did not hit target entry of $1.95
2024-11-11 21:36:05,498 | INFO | ==================================================

2024-11-11 21:36:05,501 | INFO | 
==================================================
2024-11-11 21:36:05,501 | INFO | 15:00:00 ET | SLS: $1.13 | NO SIGNAL - Price did not hit target entry of $1.27
2024-11-11 21:36:05,501 | INFO | ==================================================

2024-11-11 21:36:05,503 | INFO | 
==================================================
2024-11-11 21:36:05,503 | INFO | 15:00:00 ET | XPEV: $13.27 | NO SIGNAL - Price did not hit target entry of $15.34
2024-11-11 21:36:05,503 | INFO | ==================================================

2024-11-11 21:36:05,610 | INFO | 
==================================================
2024-11-11 21:36:05,610 | INFO | Position Update - 15:30:00 ET
2024-11-11 21:36:05,610 | INFO | Active Positions: {}
2024-11-11 21:36:05,610 | INFO | Closed Positions: set()
2024-11-11 21:36:05,610 | INFO | ==================================================

2024-11-11 21:36:05,613 | INFO | 
==================================================
2024-11-11 21:36:05,614 | INFO | 15:30:00 ET | QUBT: $1.11 | NO SIGNAL - Price did not hit target entry of $1.45
2024-11-11 21:36:05,614 | INFO | ==================================================

2024-11-11 21:36:05,616 | INFO | 
==================================================
2024-11-11 21:36:05,616 | INFO | 15:30:00 ET | TDOC: $6.09 | NO SIGNAL - Price did not hit target entry of $9.85
2024-11-11 21:36:05,617 | INFO | ==================================================

2024-11-11 21:36:05,618 | INFO | 
==================================================
2024-11-11 21:36:05,618 | INFO | 15:30:00 ET | NVAX: $7.98 | NO SIGNAL - Price did not hit target entry of $9.65
2024-11-11 21:36:05,618 | INFO | ==================================================

2024-11-11 21:36:05,621 | INFO | 
==================================================
2024-11-11 21:36:05,621 | INFO | 15:30:00 ET | CTV: $1.81 | NO SIGNAL - Price did not hit target entry of $1.95
2024-11-11 21:36:05,621 | INFO | ==================================================

2024-11-11 21:36:05,624 | INFO | 
==================================================
2024-11-11 21:36:05,624 | INFO | 15:30:00 ET | SLS: $1.08 | NO SIGNAL - Price did not hit target entry of $1.27
2024-11-11 21:36:05,625 | INFO | ==================================================

2024-11-11 21:36:05,626 | INFO | 
==================================================
2024-11-11 21:36:05,626 | INFO | 15:30:00 ET | XPEV: $13.55 | NO SIGNAL - Price did not hit target entry of $15.34
2024-11-11 21:36:05,626 | INFO | ==================================================

2024-11-11 21:36:05,757 | INFO | Trading events saved to mock_stream/trading_events_20241111_213605.xlsx
2024-11-11 21:36:05,757 | INFO | Price details saved to mock_stream/details_20241111_213605.xlsx
